[02:51:18] [biopython_sam ] === cascade start (host, max_iter=2) ===
[02:51:18] [biopython_sam ]     initial seeds: VCF=33  SAM=74
[02:51:18] [biopython_sam ] --- rep 0 ---
[02:51:18] [biopython_sam ]     seeds entering rep: {'vcf_total': 33, 'vcf_kept': 0, 'vcf_synthetic': 0, 'sam_total': 74, 'sam_kept': 0, 'sam_synthetic': 0}
[02:51:18] [biopython_sam ]     reset data/ + bug_reports/ (seeds + coverage_artifacts preserved — cumulative cascade)
[02:51:18] [biopython_sam ]     cmd: python harness_run.py --mode E1M --config biotest_config.rep0.yaml --phase D,E
[02:51:18] [biopython_sam ]     budget: 5400s (host)
[02:51:18] [biopython_sam ]     env: BIOTEST_MULTISHOT_K=2  BIOTEST_AUTO_INVOKE_PUBLIC_METHODS=1 (refine round 4)
[04:21:18] [biopython_sam ]     timeout after 5400s — sending CTRL_BREAK_EVENT (graceful)
[04:21:18] [biopython_sam ]     rep 0 exit=3221225786 elapsed=5400s
[04:21:19] [biopython_sam ]     -> line=53.30% covered=319/598 status=ok seeds_after={'vcf_total': 33, 'vcf_kept': 0, 'vcf_synthetic': 0, 'sam_total': 228, 'sam_kept': 154, 'sam_synthetic': 0}
[04:21:19] [biopython_sam ] --- rep 1 ---
[04:21:19] [biopython_sam ]     seeds entering rep: {'vcf_total': 33, 'vcf_kept': 0, 'vcf_synthetic': 0, 'sam_total': 228, 'sam_kept': 154, 'sam_synthetic': 0}
[04:21:26] [biopython_sam ]     reset data/ + bug_reports/ (seeds + coverage_artifacts preserved — cumulative cascade)
[04:21:26] [biopython_sam ]     cmd: python harness_run.py --mode E1M --config biotest_config.rep1.yaml --phase D,E
[04:21:26] [biopython_sam ]     budget: 5400s (host)
[04:21:26] [biopython_sam ]     env: BIOTEST_MULTISHOT_K=2  BIOTEST_AUTO_INVOKE_PUBLIC_METHODS=1 (refine round 4)
[05:51:26] [biopython_sam ]     timeout after 5400s — sending CTRL_BREAK_EVENT (graceful)
[05:51:26] [biopython_sam ]     rep 1 exit=3221225786 elapsed=5400s
[05:51:27] [biopython_sam ]     -> line=53.30% covered=319/598 status=ok seeds_after={'vcf_total': 33, 'vcf_kept': 0, 'vcf_synthetic': 0, 'sam_total': 580, 'sam_kept': 506, 'sam_synthetic': 0}
[05:51:27] [biopython_sam ] --- rep 2 ---
[05:51:27] [biopython_sam ]     seeds entering rep: {'vcf_total': 33, 'vcf_kept': 0, 'vcf_synthetic': 0, 'sam_total': 580, 'sam_kept': 506, 'sam_synthetic': 0}
[05:51:35] [biopython_sam ]     reset data/ + bug_reports/ (seeds + coverage_artifacts preserved — cumulative cascade)
[05:51:35] [biopython_sam ]     cmd: python harness_run.py --mode E1M --config biotest_config.rep2.yaml --phase D,E
[05:51:35] [biopython_sam ]     budget: 5400s (host)
[05:51:35] [biopython_sam ]     env: BIOTEST_MULTISHOT_K=2  BIOTEST_AUTO_INVOKE_PUBLIC_METHODS=1 (refine round 4)
[07:21:35] [biopython_sam ]     timeout after 5400s — sending CTRL_BREAK_EVENT (graceful)
[07:21:35] [biopython_sam ]     rep 2 exit=3221225786 elapsed=5400s
[07:21:36] [biopython_sam ]     -> line=3.00% covered=18/598 status=ok seeds_after={'vcf_total': 33, 'vcf_kept': 0, 'vcf_synthetic': 0, 'sam_total': 904, 'sam_kept': 825, 'sam_synthetic': 5}
[07:21:36] [biopython_sam ] === cascade complete (3 reps) ===
