[02:51:18] [htsjdk_sam    ] === cascade start (host, max_iter=2) ===
[02:51:18] [htsjdk_sam    ]     initial seeds: VCF=33  SAM=74
[02:51:18] [htsjdk_sam    ] --- rep 0 ---
[02:51:18] [htsjdk_sam    ]     seeds entering rep: {'vcf_total': 33, 'vcf_kept': 0, 'vcf_synthetic': 0, 'sam_total': 74, 'sam_kept': 0, 'sam_synthetic': 0}
[02:51:18] [htsjdk_sam    ]     reset data/ + bug_reports/ (seeds + coverage_artifacts preserved — cumulative cascade)
[02:51:18] [htsjdk_sam    ]     cmd: python harness_run.py --mode E1M --config biotest_config.rep0.yaml --phase D,E
[02:51:18] [htsjdk_sam    ]     budget: 5400s (host)
[02:51:18] [htsjdk_sam    ]     env: BIOTEST_MULTISHOT_K=2  BIOTEST_AUTO_INVOKE_PUBLIC_METHODS=1 (refine round 4)
[04:21:18] [htsjdk_sam    ]     timeout after 5400s — sending CTRL_BREAK_EVENT (graceful)
[04:21:18] [htsjdk_sam    ]     rep 0 exit=3221225786 elapsed=5400s
[04:21:21] [htsjdk_sam    ]     -> line=27.50% covered=1418/5154 status=ok seeds_after={'vcf_total': 33, 'vcf_kept': 0, 'vcf_synthetic': 0, 'sam_total': 300, 'sam_kept': 226, 'sam_synthetic': 0}
[04:21:21] [htsjdk_sam    ] --- rep 1 ---
[04:21:21] [htsjdk_sam    ]     seeds entering rep: {'vcf_total': 33, 'vcf_kept': 0, 'vcf_synthetic': 0, 'sam_total': 300, 'sam_kept': 226, 'sam_synthetic': 0}
[04:21:30] [htsjdk_sam    ]     reset data/ + bug_reports/ (seeds + coverage_artifacts preserved — cumulative cascade)
[04:21:30] [htsjdk_sam    ]     cmd: python harness_run.py --mode E1M --config biotest_config.rep1.yaml --phase D,E
[04:21:30] [htsjdk_sam    ]     budget: 5400s (host)
[04:21:30] [htsjdk_sam    ]     env: BIOTEST_MULTISHOT_K=2  BIOTEST_AUTO_INVOKE_PUBLIC_METHODS=1 (refine round 4)
[05:37:29] [htsjdk_sam    ]     rep 1 exit=0 elapsed=4559s
[05:37:32] [htsjdk_sam    ]     -> line=27.60% covered=1424/5154 status=ok seeds_after={'vcf_total': 33, 'vcf_kept': 0, 'vcf_synthetic': 0, 'sam_total': 598, 'sam_kept': 524, 'sam_synthetic': 0}
[05:37:32] [htsjdk_sam    ] --- rep 2 ---
[05:37:32] [htsjdk_sam    ]     seeds entering rep: {'vcf_total': 33, 'vcf_kept': 0, 'vcf_synthetic': 0, 'sam_total': 598, 'sam_kept': 524, 'sam_synthetic': 0}
[05:37:42] [htsjdk_sam    ]     reset data/ + bug_reports/ (seeds + coverage_artifacts preserved — cumulative cascade)
[05:37:42] [htsjdk_sam    ]     cmd: python harness_run.py --mode E1M --config biotest_config.rep2.yaml --phase D,E
[05:37:42] [htsjdk_sam    ]     budget: 5400s (host)
[05:37:42] [htsjdk_sam    ]     env: BIOTEST_MULTISHOT_K=2  BIOTEST_AUTO_INVOKE_PUBLIC_METHODS=1 (refine round 4)
[07:07:42] [htsjdk_sam    ]     timeout after 5400s — sending CTRL_BREAK_EVENT (graceful)
[07:07:42] [htsjdk_sam    ]     rep 2 exit=3221225786 elapsed=5400s
[07:07:44] [htsjdk_sam    ]     -> line=27.60% covered=1424/5154 status=ok seeds_after={'vcf_total': 33, 'vcf_kept': 0, 'vcf_synthetic': 0, 'sam_total': 1052, 'sam_kept': 978, 'sam_synthetic': 0}
[07:07:44] [htsjdk_sam    ] === cascade complete (3 reps) ===
