[07:27:33] [noodles_vcf   ] === cascade start (container, max_iter=2) ===
[07:27:33] [noodles_vcf   ]     initial seeds: VCF=33  SAM=74
[07:27:33] [noodles_vcf   ] --- rep 0 ---
[07:27:33] [noodles_vcf   ]     seeds entering rep: {'vcf_total': 33, 'vcf_kept': 0, 'vcf_synthetic': 0, 'sam_total': 74, 'sam_kept': 0, 'sam_synthetic': 0}
[07:27:33] [noodles_vcf   ]     reset data/ + bug_reports/ (seeds + coverage_artifacts preserved — cumulative cascade)
[07:27:33] [noodles_vcf   ]     cmd: docker exec biotest-bench-setup python3.12 harness_run.py --mode E1M ...
[07:27:33] [noodles_vcf   ]     budget: 5400s (container)
[07:55:08] [noodles_vcf   ]     rep 0 exit=0 elapsed=1655s
[07:55:12] [noodles_vcf   ]     -> line=34.90% covered=2648/7584 status=ok seeds_after={'vcf_total': 87, 'vcf_kept': 48, 'vcf_synthetic': 6, 'sam_total': 74, 'sam_kept': 0, 'sam_synthetic': 0}
[07:55:12] [noodles_vcf   ] --- rep 1 ---
[07:55:12] [noodles_vcf   ]     seeds entering rep: {'vcf_total': 87, 'vcf_kept': 48, 'vcf_synthetic': 6, 'sam_total': 74, 'sam_kept': 0, 'sam_synthetic': 0}
[07:55:13] [noodles_vcf   ]     reset data/ + bug_reports/ (seeds + coverage_artifacts preserved — cumulative cascade)
[07:55:13] [noodles_vcf   ]     cmd: docker exec biotest-bench-setup python3.12 harness_run.py --mode E1M ...
[07:55:13] [noodles_vcf   ]     budget: 5400s (container)
[08:31:22] [noodles_vcf   ]     rep 1 exit=0 elapsed=2168s
[08:31:31] [noodles_vcf   ]     -> line=37.40% covered=2836/7584 status=ok seeds_after={'vcf_total': 168, 'vcf_kept': 119, 'vcf_synthetic': 16, 'sam_total': 74, 'sam_kept': 0, 'sam_synthetic': 0}
[08:31:31] [noodles_vcf   ] --- rep 2 ---
[08:31:31] [noodles_vcf   ]     seeds entering rep: {'vcf_total': 168, 'vcf_kept': 119, 'vcf_synthetic': 16, 'sam_total': 74, 'sam_kept': 0, 'sam_synthetic': 0}
[08:31:33] [noodles_vcf   ]     reset data/ + bug_reports/ (seeds + coverage_artifacts preserved — cumulative cascade)
[08:31:33] [noodles_vcf   ]     cmd: docker exec biotest-bench-setup python3.12 harness_run.py --mode E1M ...
[08:31:33] [noodles_vcf   ]     budget: 5400s (container)
[09:14:15] [noodles_vcf   ]     rep 2 exit=0 elapsed=2561s
[09:14:33] [noodles_vcf   ]     -> line=37.60% covered=2853/7584 status=ok seeds_after={'vcf_total': 357, 'vcf_kept': 298, 'vcf_synthetic': 26, 'sam_total': 74, 'sam_kept': 0, 'sam_synthetic': 0}
[09:14:33] [noodles_vcf   ] === cascade complete (3 reps) ===
