[02:51:18] [noodles_vcf   ] === cascade start (container, max_iter=2) ===
[02:51:18] [noodles_vcf   ]     initial seeds: VCF=33  SAM=74
[02:51:18] [noodles_vcf   ] --- rep 0 ---
[02:51:18] [noodles_vcf   ]     seeds entering rep: {'vcf_total': 33, 'vcf_kept': 0, 'vcf_synthetic': 0, 'sam_total': 74, 'sam_kept': 0, 'sam_synthetic': 0}
[02:51:18] [noodles_vcf   ]     reset data/ + bug_reports/ (seeds + coverage_artifacts preserved — cumulative cascade)
[02:51:18] [noodles_vcf   ]     cmd: docker exec biotest-bench-setup python3.12 harness_run.py --mode E1M ...
[02:51:18] [noodles_vcf   ]     budget: 5400s (container)
[03:34:23] [noodles_vcf   ]     rep 0 exit=0 elapsed=2585s
[03:34:32] [noodles_vcf   ]     -> line=37.20% covered=2818/7584 status=ok seeds_after={'vcf_total': 135, 'vcf_kept': 88, 'vcf_synthetic': 14, 'sam_total': 74, 'sam_kept': 0, 'sam_synthetic': 0}
[03:34:32] [noodles_vcf   ] --- rep 1 ---
[03:34:32] [noodles_vcf   ]     seeds entering rep: {'vcf_total': 135, 'vcf_kept': 88, 'vcf_synthetic': 14, 'sam_total': 74, 'sam_kept': 0, 'sam_synthetic': 0}
[03:34:36] [noodles_vcf   ]     reset data/ + bug_reports/ (seeds + coverage_artifacts preserved — cumulative cascade)
[03:34:36] [noodles_vcf   ]     cmd: docker exec biotest-bench-setup python3.12 harness_run.py --mode E1M ...
[03:34:36] [noodles_vcf   ]     budget: 5400s (container)
[04:15:27] [noodles_vcf   ]     rep 1 exit=0 elapsed=2451s
[04:15:40] [noodles_vcf   ]     -> line=37.80% covered=2865/7584 status=ok seeds_after={'vcf_total': 238, 'vcf_kept': 181, 'vcf_synthetic': 24, 'sam_total': 74, 'sam_kept': 0, 'sam_synthetic': 0}
[04:15:40] [noodles_vcf   ] --- rep 2 ---
[04:15:40] [noodles_vcf   ]     seeds entering rep: {'vcf_total': 238, 'vcf_kept': 181, 'vcf_synthetic': 24, 'sam_total': 74, 'sam_kept': 0, 'sam_synthetic': 0}
[04:15:41] [noodles_vcf   ]     reset data/ + bug_reports/ (seeds + coverage_artifacts preserved — cumulative cascade)
[04:15:41] [noodles_vcf   ]     cmd: docker exec biotest-bench-setup python3.12 harness_run.py --mode E1M ...
[04:15:41] [noodles_vcf   ]     budget: 5400s (container)
[05:17:16] [noodles_vcf   ]     rep 2 exit=0 elapsed=3695s
[05:17:37] [noodles_vcf   ]     -> line=37.80% covered=2868/7584 status=ok seeds_after={'vcf_total': 492, 'vcf_kept': 425, 'vcf_synthetic': 34, 'sam_total': 74, 'sam_kept': 0, 'sam_synthetic': 0}
[05:17:37] [noodles_vcf   ] === cascade complete (3 reps) ===
