[07:27:33] [vcfpy_vcf     ] === cascade start (host, max_iter=2) ===
[07:27:33] [vcfpy_vcf     ]     initial seeds: VCF=33  SAM=74
[07:27:33] [vcfpy_vcf     ] --- rep 0 ---
[07:27:33] [vcfpy_vcf     ]     seeds entering rep: {'vcf_total': 33, 'vcf_kept': 0, 'vcf_synthetic': 0, 'sam_total': 74, 'sam_kept': 0, 'sam_synthetic': 0}
[07:27:33] [vcfpy_vcf     ]     reset data/ + bug_reports/ (seeds + coverage_artifacts preserved — cumulative cascade)
[07:27:33] [vcfpy_vcf     ]     cmd: python harness_run.py --mode E1M --config biotest_config.rep0.yaml --phase D,E
[07:27:33] [vcfpy_vcf     ]     budget: 5400s (host)
[08:41:14] [vcfpy_vcf     ]     rep 0 exit=0 elapsed=4420s
[08:41:15] [vcfpy_vcf     ]     -> line=62.80% covered=739/1176 status=ok seeds_after={'vcf_total': 33, 'vcf_kept': 0, 'vcf_synthetic': 0, 'sam_total': 74, 'sam_kept': 0, 'sam_synthetic': 0}
[08:41:15] [vcfpy_vcf     ] --- rep 1 ---
[08:41:15] [vcfpy_vcf     ]     seeds entering rep: {'vcf_total': 33, 'vcf_kept': 0, 'vcf_synthetic': 0, 'sam_total': 74, 'sam_kept': 0, 'sam_synthetic': 0}
[08:41:17] [vcfpy_vcf     ]     reset data/ + bug_reports/ (seeds + coverage_artifacts preserved — cumulative cascade)
[08:41:17] [vcfpy_vcf     ]     cmd: python harness_run.py --mode E1M --config biotest_config.rep1.yaml --phase D,E
[08:41:17] [vcfpy_vcf     ]     budget: 5400s (host)
[10:09:17] [vcfpy_vcf     ]     rep 1 exit=0 elapsed=5280s
[10:09:18] [vcfpy_vcf     ]     -> line=65.60% covered=771/1176 status=ok seeds_after={'vcf_total': 33, 'vcf_kept': 0, 'vcf_synthetic': 0, 'sam_total': 74, 'sam_kept': 0, 'sam_synthetic': 0}
[10:09:18] [vcfpy_vcf     ] --- rep 2 ---
[10:09:18] [vcfpy_vcf     ]     seeds entering rep: {'vcf_total': 33, 'vcf_kept': 0, 'vcf_synthetic': 0, 'sam_total': 74, 'sam_kept': 0, 'sam_synthetic': 0}
[10:09:21] [vcfpy_vcf     ]     reset data/ + bug_reports/ (seeds + coverage_artifacts preserved — cumulative cascade)
[10:09:21] [vcfpy_vcf     ]     cmd: python harness_run.py --mode E1M --config biotest_config.rep2.yaml --phase D,E
[10:09:21] [vcfpy_vcf     ]     budget: 5400s (host)
[11:19:30] [vcfpy_vcf     ]     rep 2 exit=0 elapsed=4210s
[11:19:32] [vcfpy_vcf     ]     -> line=62.80% covered=739/1176 status=ok seeds_after={'vcf_total': 33, 'vcf_kept': 0, 'vcf_synthetic': 0, 'sam_total': 74, 'sam_kept': 0, 'sam_synthetic': 0}
[11:19:32] [vcfpy_vcf     ] === cascade complete (3 reps) ===
