[chain_postfix] queued at Tue May  5 12:23:28 CDT 2026 — waits for v4b + e3 done markers
[12:23:37] [postfix] ===== chain_postfix start =====
[12:23:37] [postfix] Phase 1: waiting for ===CHAIN V4 DONE=== AND ===CHAIN E3 DONE===
[chain_postfix] re-launching at Tue May  5 12:28:00 CDT 2026 — reruns NOW in parallel with v4b mutation
[12:28:07] [postfix] ===== chain_postfix start (parallel with v4b mutation) =====
[12:28:07] [postfix] [E0] strand start
[12:28:07] [postfix] [E1S] strand start
[12:28:07] [postfix] strands launched: E0=72997 E1S=72998 E3=73000
[12:28:07] [postfix] [E3] strand start
[14:03:27] [postfix] [E1S] run_b/htsjdk_sam rc=0
[15:35:49] [postfix] [E3] strand done rc=0
[16:58:36] [postfix] [E0] strand done rc=0
[16:58:36] [postfix] E0 strand wait done rc=0
[18:16:29] [postfix] [E1S] run_d/htsjdk_{vcf,sam} rc=0
[18:16:29] [postfix] [E1S] strand done
[18:16:29] [postfix] E1S strand wait done rc=0
[18:16:29] [postfix] E3 strand wait done rc=0
[18:16:29] [postfix] all rerun strands done; waiting for ===CHAIN V4 DONE=== before re-mutation
[01:54:53] [postfix] both chains done — proceeding
[01:54:53] [postfix] [E1S] strand start
[01:54:59] [postfix] [E1S] run_b/htsjdk_sam rc=1
[01:55:00] [postfix] [E1S] run_d/htsjdk_{vcf,sam} rc=1
[01:55:00] [postfix] [E1S] strand done
[01:56:40] [postfix] both chains done — proceeding to refresh metrics
[01:56:40] [postfix] invalidating stale results_metrics for rerun cells
[01:56:52] [postfix] re-running mutation step (idempotent — fills only invalidated cells)
[01:56:52] [metrics_4rep] === config E0 ===
[01:56:52] [metrics_4rep] E0[a] htsjdk_vcf: skip — already has summary
[01:56:53] [metrics_4rep] E0[a] htsjdk_sam: skip — already has summary
[01:56:53] [metrics_4rep] E0[a] vcfpy_vcf: skip — already has summary
[01:56:53] [metrics_4rep] E0[a] noodles_vcf: skip — already has summary
[01:56:53] [metrics_4rep] E0[a] biopython_sam: skip — already has summary
[01:56:53] [metrics_4rep] E0[a] seqan3_sam: skip — already has summary
[01:56:53] [metrics_4rep] E0[b] htsjdk_vcf: skip — already has summary
[01:56:53] [metrics_4rep] E0[b] htsjdk_sam: skip — already has summary
[01:56:53] [metrics_4rep] E0[b] vcfpy_vcf: skip — already has summary
[01:56:53] [metrics_4rep] E0[b] noodles_vcf: skip — already has summary
[01:56:53] [metrics_4rep] E0[b] biopython_sam: launching (822 files, budget 1800s)
[02:11:19] [metrics_4rep] E0[b] biopython_sam: done — {'tool': 'atheris', 'sut': 'biopython', 'format': 'SAM', 'phase': 'mutation', 'target': '/opt/atheris-venv/lib/python3.11/site-packages/Bio/Align/sam.py', 'corpus_dir': '/work/compares/ApplicationStudy/E0_baseline/results_metrics/b/biopython_sam/combined_corpus', 'python_bin': '/opt/atheris-venv/bin/python', 'budget_s': 1800, 'per_mutant_timeout_s': 60, 'max_mutants': 0, 'shuffle_seed': 42, 'started_at': 1778050615.6755905, 'ended_at': 1778051480.2232246, 'duration_s': 864.55, 'baseline': {'total_files': 822, 'parse_success': 43, 'parse_fail': 779}, 'mutation_score': {'killed': 145, 'survived': 378, 'reachable': 523, 'score': 0.2772}, 'untested': 0, 'total_generated': 523, 'tested_operators': {'const_int': {'killed': 52, 'survived': 95}, 'cmp_swap': {'killed': 43, 'survived': 71}, 'const_NoneType': {'killed': 8, 'survived': 20}, 'const_str': {'killed': 37, 'survived': 131}, 'unary_not': {'killed': 2, 'survived': 1}, 'arith_swap': {'killed': 2, 'survived': 53}, 'const_bool': {'killed': 1, 'survived': 7}}}
[02:11:19] [metrics_4rep] E0[b] seqan3_sam: skip — already has summary
[02:11:19] [metrics_4rep] E0[c] htsjdk_vcf: skip — already has summary
[02:11:19] [metrics_4rep] E0[c] htsjdk_sam: skip — already has summary
[02:11:19] [metrics_4rep] E0[c] vcfpy_vcf: skip — already has summary
[02:11:19] [metrics_4rep] E0[c] noodles_vcf: skip — already has summary
[02:11:19] [metrics_4rep] E0[c] biopython_sam: skip — already has summary
[02:11:19] [metrics_4rep] E0[c] seqan3_sam: skip — already has summary
[02:11:19] [metrics_4rep] E0[d] htsjdk_vcf: skip — already has summary
[02:11:19] [metrics_4rep] E0[d] htsjdk_sam: skip — already has summary
[02:11:19] [metrics_4rep] E0[d] vcfpy_vcf: skip — already has summary
[02:11:19] [metrics_4rep] E0[d] noodles_vcf: skip — already has summary
[02:11:19] [metrics_4rep] E0[d] biopython_sam: skip — already has summary
[02:11:19] [metrics_4rep] E0[d] seqan3_sam: skip — already has summary
[02:11:19] [metrics_4rep] === config E1S ===
[02:11:19] [metrics_4rep] E1S[a] htsjdk_vcf: skip — already has summary
[02:11:19] [metrics_4rep] E1S[a] htsjdk_sam: skip — already has summary
[02:11:19] [metrics_4rep] E1S[a] vcfpy_vcf: skip — already has summary
[02:11:19] [metrics_4rep] E1S[a] noodles_vcf: skip — already has summary
[02:11:19] [metrics_4rep] E1S[a] biopython_sam: skip — already has summary
[02:11:19] [metrics_4rep] E1S[a] seqan3_sam: skip — already has summary
[02:11:19] [metrics_4rep] E1S[b] htsjdk_vcf: skip — already has summary
[02:11:19] [metrics_4rep] E1S[b] htsjdk_sam: skip — empty corpus
[02:11:19] [metrics_4rep] E1S[b] vcfpy_vcf: skip — already has summary
[02:11:19] [metrics_4rep] E1S[b] noodles_vcf: skip — already has summary
[02:11:19] [metrics_4rep] E1S[b] biopython_sam: skip — already has summary
[02:11:20] [metrics_4rep] E1S[b] seqan3_sam: skip — already has summary
[02:11:20] [metrics_4rep] E1S[c] htsjdk_vcf: skip — already has summary
[02:11:20] [metrics_4rep] E1S[c] htsjdk_sam: skip — already has summary
[02:11:20] [metrics_4rep] E1S[c] vcfpy_vcf: skip — already has summary
[02:11:20] [metrics_4rep] E1S[c] noodles_vcf: skip — already has summary
[02:11:20] [metrics_4rep] E1S[c] biopython_sam: skip — already has summary
[02:11:20] [metrics_4rep] E1S[c] seqan3_sam: skip — already has summary
[02:11:20] [metrics_4rep] E1S[d] htsjdk_vcf: skip — empty corpus
[02:11:20] [metrics_4rep] E1S[d] htsjdk_sam: skip — empty corpus
[02:11:20] [metrics_4rep] E1S[d] vcfpy_vcf: skip — already has summary
[02:11:20] [metrics_4rep] E1S[d] noodles_vcf: skip — already has summary
[02:11:20] [metrics_4rep] E1S[d] biopython_sam: skip — already has summary
[02:11:20] [metrics_4rep] E1S[d] seqan3_sam: skip — already has summary
[02:11:20] [metrics_4rep] === config E2 ===
[02:11:20] [metrics_4rep] E2[0] htsjdk_vcf: skip — already has summary
[02:11:20] [metrics_4rep] E2[0] htsjdk_sam: skip — already has summary
[02:11:20] [metrics_4rep] E2[0] vcfpy_vcf: skip — already has summary
[02:11:20] [metrics_4rep] E2[0] noodles_vcf: skip — already has summary
[02:11:20] [metrics_4rep] E2[0] biopython_sam: skip — already has summary
[02:11:20] [metrics_4rep] E2[0] seqan3_sam: skip — already has summary
[02:11:20] [metrics_4rep] E2[1] htsjdk_vcf: skip — already has summary
[02:11:20] [metrics_4rep] E2[1] htsjdk_sam: skip — already has summary
[02:11:20] [metrics_4rep] E2[1] vcfpy_vcf: skip — already has summary
[02:11:20] [metrics_4rep] E2[1] noodles_vcf: skip — already has summary
[02:11:20] [metrics_4rep] E2[1] biopython_sam: skip — already has summary
[02:11:20] [metrics_4rep] E2[1] seqan3_sam: skip — already has summary
[02:11:20] [metrics_4rep] E2[2] htsjdk_vcf: skip — already has summary
[02:11:20] [metrics_4rep] E2[2] htsjdk_sam: skip — already has summary
[02:11:20] [metrics_4rep] E2[2] vcfpy_vcf: skip — already has summary
[02:11:20] [metrics_4rep] E2[2] noodles_vcf: skip — already has summary
[02:11:20] [metrics_4rep] E2[2] biopython_sam: skip — already has summary
[02:11:20] [metrics_4rep] E2[2] seqan3_sam: skip — already has summary
[02:11:20] [metrics_4rep] E2[3] htsjdk_vcf: skip — already has summary
[02:11:20] [metrics_4rep] E2[3] htsjdk_sam: skip — already has summary
[02:11:20] [metrics_4rep] E2[3] vcfpy_vcf: skip — already has summary
[02:11:20] [metrics_4rep] E2[3] noodles_vcf: skip — already has summary
[02:11:20] [metrics_4rep] E2[3] biopython_sam: skip — already has summary
[02:11:20] [metrics_4rep] E2[3] seqan3_sam: skip — already has summary
[02:11:20] [metrics_4rep] === config E3 ===
[02:11:20] [metrics_4rep] E3[0] htsjdk_vcf: launching (516 files, budget 1800s)
[02:13:15] [metrics_4rep] E3[0] htsjdk_vcf: done — {'tool': 'biotest_E3_0', 'sut': 'htsjdk', 'format': 'VCF', 'phase': 'mutation', 'target_classes_n': 81, 'classes_with_mutations': 56, 'total_mutations': 2305, 'killed': 196, 'survived': 402, 'no_coverage': 1704, 'timed_out': 0, 'non_viable': 3, 'memory_error': 0, 'run_error': 0, 'reachable': 598, 'score': 0.327759, 'by_class_top5': [{'class': 'htsjdk.variant.vcf.AbstractVCFCodec', 'killed': 50, 'reachable': 141, 'score': 0.3546}, {'class': 'htsjdk.variant.variantcontext.VariantContext', 'killed': 20, 'reachable': 68, 'score': 0.2941}, {'class': 'htsjdk.variant.vcf.VCFHeader', 'killed': 11, 'reachable': 60, 'score': 0.1833}, {'class': 'htsjdk.variant.vcf.VCFCompoundHeaderLine', 'killed': 10, 'reachable': 58, 'score': 0.1724}, {'class': 'htsjdk.variant.variantcontext.Allele', 'killed': 37, 'reachable': 54, 'score': 0.6852}], 'corpus_dir': 'C:\\Users\\miaot\\Github\\BioTest\\compares\\ApplicationStudy\\E3_no_a_no_d\\results_metrics\\0\\htsjdk_vcf\\corpus_combined', 'baseline_json': 'C:\\Users\\miaot\\Github\\BioTest\\compares\\ApplicationStudy\\E3_no_a_no_d\\results_metrics\\0\\htsjdk_vcf\\baseline.json', 'mutations_xml': 'C:\\Users\\miaot\\Github\\BioTest\\compares\\ApplicationStudy\\E3_no_a_no_d\\results_metrics\\0\\htsjdk_vcf\\pit_report\\mutations.xml'}
[02:13:16] [metrics_4rep] E3[0] htsjdk_sam: launching (913 files, budget 1800s)
[02:14:32] [metrics_4rep] E3[0] htsjdk_sam: done — {'tool': 'biotest_E3_0', 'sut': 'htsjdk', 'format': 'SAM', 'phase': 'mutation', 'target_classes_n': 98, 'classes_with_mutations': 71, 'total_mutations': 3176, 'killed': 119, 'survived': 463, 'no_coverage': 2594, 'timed_out': 0, 'non_viable': 0, 'memory_error': 0, 'run_error': 0, 'reachable': 582, 'score': 0.204467, 'by_class_top5': [{'class': 'htsjdk.samtools.SAMRecord', 'killed': 34, 'reachable': 210, 'score': 0.1619}, {'class': 'htsjdk.samtools.SAMLineParser', 'killed': 16, 'reachable': 102, 'score': 0.1569}, {'class': 'htsjdk.samtools.SAMUtils', 'killed': 8, 'reachable': 35, 'score': 0.2286}, {'class': 'htsjdk.samtools.SAMTextHeaderCodec', 'killed': 6, 'reachable': 33, 'score': 0.1818}, {'class': 'htsjdk.samtools.SAMBinaryTagAndValue', 'killed': 3, 'reachable': 30, 'score': 0.1}], 'corpus_dir': 'C:\\Users\\miaot\\Github\\BioTest\\compares\\ApplicationStudy\\E3_no_a_no_d\\results_metrics\\0\\htsjdk_sam\\corpus_combined', 'baseline_json': 'C:\\Users\\miaot\\Github\\BioTest\\compares\\ApplicationStudy\\E3_no_a_no_d\\results_metrics\\0\\htsjdk_sam\\baseline.json', 'mutations_xml': 'C:\\Users\\miaot\\Github\\BioTest\\compares\\ApplicationStudy\\E3_no_a_no_d\\results_metrics\\0\\htsjdk_sam\\pit_report\\mutations.xml'}
[02:14:32] [metrics_4rep] E3[0] vcfpy_vcf: skip — already has summary
[02:14:33] [metrics_4rep] E3[0] noodles_vcf: launching (516 files, budget 1800s)
[02:37:40] [metrics_4rep] E3[0] noodles_vcf: done — {'killed': 27, 'survived': 272, 'caught': 21, 'timeout': 6, 'missed': 272, 'unviable': 184, 'baseline_success': 1, 'reachable': 299, 'mutant_count': 484, 'mutator_count': 0, 'score': 0.0903, 'score_display': '9.0%', 'tool': 'biotest', 'sut': 'noodles', 'format': 'VCF', 'phase': 'mutation', 'time_budget_s': 1800, 'cargo_mutants_exit_code': 3, 'cargo_mutants_duration_s': 1383.53, 'corpus_dir': 'C:\\Users\\miaot\\Github\\BioTest\\compares\\ApplicationStudy\\E3_no_a_no_d\\results_metrics\\0\\noodles_vcf\\combined_corpus', 'corpus_sample': 120, 'per_mutant_timeout_s': 60, 'paths_to_mutate': ['src/io/reader/**', 'src/record.rs', 'src/record/**', 'src/header.rs'], 'baseline_entries': 120}
[02:37:40] [metrics_4rep] E3[0] biopython_sam: skip — already has summary
[02:37:40] [metrics_4rep] E3[0] seqan3_sam: skip — already has summary
[02:37:41] [metrics_4rep] E3[1] htsjdk_vcf: launching (516 files, budget 1800s)
[02:39:34] [metrics_4rep] E3[1] htsjdk_vcf: done — {'tool': 'biotest_E3_1', 'sut': 'htsjdk', 'format': 'VCF', 'phase': 'mutation', 'target_classes_n': 81, 'classes_with_mutations': 56, 'total_mutations': 2305, 'killed': 196, 'survived': 401, 'no_coverage': 1704, 'timed_out': 0, 'non_viable': 3, 'memory_error': 0, 'run_error': 1, 'reachable': 597, 'score': 0.328308, 'by_class_top5': [{'class': 'htsjdk.variant.vcf.AbstractVCFCodec', 'killed': 50, 'reachable': 141, 'score': 0.3546}, {'class': 'htsjdk.variant.variantcontext.VariantContext', 'killed': 20, 'reachable': 68, 'score': 0.2941}, {'class': 'htsjdk.variant.vcf.VCFHeader', 'killed': 11, 'reachable': 60, 'score': 0.1833}, {'class': 'htsjdk.variant.vcf.VCFCompoundHeaderLine', 'killed': 10, 'reachable': 58, 'score': 0.1724}, {'class': 'htsjdk.variant.variantcontext.Allele', 'killed': 37, 'reachable': 54, 'score': 0.6852}], 'corpus_dir': 'C:\\Users\\miaot\\Github\\BioTest\\compares\\ApplicationStudy\\E3_no_a_no_d\\results_metrics\\1\\htsjdk_vcf\\corpus_combined', 'baseline_json': 'C:\\Users\\miaot\\Github\\BioTest\\compares\\ApplicationStudy\\E3_no_a_no_d\\results_metrics\\1\\htsjdk_vcf\\baseline.json', 'mutations_xml': 'C:\\Users\\miaot\\Github\\BioTest\\compares\\ApplicationStudy\\E3_no_a_no_d\\results_metrics\\1\\htsjdk_vcf\\pit_report\\mutations.xml'}
[02:39:34] [metrics_4rep] E3[1] htsjdk_sam: launching (913 files, budget 1800s)
[02:40:47] [metrics_4rep] E3[1] htsjdk_sam: done — {'tool': 'biotest_E3_1', 'sut': 'htsjdk', 'format': 'SAM', 'phase': 'mutation', 'target_classes_n': 98, 'classes_with_mutations': 71, 'total_mutations': 3176, 'killed': 119, 'survived': 463, 'no_coverage': 2594, 'timed_out': 0, 'non_viable': 0, 'memory_error': 0, 'run_error': 0, 'reachable': 582, 'score': 0.204467, 'by_class_top5': [{'class': 'htsjdk.samtools.SAMRecord', 'killed': 34, 'reachable': 210, 'score': 0.1619}, {'class': 'htsjdk.samtools.SAMLineParser', 'killed': 16, 'reachable': 102, 'score': 0.1569}, {'class': 'htsjdk.samtools.SAMUtils', 'killed': 8, 'reachable': 35, 'score': 0.2286}, {'class': 'htsjdk.samtools.SAMTextHeaderCodec', 'killed': 6, 'reachable': 33, 'score': 0.1818}, {'class': 'htsjdk.samtools.SAMBinaryTagAndValue', 'killed': 3, 'reachable': 30, 'score': 0.1}], 'corpus_dir': 'C:\\Users\\miaot\\Github\\BioTest\\compares\\ApplicationStudy\\E3_no_a_no_d\\results_metrics\\1\\htsjdk_sam\\corpus_combined', 'baseline_json': 'C:\\Users\\miaot\\Github\\BioTest\\compares\\ApplicationStudy\\E3_no_a_no_d\\results_metrics\\1\\htsjdk_sam\\baseline.json', 'mutations_xml': 'C:\\Users\\miaot\\Github\\BioTest\\compares\\ApplicationStudy\\E3_no_a_no_d\\results_metrics\\1\\htsjdk_sam\\pit_report\\mutations.xml'}
[02:40:47] [metrics_4rep] E3[1] vcfpy_vcf: skip — already has summary
[02:40:48] [metrics_4rep] E3[1] noodles_vcf: launching (516 files, budget 1800s)
[03:10:07] [metrics_4rep] E3[1] noodles_vcf: done — {'killed': 27, 'survived': 272, 'caught': 21, 'timeout': 6, 'missed': 272, 'unviable': 184, 'baseline_success': 1, 'reachable': 299, 'mutant_count': 484, 'mutator_count': 0, 'score': 0.0903, 'score_display': '9.0%', 'tool': 'biotest', 'sut': 'noodles', 'format': 'VCF', 'phase': 'mutation', 'time_budget_s': 1800, 'cargo_mutants_exit_code': 3, 'cargo_mutants_duration_s': 1755.94, 'corpus_dir': 'C:\\Users\\miaot\\Github\\BioTest\\compares\\ApplicationStudy\\E3_no_a_no_d\\results_metrics\\1\\noodles_vcf\\combined_corpus', 'corpus_sample': 120, 'per_mutant_timeout_s': 60, 'paths_to_mutate': ['src/io/reader/**', 'src/record.rs', 'src/record/**', 'src/header.rs'], 'baseline_entries': 120}
[03:10:07] [metrics_4rep] E3[1] biopython_sam: skip — already has summary
[03:10:07] [metrics_4rep] E3[1] seqan3_sam: skip — already has summary
[03:10:07] [metrics_4rep] E3[2] htsjdk_vcf: launching (516 files, budget 1800s)
[03:12:59] [metrics_4rep] E3[2] htsjdk_vcf: done — {'tool': 'biotest_E3_2', 'sut': 'htsjdk', 'format': 'VCF', 'phase': 'mutation', 'target_classes_n': 81, 'classes_with_mutations': 56, 'total_mutations': 2305, 'killed': 196, 'survived': 402, 'no_coverage': 1704, 'timed_out': 0, 'non_viable': 3, 'memory_error': 0, 'run_error': 0, 'reachable': 598, 'score': 0.327759, 'by_class_top5': [{'class': 'htsjdk.variant.vcf.AbstractVCFCodec', 'killed': 50, 'reachable': 141, 'score': 0.3546}, {'class': 'htsjdk.variant.variantcontext.VariantContext', 'killed': 20, 'reachable': 68, 'score': 0.2941}, {'class': 'htsjdk.variant.vcf.VCFHeader', 'killed': 11, 'reachable': 60, 'score': 0.1833}, {'class': 'htsjdk.variant.vcf.VCFCompoundHeaderLine', 'killed': 10, 'reachable': 58, 'score': 0.1724}, {'class': 'htsjdk.variant.variantcontext.Allele', 'killed': 37, 'reachable': 54, 'score': 0.6852}], 'corpus_dir': 'C:\\Users\\miaot\\Github\\BioTest\\compares\\ApplicationStudy\\E3_no_a_no_d\\results_metrics\\2\\htsjdk_vcf\\corpus_combined', 'baseline_json': 'C:\\Users\\miaot\\Github\\BioTest\\compares\\ApplicationStudy\\E3_no_a_no_d\\results_metrics\\2\\htsjdk_vcf\\baseline.json', 'mutations_xml': 'C:\\Users\\miaot\\Github\\BioTest\\compares\\ApplicationStudy\\E3_no_a_no_d\\results_metrics\\2\\htsjdk_vcf\\pit_report\\mutations.xml'}
[03:13:00] [metrics_4rep] E3[2] htsjdk_sam: launching (913 files, budget 1800s)
[03:15:04] [metrics_4rep] E3[2] htsjdk_sam: done — {'tool': 'biotest_E3_2', 'sut': 'htsjdk', 'format': 'SAM', 'phase': 'mutation', 'target_classes_n': 98, 'classes_with_mutations': 71, 'total_mutations': 3176, 'killed': 119, 'survived': 463, 'no_coverage': 2594, 'timed_out': 0, 'non_viable': 0, 'memory_error': 0, 'run_error': 0, 'reachable': 582, 'score': 0.204467, 'by_class_top5': [{'class': 'htsjdk.samtools.SAMRecord', 'killed': 34, 'reachable': 210, 'score': 0.1619}, {'class': 'htsjdk.samtools.SAMLineParser', 'killed': 16, 'reachable': 102, 'score': 0.1569}, {'class': 'htsjdk.samtools.SAMUtils', 'killed': 8, 'reachable': 35, 'score': 0.2286}, {'class': 'htsjdk.samtools.SAMTextHeaderCodec', 'killed': 6, 'reachable': 33, 'score': 0.1818}, {'class': 'htsjdk.samtools.SAMBinaryTagAndValue', 'killed': 3, 'reachable': 30, 'score': 0.1}], 'corpus_dir': 'C:\\Users\\miaot\\Github\\BioTest\\compares\\ApplicationStudy\\E3_no_a_no_d\\results_metrics\\2\\htsjdk_sam\\corpus_combined', 'baseline_json': 'C:\\Users\\miaot\\Github\\BioTest\\compares\\ApplicationStudy\\E3_no_a_no_d\\results_metrics\\2\\htsjdk_sam\\baseline.json', 'mutations_xml': 'C:\\Users\\miaot\\Github\\BioTest\\compares\\ApplicationStudy\\E3_no_a_no_d\\results_metrics\\2\\htsjdk_sam\\pit_report\\mutations.xml'}
[03:15:04] [metrics_4rep] E3[2] vcfpy_vcf: skip — already has summary
[03:15:05] [metrics_4rep] E3[2] noodles_vcf: launching (516 files, budget 1800s)
[03:50:12] [metrics_4rep] E3[2] noodles_vcf: done — {'killed': 27, 'survived': 209, 'caught': 20, 'timeout': 7, 'missed': 209, 'unviable': 137, 'baseline_success': 1, 'reachable': 236, 'mutant_count': 374, 'mutator_count': 0, 'score': 0.1144, 'score_display': '11.4%', 'tool': 'biotest', 'sut': 'noodles', 'format': 'VCF', 'phase': 'mutation', 'time_budget_s': 1800, 'cargo_mutants_exit_code': -1, 'cargo_mutants_duration_s': 2100.04, 'corpus_dir': 'C:\\Users\\miaot\\Github\\BioTest\\compares\\ApplicationStudy\\E3_no_a_no_d\\results_metrics\\2\\noodles_vcf\\combined_corpus', 'corpus_sample': 120, 'per_mutant_timeout_s': 60, 'paths_to_mutate': ['src/io/reader/**', 'src/record.rs', 'src/record/**', 'src/header.rs'], 'baseline_entries': 120}
[03:50:12] [metrics_4rep] E3[2] biopython_sam: skip — already has summary
[03:50:12] [metrics_4rep] E3[2] seqan3_sam: skip — already has summary
[03:50:12] [metrics_4rep] E3[3] htsjdk_vcf: launching (516 files, budget 1800s)
[03:53:04] [metrics_4rep] E3[3] htsjdk_vcf: done — {'tool': 'biotest_E3_3', 'sut': 'htsjdk', 'format': 'VCF', 'phase': 'mutation', 'target_classes_n': 81, 'classes_with_mutations': 56, 'total_mutations': 2305, 'killed': 196, 'survived': 402, 'no_coverage': 1704, 'timed_out': 0, 'non_viable': 3, 'memory_error': 0, 'run_error': 0, 'reachable': 598, 'score': 0.327759, 'by_class_top5': [{'class': 'htsjdk.variant.vcf.AbstractVCFCodec', 'killed': 50, 'reachable': 141, 'score': 0.3546}, {'class': 'htsjdk.variant.variantcontext.VariantContext', 'killed': 20, 'reachable': 68, 'score': 0.2941}, {'class': 'htsjdk.variant.vcf.VCFHeader', 'killed': 11, 'reachable': 60, 'score': 0.1833}, {'class': 'htsjdk.variant.vcf.VCFCompoundHeaderLine', 'killed': 10, 'reachable': 58, 'score': 0.1724}, {'class': 'htsjdk.variant.variantcontext.Allele', 'killed': 37, 'reachable': 54, 'score': 0.6852}], 'corpus_dir': 'C:\\Users\\miaot\\Github\\BioTest\\compares\\ApplicationStudy\\E3_no_a_no_d\\results_metrics\\3\\htsjdk_vcf\\corpus_combined', 'baseline_json': 'C:\\Users\\miaot\\Github\\BioTest\\compares\\ApplicationStudy\\E3_no_a_no_d\\results_metrics\\3\\htsjdk_vcf\\baseline.json', 'mutations_xml': 'C:\\Users\\miaot\\Github\\BioTest\\compares\\ApplicationStudy\\E3_no_a_no_d\\results_metrics\\3\\htsjdk_vcf\\pit_report\\mutations.xml'}
[03:53:04] [metrics_4rep] E3[3] htsjdk_sam: launching (913 files, budget 1800s)
[03:55:11] [metrics_4rep] E3[3] htsjdk_sam: done — {'tool': 'biotest_E3_3', 'sut': 'htsjdk', 'format': 'SAM', 'phase': 'mutation', 'target_classes_n': 98, 'classes_with_mutations': 71, 'total_mutations': 3176, 'killed': 119, 'survived': 463, 'no_coverage': 2594, 'timed_out': 0, 'non_viable': 0, 'memory_error': 0, 'run_error': 0, 'reachable': 582, 'score': 0.204467, 'by_class_top5': [{'class': 'htsjdk.samtools.SAMRecord', 'killed': 34, 'reachable': 210, 'score': 0.1619}, {'class': 'htsjdk.samtools.SAMLineParser', 'killed': 16, 'reachable': 102, 'score': 0.1569}, {'class': 'htsjdk.samtools.SAMUtils', 'killed': 8, 'reachable': 35, 'score': 0.2286}, {'class': 'htsjdk.samtools.SAMTextHeaderCodec', 'killed': 6, 'reachable': 33, 'score': 0.1818}, {'class': 'htsjdk.samtools.SAMBinaryTagAndValue', 'killed': 3, 'reachable': 30, 'score': 0.1}], 'corpus_dir': 'C:\\Users\\miaot\\Github\\BioTest\\compares\\ApplicationStudy\\E3_no_a_no_d\\results_metrics\\3\\htsjdk_sam\\corpus_combined', 'baseline_json': 'C:\\Users\\miaot\\Github\\BioTest\\compares\\ApplicationStudy\\E3_no_a_no_d\\results_metrics\\3\\htsjdk_sam\\baseline.json', 'mutations_xml': 'C:\\Users\\miaot\\Github\\BioTest\\compares\\ApplicationStudy\\E3_no_a_no_d\\results_metrics\\3\\htsjdk_sam\\pit_report\\mutations.xml'}
[03:55:11] [metrics_4rep] E3[3] vcfpy_vcf: skip — already has summary
[03:55:12] [metrics_4rep] E3[3] noodles_vcf: launching (516 files, budget 1800s)
[04:30:18] [metrics_4rep] E3[3] noodles_vcf: done — {'killed': 27, 'survived': 255, 'caught': 21, 'timeout': 6, 'missed': 255, 'unviable': 171, 'baseline_success': 1, 'reachable': 282, 'mutant_count': 454, 'mutator_count': 0, 'score': 0.0957, 'score_display': '9.6%', 'tool': 'biotest', 'sut': 'noodles', 'format': 'VCF', 'phase': 'mutation', 'time_budget_s': 1800, 'cargo_mutants_exit_code': -1, 'cargo_mutants_duration_s': 2100.05, 'corpus_dir': 'C:\\Users\\miaot\\Github\\BioTest\\compares\\ApplicationStudy\\E3_no_a_no_d\\results_metrics\\3\\noodles_vcf\\combined_corpus', 'corpus_sample': 120, 'per_mutant_timeout_s': 60, 'paths_to_mutate': ['src/io/reader/**', 'src/record.rs', 'src/record/**', 'src/header.rs'], 'baseline_entries': 120}
[04:30:18] [metrics_4rep] E3[3] biopython_sam: skip — already has summary
[04:30:18] [metrics_4rep] E3[3] seqan3_sam: skip — already has summary
[04:30:18] [metrics_4rep] done
[04:30:18] [postfix] mutation rc=0
[04:30:18] [postfix] re-running bug_bench step
[04:30:19] [metrics_4rep] === config E0 ===
[04:30:19] [metrics_4rep] E0[a] bug_bench: skip — already done
[04:30:19] [metrics_4rep] E0[b] bug_bench: skip — already done
[04:30:19] [metrics_4rep] E0[c] bug_bench: skip — already done
[04:30:19] [metrics_4rep] E0[d] bug_bench: skip — already done
[04:30:19] [metrics_4rep] === config E1S ===
[04:30:19] [metrics_4rep] E1S[a] bug_bench: skip — already done
[04:30:19] [metrics_4rep] E1S[b] bug_bench: launching
[04:35:59] [metrics_4rep] E1S[b] bug_bench: done (exit 0)
[04:35:59] [metrics_4rep] E1S[c] bug_bench: skip — already done
[04:35:59] [metrics_4rep] E1S[d] bug_bench: launching
[04:37:56] [metrics_4rep] E1S[d] bug_bench: done (exit 0)
[04:37:56] [metrics_4rep] === config E1M ===
[04:37:56] [metrics_4rep] E1M[a] bug_bench: skip — corpus dirs missing
[04:37:56] [metrics_4rep] E1M[b] bug_bench: skip — corpus dirs missing
[04:37:56] [metrics_4rep] E1M[c] bug_bench: skip — corpus dirs missing
[04:37:56] [metrics_4rep] E1M[d] bug_bench: skip — corpus dirs missing
[04:37:56] [metrics_4rep] === config E2 ===
[04:37:56] [metrics_4rep] E2[0] bug_bench: skip — already done
[04:37:56] [metrics_4rep] E2[1] bug_bench: skip — already done
[04:37:56] [metrics_4rep] E2[2] bug_bench: skip — already done
[04:37:56] [metrics_4rep] E2[3] bug_bench: skip — already done
[04:37:56] [metrics_4rep] === config E3 ===
[04:37:56] [metrics_4rep] E3[0] bug_bench: launching
[04:45:57] [metrics_4rep] E3[0] bug_bench: done (exit 0)
[04:45:57] [metrics_4rep] E3[1] bug_bench: launching
[04:53:08] [metrics_4rep] E3[1] bug_bench: done (exit 0)
[04:53:08] [metrics_4rep] E3[2] bug_bench: launching
[05:00:30] [metrics_4rep] E3[2] bug_bench: done (exit 0)
[05:00:30] [metrics_4rep] E3[3] bug_bench: launching
[05:08:41] [metrics_4rep] E3[3] bug_bench: done (exit 0)
[05:08:41] [metrics_4rep] === config E3M ===
[05:08:41] [metrics_4rep] E3M[0] bug_bench: skip — corpus dirs missing
[05:08:41] [metrics_4rep] E3M[1] bug_bench: skip — corpus dirs missing
[05:08:41] [metrics_4rep] E3M[2] bug_bench: skip — corpus dirs missing
[05:08:41] [metrics_4rep] E3M[3] bug_bench: skip — corpus dirs missing
[05:08:41] [metrics_4rep] done
[05:08:41] [postfix] bug_bench rc=0
[05:08:41] [postfix] re-running aggregate
SUMMARY_4rep -> C:\Users\miaot\Github\BioTest\compares\ApplicationStudy\SUMMARY_4rep.md
[05:08:42] [postfix] aggregate rc=0
[05:08:42] [postfix] ===== chain_postfix DONE =====
===CHAIN POSTFIX DONE===
