[02:42:56] [chain e1m+e3m] ===== chain e1m+e3m launch =====
[02:42:56] [chain e1m+e3m] [main] strands launched: E1M=115106 E3M=115107
[02:42:56] [chain e1m+e3m] [E1M] strand start
[02:42:56] [chain e1m+e3m] [E3M] strand start
[02:42:56] [chain e1m+e3m] [E1M] launching run_a (all 6 cells)
[02:42:56] [chain e1m+e3m] [E3M] nuking C:/Users/miaot/Github/BioTest/compares/ApplicationStudy/E3M_medium/results_4rep
[02:42:57] [chain e1m+e3m] [E1M] acquired SEQAN3_LOCK
[02:42:57] [chain e1m+e3m] [E3M] launching --reps 4 cumulative=false (all 6 cells)
[02:43:57] [chain e1m+e3m] [E3M] still waiting for SEQAN3_LOCK (60s)
[02:44:58] [chain e1m+e3m] [E3M] still waiting for SEQAN3_LOCK (120s)
[02:45:59] [chain e1m+e3m] [E3M] still waiting for SEQAN3_LOCK (180s)
[02:46:59] [chain e1m+e3m] [E3M] still waiting for SEQAN3_LOCK (240s)
[02:48:01] [chain e1m+e3m] [E3M] still waiting for SEQAN3_LOCK (300s)
[02:51:15] [chain e1m+e3m] ===== chain e1m+e3m TRUE-PARALLEL launch =====
[02:51:15] [chain e1m+e3m] [main] strands launched: E1M=115314 E3M=115315
[02:51:15] [chain e1m+e3m] [E1M] strand start
[02:51:15] [chain e1m+e3m] [E3M] strand start
[02:51:15] [chain e1m+e3m] [E1M/run_a] launching non-seqan3 (5 cells, no lock) + seqan3 (locked) in parallel
[02:51:15] [chain e1m+e3m] [E3M] launching non-seqan3 (5 cells, no lock) + seqan3 (locked) in parallel
[02:51:15] [chain e1m+e3m] [E1M/run_a/seqan3] acquired SEQAN3_LOCK
[02:52:16] [chain e1m+e3m] [E3M/seqan3] still waiting for SEQAN3_LOCK (60s)
[02:53:17] [chain e1m+e3m] [E3M/seqan3] still waiting for SEQAN3_LOCK (120s)
[02:54:17] [chain e1m+e3m] [E3M/seqan3] still waiting for SEQAN3_LOCK (180s)
[02:55:18] [chain e1m+e3m] [E3M/seqan3] still waiting for SEQAN3_LOCK (240s)
[02:56:19] [chain e1m+e3m] [E3M/seqan3] still waiting for SEQAN3_LOCK (300s)
[02:57:20] [chain e1m+e3m] [E3M/seqan3] still waiting for SEQAN3_LOCK (360s)
[02:58:20] [chain e1m+e3m] [E3M/seqan3] still waiting for SEQAN3_LOCK (420s)
[02:59:21] [chain e1m+e3m] [E3M/seqan3] still waiting for SEQAN3_LOCK (480s)
[03:00:22] [chain e1m+e3m] [E3M/seqan3] still waiting for SEQAN3_LOCK (540s)
[03:01:23] [chain e1m+e3m] [E3M/seqan3] still waiting for SEQAN3_LOCK (600s)
[03:02:24] [chain e1m+e3m] [E3M/seqan3] still waiting for SEQAN3_LOCK (660s)
[03:03:28] [chain e1m+e3m] [E3M/seqan3] still waiting for SEQAN3_LOCK (720s)
[03:04:30] [chain e1m+e3m] [E3M/seqan3] still waiting for SEQAN3_LOCK (780s)
[03:05:31] [chain e1m+e3m] [E3M/seqan3] still waiting for SEQAN3_LOCK (840s)
[03:06:32] [chain e1m+e3m] [E3M/seqan3] still waiting for SEQAN3_LOCK (900s)
[03:07:33] [chain e1m+e3m] [E3M/seqan3] still waiting for SEQAN3_LOCK (960s)
[03:08:34] [chain e1m+e3m] [E3M/seqan3] still waiting for SEQAN3_LOCK (1020s)
[03:09:35] [chain e1m+e3m] [E3M/seqan3] still waiting for SEQAN3_LOCK (1080s)
[03:10:36] [chain e1m+e3m] [E3M/seqan3] still waiting for SEQAN3_LOCK (1140s)
[03:11:38] [chain e1m+e3m] [E3M/seqan3] still waiting for SEQAN3_LOCK (1200s)
[03:12:40] [chain e1m+e3m] [E3M/seqan3] still waiting for SEQAN3_LOCK (1260s)
[03:13:42] [chain e1m+e3m] [E3M/seqan3] still waiting for SEQAN3_LOCK (1320s)
[03:14:44] [chain e1m+e3m] [E3M/seqan3] still waiting for SEQAN3_LOCK (1380s)
[03:15:45] [chain e1m+e3m] [E3M/seqan3] still waiting for SEQAN3_LOCK (1440s)
[03:16:46] [chain e1m+e3m] [E3M/seqan3] still waiting for SEQAN3_LOCK (1500s)
[03:17:47] [chain e1m+e3m] [E3M/seqan3] still waiting for SEQAN3_LOCK (1560s)
[03:18:48] [chain e1m+e3m] [E3M/seqan3] still waiting for SEQAN3_LOCK (1620s)
[03:19:50] [chain e1m+e3m] [E3M/seqan3] still waiting for SEQAN3_LOCK (1680s)
[03:20:51] [chain e1m+e3m] [E3M/seqan3] still waiting for SEQAN3_LOCK (1740s)
[03:21:52] [chain e1m+e3m] [E3M/seqan3] still waiting for SEQAN3_LOCK (1800s)
[03:22:53] [chain e1m+e3m] [E3M/seqan3] still waiting for SEQAN3_LOCK (1860s)
[03:23:54] [chain e1m+e3m] [E3M/seqan3] still waiting for SEQAN3_LOCK (1920s)
[03:24:55] [chain e1m+e3m] [E3M/seqan3] still waiting for SEQAN3_LOCK (1980s)
[03:25:56] [chain e1m+e3m] [E3M/seqan3] still waiting for SEQAN3_LOCK (2040s)
[03:26:57] [chain e1m+e3m] [E3M/seqan3] still waiting for SEQAN3_LOCK (2100s)
[03:27:59] [chain e1m+e3m] [E3M/seqan3] still waiting for SEQAN3_LOCK (2160s)
[03:29:01] [chain e1m+e3m] [E3M/seqan3] still waiting for SEQAN3_LOCK (2220s)
[03:30:04] [chain e1m+e3m] [E3M/seqan3] still waiting for SEQAN3_LOCK (2280s)
[03:31:05] [chain e1m+e3m] [E3M/seqan3] still waiting for SEQAN3_LOCK (2340s)
[03:32:06] [chain e1m+e3m] [E3M/seqan3] still waiting for SEQAN3_LOCK (2400s)
[03:33:07] [chain e1m+e3m] [E3M/seqan3] still waiting for SEQAN3_LOCK (2460s)
[03:34:08] [chain e1m+e3m] [E3M/seqan3] still waiting for SEQAN3_LOCK (2520s)
[03:35:09] [chain e1m+e3m] [E3M/seqan3] still waiting for SEQAN3_LOCK (2580s)
[03:36:11] [chain e1m+e3m] [E3M/seqan3] still waiting for SEQAN3_LOCK (2640s)
[03:37:12] [chain e1m+e3m] [E3M/seqan3] still waiting for SEQAN3_LOCK (2700s)
[03:38:13] [chain e1m+e3m] [E3M/seqan3] still waiting for SEQAN3_LOCK (2760s)
[03:39:15] [chain e1m+e3m] [E3M/seqan3] still waiting for SEQAN3_LOCK (2820s)
[03:40:16] [chain e1m+e3m] [E3M/seqan3] still waiting for SEQAN3_LOCK (2880s)
[03:41:17] [chain e1m+e3m] [E3M/seqan3] still waiting for SEQAN3_LOCK (2940s)
[03:42:19] [chain e1m+e3m] [E3M/seqan3] still waiting for SEQAN3_LOCK (3000s)
[03:43:20] [chain e1m+e3m] [E3M/seqan3] still waiting for SEQAN3_LOCK (3060s)
[03:44:27] [chain e1m+e3m] [E3M/seqan3] still waiting for SEQAN3_LOCK (3120s)
[03:45:30] [chain e1m+e3m] [E3M/seqan3] still waiting for SEQAN3_LOCK (3180s)
[03:46:31] [chain e1m+e3m] [E3M/seqan3] still waiting for SEQAN3_LOCK (3240s)
[03:47:32] [chain e1m+e3m] [E3M/seqan3] still waiting for SEQAN3_LOCK (3300s)
[03:48:33] [chain e1m+e3m] [E3M/seqan3] still waiting for SEQAN3_LOCK (3360s)
[03:49:35] [chain e1m+e3m] [E3M/seqan3] still waiting for SEQAN3_LOCK (3420s)
[03:50:36] [chain e1m+e3m] [E3M/seqan3] still waiting for SEQAN3_LOCK (3480s)
[03:51:39] [chain e1m+e3m] [E3M/seqan3] still waiting for SEQAN3_LOCK (3540s)
[03:52:41] [chain e1m+e3m] [E3M/seqan3] still waiting for SEQAN3_LOCK (3600s)
[03:53:44] [chain e1m+e3m] [E3M/seqan3] still waiting for SEQAN3_LOCK (3660s)
[03:54:47] [chain e1m+e3m] [E3M/seqan3] still waiting for SEQAN3_LOCK (3720s)
[03:55:49] [chain e1m+e3m] [E3M/seqan3] still waiting for SEQAN3_LOCK (3780s)
[03:56:50] [chain e1m+e3m] [E3M/seqan3] still waiting for SEQAN3_LOCK (3840s)
[03:57:51] [chain e1m+e3m] [E3M/seqan3] still waiting for SEQAN3_LOCK (3900s)
[03:58:53] [chain e1m+e3m] [E3M/seqan3] still waiting for SEQAN3_LOCK (3960s)
[03:59:54] [chain e1m+e3m] [E3M/seqan3] still waiting for SEQAN3_LOCK (4020s)
[04:00:55] [chain e1m+e3m] [E3M/seqan3] still waiting for SEQAN3_LOCK (4080s)
[04:01:56] [chain e1m+e3m] [E3M/seqan3] still waiting for SEQAN3_LOCK (4140s)
[04:02:57] [chain e1m+e3m] [E3M/seqan3] still waiting for SEQAN3_LOCK (4200s)
[04:03:59] [chain e1m+e3m] [E3M/seqan3] still waiting for SEQAN3_LOCK (4260s)
[04:05:00] [chain e1m+e3m] [E3M/seqan3] still waiting for SEQAN3_LOCK (4320s)
[04:06:02] [chain e1m+e3m] [E3M/seqan3] still waiting for SEQAN3_LOCK (4380s)
[04:07:03] [chain e1m+e3m] [E3M/seqan3] still waiting for SEQAN3_LOCK (4440s)
[04:08:04] [chain e1m+e3m] [E3M/seqan3] still waiting for SEQAN3_LOCK (4500s)
[04:09:05] [chain e1m+e3m] [E3M/seqan3] still waiting for SEQAN3_LOCK (4560s)
[04:10:06] [chain e1m+e3m] [E3M/seqan3] still waiting for SEQAN3_LOCK (4620s)
[04:11:07] [chain e1m+e3m] [E3M/seqan3] still waiting for SEQAN3_LOCK (4680s)
[04:12:08] [chain e1m+e3m] [E3M/seqan3] still waiting for SEQAN3_LOCK (4740s)
[04:13:09] [chain e1m+e3m] [E3M/seqan3] still waiting for SEQAN3_LOCK (4800s)
[04:14:11] [chain e1m+e3m] [E3M/seqan3] still waiting for SEQAN3_LOCK (4860s)
[04:15:15] [chain e1m+e3m] [E3M/seqan3] still waiting for SEQAN3_LOCK (4920s)
[04:16:15] [chain e1m+e3m] [E3M/seqan3] still waiting for SEQAN3_LOCK (4980s)
[04:17:16] [chain e1m+e3m] [E3M/seqan3] still waiting for SEQAN3_LOCK (5040s)
[04:18:18] [chain e1m+e3m] [E3M/seqan3] still waiting for SEQAN3_LOCK (5100s)
[04:19:19] [chain e1m+e3m] [E3M/seqan3] still waiting for SEQAN3_LOCK (5160s)
[04:20:20] [chain e1m+e3m] [E3M/seqan3] still waiting for SEQAN3_LOCK (5220s)
[04:21:21] [chain e1m+e3m] [E3M/seqan3] still waiting for SEQAN3_LOCK (5280s)
[04:22:22] [chain e1m+e3m] [E3M/seqan3] still waiting for SEQAN3_LOCK (5340s)
[04:23:23] [chain e1m+e3m] [E3M/seqan3] still waiting for SEQAN3_LOCK (5400s)
[04:24:23] [chain e1m+e3m] [E3M/seqan3] still waiting for SEQAN3_LOCK (5460s)
[04:25:25] [chain e1m+e3m] [E3M/seqan3] still waiting for SEQAN3_LOCK (5520s)
[04:26:26] [chain e1m+e3m] [E3M/seqan3] still waiting for SEQAN3_LOCK (5580s)
[04:27:27] [chain e1m+e3m] [E3M/seqan3] still waiting for SEQAN3_LOCK (5640s)
[04:28:28] [chain e1m+e3m] [E3M/seqan3] still waiting for SEQAN3_LOCK (5700s)
[04:29:28] [chain e1m+e3m] [E3M/seqan3] still waiting for SEQAN3_LOCK (5760s)
[04:30:29] [chain e1m+e3m] [E3M/seqan3] still waiting for SEQAN3_LOCK (5820s)
[04:31:30] [chain e1m+e3m] [E3M/seqan3] still waiting for SEQAN3_LOCK (5880s)
[04:32:31] [chain e1m+e3m] [E3M/seqan3] still waiting for SEQAN3_LOCK (5940s)
[04:33:32] [chain e1m+e3m] [E3M/seqan3] still waiting for SEQAN3_LOCK (6000s)
[04:34:33] [chain e1m+e3m] [E3M/seqan3] still waiting for SEQAN3_LOCK (6060s)
[04:35:34] [chain e1m+e3m] [E3M/seqan3] still waiting for SEQAN3_LOCK (6120s)
[04:36:35] [chain e1m+e3m] [E3M/seqan3] still waiting for SEQAN3_LOCK (6180s)
[04:37:36] [chain e1m+e3m] [E3M/seqan3] still waiting for SEQAN3_LOCK (6240s)
[04:38:37] [chain e1m+e3m] [E3M/seqan3] still waiting for SEQAN3_LOCK (6300s)
[04:39:38] [chain e1m+e3m] [E3M/seqan3] still waiting for SEQAN3_LOCK (6360s)
[04:40:40] [chain e1m+e3m] [E3M/seqan3] still waiting for SEQAN3_LOCK (6420s)
[04:41:42] [chain e1m+e3m] [E3M/seqan3] still waiting for SEQAN3_LOCK (6480s)
[04:42:43] [chain e1m+e3m] [E3M/seqan3] still waiting for SEQAN3_LOCK (6540s)
[04:43:44] [chain e1m+e3m] [E3M/seqan3] still waiting for SEQAN3_LOCK (6600s)
[04:44:45] [chain e1m+e3m] [E3M/seqan3] still waiting for SEQAN3_LOCK (6660s)
[04:45:46] [chain e1m+e3m] [E3M/seqan3] still waiting for SEQAN3_LOCK (6720s)
[04:46:47] [chain e1m+e3m] [E3M/seqan3] still waiting for SEQAN3_LOCK (6780s)
[04:47:48] [chain e1m+e3m] [E3M/seqan3] still waiting for SEQAN3_LOCK (6840s)
[04:48:49] [chain e1m+e3m] [E3M/seqan3] still waiting for SEQAN3_LOCK (6900s)
[04:49:50] [chain e1m+e3m] [E3M/seqan3] still waiting for SEQAN3_LOCK (6960s)
[04:50:52] [chain e1m+e3m] [E3M/seqan3] still waiting for SEQAN3_LOCK (7020s)
[04:51:53] [chain e1m+e3m] [E3M/seqan3] still waiting for SEQAN3_LOCK (7080s)
[04:52:54] [chain e1m+e3m] [E3M/seqan3] still waiting for SEQAN3_LOCK (7140s)
[04:53:55] [chain e1m+e3m] [E3M/seqan3] still waiting for SEQAN3_LOCK (7200s)
[04:54:56] [chain e1m+e3m] [E3M/seqan3] still waiting for SEQAN3_LOCK (7260s)
[04:55:57] [chain e1m+e3m] [E3M/seqan3] still waiting for SEQAN3_LOCK (7320s)
[04:56:58] [chain e1m+e3m] [E3M/seqan3] still waiting for SEQAN3_LOCK (7380s)
[04:57:59] [chain e1m+e3m] [E3M/seqan3] still waiting for SEQAN3_LOCK (7440s)
[04:59:01] [chain e1m+e3m] [E3M/seqan3] still waiting for SEQAN3_LOCK (7500s)
[05:00:02] [chain e1m+e3m] [E3M/seqan3] still waiting for SEQAN3_LOCK (7560s)
[05:01:03] [chain e1m+e3m] [E3M/seqan3] still waiting for SEQAN3_LOCK (7620s)
[05:02:05] [chain e1m+e3m] [E3M/seqan3] still waiting for SEQAN3_LOCK (7680s)
[05:03:08] [chain e1m+e3m] [E3M/seqan3] still waiting for SEQAN3_LOCK (7740s)
[05:04:12] [chain e1m+e3m] [E3M/seqan3] still waiting for SEQAN3_LOCK (7800s)
[05:05:13] [chain e1m+e3m] [E3M/seqan3] still waiting for SEQAN3_LOCK (7860s)
[05:06:14] [chain e1m+e3m] [E3M/seqan3] still waiting for SEQAN3_LOCK (7920s)
[05:07:16] [chain e1m+e3m] [E3M/seqan3] still waiting for SEQAN3_LOCK (7980s)
[05:08:17] [chain e1m+e3m] [E3M/seqan3] still waiting for SEQAN3_LOCK (8040s)
[05:09:18] [chain e1m+e3m] [E3M/seqan3] still waiting for SEQAN3_LOCK (8100s)
[05:10:19] [chain e1m+e3m] [E3M/seqan3] still waiting for SEQAN3_LOCK (8160s)
[05:11:20] [chain e1m+e3m] [E3M/seqan3] still waiting for SEQAN3_LOCK (8220s)
[05:12:21] [chain e1m+e3m] [E3M/seqan3] still waiting for SEQAN3_LOCK (8280s)
[05:13:22] [chain e1m+e3m] [E3M/seqan3] still waiting for SEQAN3_LOCK (8340s)
[05:14:24] [chain e1m+e3m] [E3M/seqan3] still waiting for SEQAN3_LOCK (8400s)
[05:15:25] [chain e1m+e3m] [E3M/seqan3] still waiting for SEQAN3_LOCK (8460s)
[05:16:26] [chain e1m+e3m] [E3M/seqan3] still waiting for SEQAN3_LOCK (8520s)
[05:17:27] [chain e1m+e3m] [E3M/seqan3] still waiting for SEQAN3_LOCK (8580s)
[05:18:28] [chain e1m+e3m] [E3M/seqan3] still waiting for SEQAN3_LOCK (8640s)
[05:19:28] [chain e1m+e3m] [E3M/seqan3] still waiting for SEQAN3_LOCK (8700s)
[05:20:29] [chain e1m+e3m] [E3M/seqan3] still waiting for SEQAN3_LOCK (8760s)
[05:21:30] [chain e1m+e3m] [E3M/seqan3] still waiting for SEQAN3_LOCK (8820s)
[05:22:31] [chain e1m+e3m] [E3M/seqan3] still waiting for SEQAN3_LOCK (8880s)
[05:23:32] [chain e1m+e3m] [E3M/seqan3] still waiting for SEQAN3_LOCK (8940s)
[05:24:33] [chain e1m+e3m] [E3M/seqan3] still waiting for SEQAN3_LOCK (9000s)
[05:25:33] [chain e1m+e3m] [E3M/seqan3] still waiting for SEQAN3_LOCK (9060s)
[05:26:34] [chain e1m+e3m] [E3M/seqan3] still waiting for SEQAN3_LOCK (9120s)
[05:27:35] [chain e1m+e3m] [E3M/seqan3] still waiting for SEQAN3_LOCK (9180s)
[05:28:36] [chain e1m+e3m] [E3M/seqan3] still waiting for SEQAN3_LOCK (9240s)
[05:29:37] [chain e1m+e3m] [E3M/seqan3] still waiting for SEQAN3_LOCK (9300s)
[05:30:38] [chain e1m+e3m] [E3M/seqan3] still waiting for SEQAN3_LOCK (9360s)
[05:31:39] [chain e1m+e3m] [E3M/seqan3] still waiting for SEQAN3_LOCK (9420s)
[05:32:39] [chain e1m+e3m] [E3M/seqan3] still waiting for SEQAN3_LOCK (9480s)
[05:33:40] [chain e1m+e3m] [E3M/seqan3] still waiting for SEQAN3_LOCK (9540s)
[05:34:41] [chain e1m+e3m] [E3M/seqan3] still waiting for SEQAN3_LOCK (9600s)
[05:35:42] [chain e1m+e3m] [E3M/seqan3] still waiting for SEQAN3_LOCK (9660s)
[05:36:44] [chain e1m+e3m] [E3M/seqan3] still waiting for SEQAN3_LOCK (9720s)
[05:37:47] [chain e1m+e3m] [E3M/seqan3] still waiting for SEQAN3_LOCK (9780s)
[05:38:48] [chain e1m+e3m] [E3M/seqan3] still waiting for SEQAN3_LOCK (9840s)
[05:39:49] [chain e1m+e3m] [E3M/seqan3] still waiting for SEQAN3_LOCK (9900s)
[05:40:50] [chain e1m+e3m] [E3M/seqan3] still waiting for SEQAN3_LOCK (9960s)
[05:41:50] [chain e1m+e3m] [E3M/seqan3] still waiting for SEQAN3_LOCK (10020s)
[05:42:51] [chain e1m+e3m] [E3M/seqan3] still waiting for SEQAN3_LOCK (10080s)
[05:43:52] [chain e1m+e3m] [E3M/seqan3] still waiting for SEQAN3_LOCK (10140s)
[05:44:52] [chain e1m+e3m] [E3M/seqan3] still waiting for SEQAN3_LOCK (10200s)
[05:45:54] [chain e1m+e3m] [E3M/seqan3] still waiting for SEQAN3_LOCK (10260s)
[05:46:57] [chain e1m+e3m] [E3M/seqan3] still waiting for SEQAN3_LOCK (10320s)
[05:48:00] [chain e1m+e3m] [E3M/seqan3] still waiting for SEQAN3_LOCK (10380s)
[05:49:01] [chain e1m+e3m] [E3M/seqan3] still waiting for SEQAN3_LOCK (10440s)
[05:50:02] [chain e1m+e3m] [E3M/seqan3] still waiting for SEQAN3_LOCK (10500s)
[05:51:03] [chain e1m+e3m] [E3M/seqan3] still waiting for SEQAN3_LOCK (10560s)
[05:52:04] [chain e1m+e3m] [E3M/seqan3] still waiting for SEQAN3_LOCK (10620s)
[05:53:04] [chain e1m+e3m] [E3M/seqan3] still waiting for SEQAN3_LOCK (10680s)
[05:54:05] [chain e1m+e3m] [E3M/seqan3] still waiting for SEQAN3_LOCK (10740s)
[05:55:06] [chain e1m+e3m] [E3M/seqan3] still waiting for SEQAN3_LOCK (10800s)
[05:56:07] [chain e1m+e3m] [E3M/seqan3] still waiting for SEQAN3_LOCK (10860s)
[05:57:08] [chain e1m+e3m] [E3M/seqan3] still waiting for SEQAN3_LOCK (10920s)
[05:58:09] [chain e1m+e3m] [E3M/seqan3] still waiting for SEQAN3_LOCK (10980s)
[05:59:10] [chain e1m+e3m] [E3M/seqan3] still waiting for SEQAN3_LOCK (11040s)
[06:00:11] [chain e1m+e3m] [E3M/seqan3] still waiting for SEQAN3_LOCK (11100s)
[06:01:12] [chain e1m+e3m] [E3M/seqan3] still waiting for SEQAN3_LOCK (11160s)
[06:02:15] [chain e1m+e3m] [E3M/seqan3] still waiting for SEQAN3_LOCK (11220s)
[06:03:17] [chain e1m+e3m] [E3M/seqan3] still waiting for SEQAN3_LOCK (11280s)
[06:04:19] [chain e1m+e3m] [E3M/seqan3] still waiting for SEQAN3_LOCK (11340s)
[06:05:20] [chain e1m+e3m] [E3M/seqan3] still waiting for SEQAN3_LOCK (11400s)
[06:06:21] [chain e1m+e3m] [E3M/seqan3] still waiting for SEQAN3_LOCK (11460s)
[06:07:25] [chain e1m+e3m] [E3M/seqan3] still waiting for SEQAN3_LOCK (11520s)
[06:08:26] [chain e1m+e3m] [E3M/seqan3] still waiting for SEQAN3_LOCK (11580s)
[06:09:27] [chain e1m+e3m] [E3M/seqan3] still waiting for SEQAN3_LOCK (11640s)
[06:10:28] [chain e1m+e3m] [E3M/seqan3] still waiting for SEQAN3_LOCK (11700s)
[06:11:29] [chain e1m+e3m] [E3M/seqan3] still waiting for SEQAN3_LOCK (11760s)
[06:12:29] [chain e1m+e3m] [E3M/seqan3] still waiting for SEQAN3_LOCK (11820s)
[06:13:30] [chain e1m+e3m] [E3M/seqan3] still waiting for SEQAN3_LOCK (11880s)
[06:14:31] [chain e1m+e3m] [E3M/seqan3] still waiting for SEQAN3_LOCK (11940s)
[06:15:32] [chain e1m+e3m] [E3M/seqan3] still waiting for SEQAN3_LOCK (12000s)
[06:16:33] [chain e1m+e3m] [E3M/seqan3] still waiting for SEQAN3_LOCK (12060s)
[06:17:33] [chain e1m+e3m] [E3M/seqan3] still waiting for SEQAN3_LOCK (12120s)
[06:18:34] [chain e1m+e3m] [E3M/seqan3] still waiting for SEQAN3_LOCK (12180s)
[06:19:35] [chain e1m+e3m] [E3M/seqan3] still waiting for SEQAN3_LOCK (12240s)
[06:20:36] [chain e1m+e3m] [E3M/seqan3] still waiting for SEQAN3_LOCK (12300s)
[06:21:37] [chain e1m+e3m] [E3M/seqan3] still waiting for SEQAN3_LOCK (12360s)
[06:22:38] [chain e1m+e3m] [E3M/seqan3] still waiting for SEQAN3_LOCK (12420s)
[06:23:39] [chain e1m+e3m] [E3M/seqan3] still waiting for SEQAN3_LOCK (12480s)
[06:24:40] [chain e1m+e3m] [E3M/seqan3] still waiting for SEQAN3_LOCK (12540s)
[06:25:41] [chain e1m+e3m] [E3M/seqan3] still waiting for SEQAN3_LOCK (12600s)
[06:26:42] [chain e1m+e3m] [E3M/seqan3] still waiting for SEQAN3_LOCK (12660s)
[06:27:43] [chain e1m+e3m] [E3M/seqan3] still waiting for SEQAN3_LOCK (12720s)
[06:28:44] [chain e1m+e3m] [E3M/seqan3] still waiting for SEQAN3_LOCK (12780s)
[06:29:45] [chain e1m+e3m] [E3M/seqan3] still waiting for SEQAN3_LOCK (12840s)
[06:30:46] [chain e1m+e3m] [E3M/seqan3] still waiting for SEQAN3_LOCK (12900s)
[06:31:47] [chain e1m+e3m] [E3M/seqan3] still waiting for SEQAN3_LOCK (12960s)
[06:32:48] [chain e1m+e3m] [E3M/seqan3] still waiting for SEQAN3_LOCK (13020s)
[06:33:49] [chain e1m+e3m] [E3M/seqan3] still waiting for SEQAN3_LOCK (13080s)
[06:34:50] [chain e1m+e3m] [E3M/seqan3] still waiting for SEQAN3_LOCK (13140s)
[06:35:50] [chain e1m+e3m] [E3M/seqan3] still waiting for SEQAN3_LOCK (13200s)
[06:36:51] [chain e1m+e3m] [E3M/seqan3] still waiting for SEQAN3_LOCK (13260s)
[06:37:52] [chain e1m+e3m] [E3M/seqan3] still waiting for SEQAN3_LOCK (13320s)
[06:38:53] [chain e1m+e3m] [E3M/seqan3] still waiting for SEQAN3_LOCK (13380s)
[06:39:54] [chain e1m+e3m] [E3M/seqan3] still waiting for SEQAN3_LOCK (13440s)
[06:40:55] [chain e1m+e3m] [E3M/seqan3] still waiting for SEQAN3_LOCK (13500s)
[06:41:56] [chain e1m+e3m] [E3M/seqan3] still waiting for SEQAN3_LOCK (13560s)
[06:42:57] [chain e1m+e3m] [E3M/seqan3] still waiting for SEQAN3_LOCK (13620s)
[06:43:58] [chain e1m+e3m] [E3M/seqan3] still waiting for SEQAN3_LOCK (13680s)
[06:44:59] [chain e1m+e3m] [E3M/seqan3] still waiting for SEQAN3_LOCK (13740s)
[06:45:59] [chain e1m+e3m] [E3M/seqan3] still waiting for SEQAN3_LOCK (13800s)
[06:47:00] [chain e1m+e3m] [E3M/seqan3] still waiting for SEQAN3_LOCK (13860s)
[06:48:01] [chain e1m+e3m] [E3M/seqan3] still waiting for SEQAN3_LOCK (13920s)
[06:49:02] [chain e1m+e3m] [E3M/seqan3] still waiting for SEQAN3_LOCK (13980s)
[06:50:03] [chain e1m+e3m] [E3M/seqan3] still waiting for SEQAN3_LOCK (14040s)
[06:51:04] [chain e1m+e3m] [E3M/seqan3] still waiting for SEQAN3_LOCK (14100s)
[06:52:05] [chain e1m+e3m] [E3M/seqan3] still waiting for SEQAN3_LOCK (14160s)
[06:53:06] [chain e1m+e3m] [E3M/seqan3] still waiting for SEQAN3_LOCK (14220s)
[06:54:06] [chain e1m+e3m] [E3M/seqan3] still waiting for SEQAN3_LOCK (14280s)
[06:55:07] [chain e1m+e3m] [E3M/seqan3] still waiting for SEQAN3_LOCK (14340s)
[06:56:08] [chain e1m+e3m] [E3M/seqan3] still waiting for SEQAN3_LOCK (14400s)
[06:57:09] [chain e1m+e3m] [E3M/seqan3] still waiting for SEQAN3_LOCK (14460s)
[06:58:10] [chain e1m+e3m] [E3M/seqan3] still waiting for SEQAN3_LOCK (14520s)
[06:59:10] [chain e1m+e3m] [E3M/seqan3] still waiting for SEQAN3_LOCK (14580s)
[07:00:11] [chain e1m+e3m] [E3M/seqan3] still waiting for SEQAN3_LOCK (14640s)
[07:01:12] [chain e1m+e3m] [E3M/seqan3] still waiting for SEQAN3_LOCK (14700s)
[07:02:13] [chain e1m+e3m] [E3M/seqan3] still waiting for SEQAN3_LOCK (14760s)
[07:03:14] [chain e1m+e3m] [E3M/seqan3] still waiting for SEQAN3_LOCK (14820s)
[07:04:15] [chain e1m+e3m] [E3M/seqan3] still waiting for SEQAN3_LOCK (14880s)
[07:05:16] [chain e1m+e3m] [E3M/seqan3] still waiting for SEQAN3_LOCK (14940s)
[07:06:16] [chain e1m+e3m] [E3M/seqan3] still waiting for SEQAN3_LOCK (15000s)
[07:07:17] [chain e1m+e3m] [E3M/seqan3] still waiting for SEQAN3_LOCK (15060s)
[07:08:18] [chain e1m+e3m] [E3M/seqan3] still waiting for SEQAN3_LOCK (15120s)
[07:09:19] [chain e1m+e3m] [E3M/seqan3] still waiting for SEQAN3_LOCK (15180s)
[07:10:19] [chain e1m+e3m] [E3M/seqan3] still waiting for SEQAN3_LOCK (15240s)
[07:11:20] [chain e1m+e3m] [E3M/seqan3] still waiting for SEQAN3_LOCK (15300s)
[07:12:21] [chain e1m+e3m] [E3M/seqan3] still waiting for SEQAN3_LOCK (15360s)
[07:13:22] [chain e1m+e3m] [E3M/seqan3] still waiting for SEQAN3_LOCK (15420s)
[07:14:22] [chain e1m+e3m] [E3M/seqan3] still waiting for SEQAN3_LOCK (15480s)
[07:15:23] [chain e1m+e3m] [E3M/seqan3] still waiting for SEQAN3_LOCK (15540s)
[07:16:24] [chain e1m+e3m] [E3M/seqan3] still waiting for SEQAN3_LOCK (15600s)
[07:17:25] [chain e1m+e3m] [E3M/seqan3] still waiting for SEQAN3_LOCK (15660s)
[07:18:26] [chain e1m+e3m] [E3M/seqan3] still waiting for SEQAN3_LOCK (15720s)
[07:19:26] [chain e1m+e3m] [E3M/seqan3] still waiting for SEQAN3_LOCK (15780s)
[07:20:27] [chain e1m+e3m] [E3M/seqan3] still waiting for SEQAN3_LOCK (15840s)
[07:21:28] [chain e1m+e3m] [E3M/seqan3] still waiting for SEQAN3_LOCK (15900s)
[07:22:29] [chain e1m+e3m] [E3M/seqan3] still waiting for SEQAN3_LOCK (15960s)
[07:23:30] [chain e1m+e3m] [E3M/seqan3] still waiting for SEQAN3_LOCK (16020s)
[07:24:30] [chain e1m+e3m] [E3M/seqan3] still waiting for SEQAN3_LOCK (16080s)
[07:25:31] [chain e1m+e3m] [E3M/seqan3] still waiting for SEQAN3_LOCK (16140s)
[07:26:31] [chain e1m+e3m] [E3M/seqan3] still waiting for SEQAN3_LOCK (16200s)
[07:27:29] [chain e1m+e3m] [E1M/run_a/seqan3] released SEQAN3_LOCK
[07:27:29] [chain e1m+e3m] [E1M/run_a] done — non-seqan3 rc=0 seqan3 rc=0 elapsed=276min
[07:27:29] [chain e1m+e3m] [E1M/run_b] launching non-seqan3 (5 cells, no lock) + seqan3 (locked) in parallel
[07:27:29] [chain e1m+e3m] [E1M/run_b/seqan3] acquired SEQAN3_LOCK
[07:27:32] [chain e1m+e3m] [E3M/seqan3] still waiting for SEQAN3_LOCK (16260s)
[07:28:33] [chain e1m+e3m] [E3M/seqan3] still waiting for SEQAN3_LOCK (16320s)
[07:29:34] [chain e1m+e3m] [E3M/seqan3] still waiting for SEQAN3_LOCK (16380s)
[07:30:34] [chain e1m+e3m] [E3M/seqan3] still waiting for SEQAN3_LOCK (16440s)
[07:31:35] [chain e1m+e3m] [E3M/seqan3] still waiting for SEQAN3_LOCK (16500s)
[07:32:36] [chain e1m+e3m] [E3M/seqan3] still waiting for SEQAN3_LOCK (16560s)
[07:33:37] [chain e1m+e3m] [E3M/seqan3] still waiting for SEQAN3_LOCK (16620s)
[07:34:37] [chain e1m+e3m] [E3M/seqan3] still waiting for SEQAN3_LOCK (16680s)
[07:35:38] [chain e1m+e3m] [E3M/seqan3] still waiting for SEQAN3_LOCK (16740s)
[07:36:39] [chain e1m+e3m] [E3M/seqan3] still waiting for SEQAN3_LOCK (16800s)
[07:37:40] [chain e1m+e3m] [E3M/seqan3] still waiting for SEQAN3_LOCK (16860s)
[07:38:41] [chain e1m+e3m] [E3M/seqan3] still waiting for SEQAN3_LOCK (16920s)
[07:39:42] [chain e1m+e3m] [E3M/seqan3] still waiting for SEQAN3_LOCK (16980s)
[07:40:43] [chain e1m+e3m] [E3M/seqan3] still waiting for SEQAN3_LOCK (17040s)
[07:41:44] [chain e1m+e3m] [E3M/seqan3] still waiting for SEQAN3_LOCK (17100s)
[07:42:45] [chain e1m+e3m] [E3M/seqan3] still waiting for SEQAN3_LOCK (17160s)
[07:43:46] [chain e1m+e3m] [E3M/seqan3] still waiting for SEQAN3_LOCK (17220s)
[07:44:47] [chain e1m+e3m] [E3M/seqan3] still waiting for SEQAN3_LOCK (17280s)
[07:45:48] [chain e1m+e3m] [E3M/seqan3] still waiting for SEQAN3_LOCK (17340s)
[07:46:49] [chain e1m+e3m] [E3M/seqan3] still waiting for SEQAN3_LOCK (17400s)
[07:47:51] [chain e1m+e3m] [E3M/seqan3] still waiting for SEQAN3_LOCK (17460s)
[07:48:52] [chain e1m+e3m] [E3M/seqan3] still waiting for SEQAN3_LOCK (17520s)
[07:49:53] [chain e1m+e3m] [E3M/seqan3] still waiting for SEQAN3_LOCK (17580s)
[07:50:55] [chain e1m+e3m] [E3M/seqan3] still waiting for SEQAN3_LOCK (17640s)
[07:51:56] [chain e1m+e3m] [E3M/seqan3] still waiting for SEQAN3_LOCK (17700s)
[07:52:59] [chain e1m+e3m] [E3M/seqan3] still waiting for SEQAN3_LOCK (17760s)
[07:54:01] [chain e1m+e3m] [E3M/seqan3] still waiting for SEQAN3_LOCK (17820s)
[07:55:02] [chain e1m+e3m] [E3M/seqan3] still waiting for SEQAN3_LOCK (17880s)
[07:56:03] [chain e1m+e3m] [E3M/seqan3] still waiting for SEQAN3_LOCK (17940s)
[07:57:04] [chain e1m+e3m] [E3M/seqan3] still waiting for SEQAN3_LOCK (18000s)
[07:58:05] [chain e1m+e3m] [E3M/seqan3] still waiting for SEQAN3_LOCK (18060s)
[07:59:06] [chain e1m+e3m] [E3M/seqan3] still waiting for SEQAN3_LOCK (18120s)
[08:00:09] [chain e1m+e3m] [E3M/seqan3] still waiting for SEQAN3_LOCK (18180s)
[08:01:10] [chain e1m+e3m] [E3M/seqan3] still waiting for SEQAN3_LOCK (18240s)
[08:02:11] [chain e1m+e3m] [E3M/seqan3] still waiting for SEQAN3_LOCK (18300s)
[08:03:13] [chain e1m+e3m] [E3M/seqan3] still waiting for SEQAN3_LOCK (18360s)
[08:04:16] [chain e1m+e3m] [E3M/seqan3] still waiting for SEQAN3_LOCK (18420s)
[08:05:17] [chain e1m+e3m] [E3M/seqan3] still waiting for SEQAN3_LOCK (18480s)
[08:06:18] [chain e1m+e3m] [E3M/seqan3] still waiting for SEQAN3_LOCK (18540s)
[08:07:20] [chain e1m+e3m] [E3M/seqan3] still waiting for SEQAN3_LOCK (18600s)
[08:08:21] [chain e1m+e3m] [E3M/seqan3] still waiting for SEQAN3_LOCK (18660s)
[08:09:22] [chain e1m+e3m] [E3M/seqan3] still waiting for SEQAN3_LOCK (18720s)
[08:10:23] [chain e1m+e3m] [E3M/seqan3] still waiting for SEQAN3_LOCK (18780s)
[08:11:26] [chain e1m+e3m] [E3M/seqan3] still waiting for SEQAN3_LOCK (18840s)
[08:12:29] [chain e1m+e3m] [E3M/seqan3] still waiting for SEQAN3_LOCK (18900s)
[08:13:30] [chain e1m+e3m] [E3M/seqan3] still waiting for SEQAN3_LOCK (18960s)
[08:14:31] [chain e1m+e3m] [E3M/seqan3] still waiting for SEQAN3_LOCK (19020s)
[08:15:32] [chain e1m+e3m] [E3M/seqan3] still waiting for SEQAN3_LOCK (19080s)
[08:16:33] [chain e1m+e3m] [E3M/seqan3] still waiting for SEQAN3_LOCK (19140s)
[08:17:34] [chain e1m+e3m] [E3M/seqan3] still waiting for SEQAN3_LOCK (19200s)
[08:18:35] [chain e1m+e3m] [E3M/seqan3] still waiting for SEQAN3_LOCK (19260s)
[08:19:36] [chain e1m+e3m] [E3M/seqan3] still waiting for SEQAN3_LOCK (19320s)
[08:20:38] [chain e1m+e3m] [E3M/seqan3] still waiting for SEQAN3_LOCK (19380s)
[08:21:39] [chain e1m+e3m] [E3M/seqan3] still waiting for SEQAN3_LOCK (19440s)
[08:22:40] [chain e1m+e3m] [E3M/seqan3] still waiting for SEQAN3_LOCK (19500s)
[08:23:41] [chain e1m+e3m] [E3M/seqan3] still waiting for SEQAN3_LOCK (19560s)
[08:24:42] [chain e1m+e3m] [E3M/seqan3] still waiting for SEQAN3_LOCK (19620s)
[08:25:43] [chain e1m+e3m] [E3M/seqan3] still waiting for SEQAN3_LOCK (19680s)
[08:26:44] [chain e1m+e3m] [E3M/seqan3] still waiting for SEQAN3_LOCK (19740s)
[08:27:46] [chain e1m+e3m] [E3M/seqan3] still waiting for SEQAN3_LOCK (19800s)
[08:28:47] [chain e1m+e3m] [E3M/seqan3] still waiting for SEQAN3_LOCK (19860s)
[08:29:48] [chain e1m+e3m] [E3M/seqan3] still waiting for SEQAN3_LOCK (19920s)
[08:30:49] [chain e1m+e3m] [E3M/seqan3] still waiting for SEQAN3_LOCK (19980s)
[08:31:50] [chain e1m+e3m] [E3M/seqan3] still waiting for SEQAN3_LOCK (20040s)
[08:32:52] [chain e1m+e3m] [E3M/seqan3] still waiting for SEQAN3_LOCK (20100s)
[08:33:53] [chain e1m+e3m] [E3M/seqan3] still waiting for SEQAN3_LOCK (20160s)
[08:34:54] [chain e1m+e3m] [E3M/seqan3] still waiting for SEQAN3_LOCK (20220s)
[08:35:55] [chain e1m+e3m] [E3M/seqan3] still waiting for SEQAN3_LOCK (20280s)
[08:36:56] [chain e1m+e3m] [E3M/seqan3] still waiting for SEQAN3_LOCK (20340s)
[08:37:57] [chain e1m+e3m] [E3M/seqan3] still waiting for SEQAN3_LOCK (20400s)
[08:38:58] [chain e1m+e3m] [E3M/seqan3] still waiting for SEQAN3_LOCK (20460s)
[08:39:59] [chain e1m+e3m] [E3M/seqan3] still waiting for SEQAN3_LOCK (20520s)
[08:41:01] [chain e1m+e3m] [E3M/seqan3] still waiting for SEQAN3_LOCK (20580s)
[08:42:02] [chain e1m+e3m] [E3M/seqan3] still waiting for SEQAN3_LOCK (20640s)
[08:43:02] [chain e1m+e3m] [E3M/seqan3] still waiting for SEQAN3_LOCK (20700s)
[08:44:03] [chain e1m+e3m] [E3M/seqan3] still waiting for SEQAN3_LOCK (20760s)
[08:45:05] [chain e1m+e3m] [E3M/seqan3] still waiting for SEQAN3_LOCK (20820s)
[08:46:06] [chain e1m+e3m] [E3M/seqan3] still waiting for SEQAN3_LOCK (20880s)
[08:47:07] [chain e1m+e3m] [E3M/seqan3] still waiting for SEQAN3_LOCK (20940s)
[08:48:08] [chain e1m+e3m] [E3M/seqan3] still waiting for SEQAN3_LOCK (21000s)
[08:49:09] [chain e1m+e3m] [E3M/seqan3] still waiting for SEQAN3_LOCK (21060s)
[08:50:11] [chain e1m+e3m] [E3M/seqan3] still waiting for SEQAN3_LOCK (21120s)
[08:51:12] [chain e1m+e3m] [E3M/seqan3] still waiting for SEQAN3_LOCK (21180s)
[08:52:13] [chain e1m+e3m] [E3M/seqan3] still waiting for SEQAN3_LOCK (21240s)
[08:53:14] [chain e1m+e3m] [E3M/seqan3] still waiting for SEQAN3_LOCK (21300s)
[08:54:15] [chain e1m+e3m] [E3M/seqan3] still waiting for SEQAN3_LOCK (21360s)
[08:55:15] [chain e1m+e3m] [E3M/seqan3] still waiting for SEQAN3_LOCK (21420s)
[08:56:16] [chain e1m+e3m] [E3M/seqan3] still waiting for SEQAN3_LOCK (21480s)
[08:57:17] [chain e1m+e3m] [E3M/seqan3] still waiting for SEQAN3_LOCK (21540s)
[08:58:18] [chain e1m+e3m] [E3M/seqan3] still waiting for SEQAN3_LOCK (21600s)
[08:59:19] [chain e1m+e3m] [E3M/seqan3] still waiting for SEQAN3_LOCK (21660s)
[09:00:21] [chain e1m+e3m] [E3M/seqan3] still waiting for SEQAN3_LOCK (21720s)
[09:01:22] [chain e1m+e3m] [E3M/seqan3] still waiting for SEQAN3_LOCK (21780s)
[09:02:23] [chain e1m+e3m] [E3M/seqan3] still waiting for SEQAN3_LOCK (21840s)
[09:03:24] [chain e1m+e3m] [E3M/seqan3] still waiting for SEQAN3_LOCK (21900s)
[09:04:24] [chain e1m+e3m] [E3M/seqan3] still waiting for SEQAN3_LOCK (21960s)
[09:05:25] [chain e1m+e3m] [E3M/seqan3] still waiting for SEQAN3_LOCK (22020s)
[09:06:27] [chain e1m+e3m] [E3M/seqan3] still waiting for SEQAN3_LOCK (22080s)
[09:07:28] [chain e1m+e3m] [E3M/seqan3] still waiting for SEQAN3_LOCK (22140s)
[09:08:29] [chain e1m+e3m] [E3M/seqan3] still waiting for SEQAN3_LOCK (22200s)
[09:09:30] [chain e1m+e3m] [E3M/seqan3] still waiting for SEQAN3_LOCK (22260s)
[09:10:31] [chain e1m+e3m] [E3M/seqan3] still waiting for SEQAN3_LOCK (22320s)
[09:11:32] [chain e1m+e3m] [E3M/seqan3] still waiting for SEQAN3_LOCK (22380s)
[09:12:34] [chain e1m+e3m] [E3M/seqan3] still waiting for SEQAN3_LOCK (22440s)
[09:13:35] [chain e1m+e3m] [E3M/seqan3] still waiting for SEQAN3_LOCK (22500s)
[09:14:36] [chain e1m+e3m] [E3M/seqan3] still waiting for SEQAN3_LOCK (22560s)
[09:15:39] [chain e1m+e3m] [E3M/seqan3] still waiting for SEQAN3_LOCK (22620s)
[09:16:41] [chain e1m+e3m] [E3M/seqan3] still waiting for SEQAN3_LOCK (22680s)
[09:17:42] [chain e1m+e3m] [E3M/seqan3] still waiting for SEQAN3_LOCK (22740s)
[09:18:43] [chain e1m+e3m] [E3M/seqan3] still waiting for SEQAN3_LOCK (22800s)
[09:19:45] [chain e1m+e3m] [E3M/seqan3] still waiting for SEQAN3_LOCK (22860s)
[09:20:46] [chain e1m+e3m] [E3M/seqan3] still waiting for SEQAN3_LOCK (22920s)
[09:21:47] [chain e1m+e3m] [E3M/seqan3] still waiting for SEQAN3_LOCK (22980s)
[09:22:49] [chain e1m+e3m] [E3M/seqan3] still waiting for SEQAN3_LOCK (23040s)
[09:23:49] [chain e1m+e3m] [E3M/seqan3] still waiting for SEQAN3_LOCK (23100s)
[09:24:53] [chain e1m+e3m] [E3M/seqan3] still waiting for SEQAN3_LOCK (23160s)
[09:25:58] [chain e1m+e3m] [E3M/seqan3] still waiting for SEQAN3_LOCK (23220s)
[09:26:59] [chain e1m+e3m] [E3M/seqan3] still waiting for SEQAN3_LOCK (23280s)
[09:28:00] [chain e1m+e3m] [E3M/seqan3] still waiting for SEQAN3_LOCK (23340s)
[09:29:01] [chain e1m+e3m] [E3M/seqan3] still waiting for SEQAN3_LOCK (23400s)
[09:30:02] [chain e1m+e3m] [E3M/seqan3] still waiting for SEQAN3_LOCK (23460s)
[09:31:03] [chain e1m+e3m] [E3M/seqan3] still waiting for SEQAN3_LOCK (23520s)
[09:32:05] [chain e1m+e3m] [E3M/seqan3] still waiting for SEQAN3_LOCK (23580s)
[09:33:06] [chain e1m+e3m] [E3M/seqan3] still waiting for SEQAN3_LOCK (23640s)
[09:34:07] [chain e1m+e3m] [E3M/seqan3] still waiting for SEQAN3_LOCK (23700s)
[09:35:08] [chain e1m+e3m] [E3M/seqan3] still waiting for SEQAN3_LOCK (23760s)
[09:36:09] [chain e1m+e3m] [E3M/seqan3] still waiting for SEQAN3_LOCK (23820s)
[09:37:10] [chain e1m+e3m] [E3M/seqan3] still waiting for SEQAN3_LOCK (23880s)
[09:38:11] [chain e1m+e3m] [E3M/seqan3] still waiting for SEQAN3_LOCK (23940s)
[09:39:13] [chain e1m+e3m] [E3M/seqan3] still waiting for SEQAN3_LOCK (24000s)
[09:40:14] [chain e1m+e3m] [E3M/seqan3] still waiting for SEQAN3_LOCK (24060s)
[09:41:15] [chain e1m+e3m] [E3M/seqan3] still waiting for SEQAN3_LOCK (24120s)
[09:42:16] [chain e1m+e3m] [E3M/seqan3] still waiting for SEQAN3_LOCK (24180s)
[09:43:18] [chain e1m+e3m] [E3M/seqan3] still waiting for SEQAN3_LOCK (24240s)
[09:44:19] [chain e1m+e3m] [E3M/seqan3] still waiting for SEQAN3_LOCK (24300s)
[09:45:20] [chain e1m+e3m] [E3M/seqan3] still waiting for SEQAN3_LOCK (24360s)
[09:46:21] [chain e1m+e3m] [E3M/seqan3] still waiting for SEQAN3_LOCK (24420s)
[09:47:22] [chain e1m+e3m] [E3M/seqan3] still waiting for SEQAN3_LOCK (24480s)
[09:48:23] [chain e1m+e3m] [E3M/seqan3] still waiting for SEQAN3_LOCK (24540s)
[09:49:24] [chain e1m+e3m] [E3M/seqan3] still waiting for SEQAN3_LOCK (24600s)
[09:50:26] [chain e1m+e3m] [E3M/seqan3] still waiting for SEQAN3_LOCK (24660s)
[09:51:27] [chain e1m+e3m] [E3M/seqan3] still waiting for SEQAN3_LOCK (24720s)
[09:52:28] [chain e1m+e3m] [E3M/seqan3] still waiting for SEQAN3_LOCK (24780s)
[09:53:29] [chain e1m+e3m] [E3M/seqan3] still waiting for SEQAN3_LOCK (24840s)
[09:54:30] [chain e1m+e3m] [E3M/seqan3] still waiting for SEQAN3_LOCK (24900s)
[09:55:32] [chain e1m+e3m] [E3M/seqan3] still waiting for SEQAN3_LOCK (24960s)
[09:56:33] [chain e1m+e3m] [E3M/seqan3] still waiting for SEQAN3_LOCK (25020s)
[09:57:34] [chain e1m+e3m] [E3M/seqan3] still waiting for SEQAN3_LOCK (25080s)
[09:58:35] [chain e1m+e3m] [E3M/seqan3] still waiting for SEQAN3_LOCK (25140s)
[09:59:36] [chain e1m+e3m] [E3M/seqan3] still waiting for SEQAN3_LOCK (25200s)
[10:00:37] [chain e1m+e3m] [E3M/seqan3] still waiting for SEQAN3_LOCK (25260s)
[10:01:39] [chain e1m+e3m] [E3M/seqan3] still waiting for SEQAN3_LOCK (25320s)
[10:02:40] [chain e1m+e3m] [E3M/seqan3] still waiting for SEQAN3_LOCK (25380s)
[10:03:41] [chain e1m+e3m] [E3M/seqan3] still waiting for SEQAN3_LOCK (25440s)
[10:04:43] [chain e1m+e3m] [E3M/seqan3] still waiting for SEQAN3_LOCK (25500s)
[10:05:44] [chain e1m+e3m] [E3M/seqan3] still waiting for SEQAN3_LOCK (25560s)
[10:06:45] [chain e1m+e3m] [E3M/seqan3] still waiting for SEQAN3_LOCK (25620s)
[10:07:46] [chain e1m+e3m] [E3M/seqan3] still waiting for SEQAN3_LOCK (25680s)
[10:08:47] [chain e1m+e3m] [E3M/seqan3] still waiting for SEQAN3_LOCK (25740s)
[10:09:48] [chain e1m+e3m] [E3M/seqan3] still waiting for SEQAN3_LOCK (25800s)
[10:10:49] [chain e1m+e3m] [E3M/seqan3] still waiting for SEQAN3_LOCK (25860s)
[10:11:50] [chain e1m+e3m] [E3M/seqan3] still waiting for SEQAN3_LOCK (25920s)
[10:12:51] [chain e1m+e3m] [E3M/seqan3] still waiting for SEQAN3_LOCK (25980s)
[10:13:52] [chain e1m+e3m] [E3M/seqan3] still waiting for SEQAN3_LOCK (26040s)
[10:14:53] [chain e1m+e3m] [E3M/seqan3] still waiting for SEQAN3_LOCK (26100s)
[10:15:54] [chain e1m+e3m] [E3M/seqan3] still waiting for SEQAN3_LOCK (26160s)
[10:16:55] [chain e1m+e3m] [E3M/seqan3] still waiting for SEQAN3_LOCK (26220s)
[10:17:56] [chain e1m+e3m] [E3M/seqan3] still waiting for SEQAN3_LOCK (26280s)
[10:18:57] [chain e1m+e3m] [E3M/seqan3] still waiting for SEQAN3_LOCK (26340s)
[10:19:58] [chain e1m+e3m] [E3M/seqan3] still waiting for SEQAN3_LOCK (26400s)
[10:21:00] [chain e1m+e3m] [E3M/seqan3] still waiting for SEQAN3_LOCK (26460s)
[10:22:01] [chain e1m+e3m] [E3M/seqan3] still waiting for SEQAN3_LOCK (26520s)
[10:23:02] [chain e1m+e3m] [E3M/seqan3] still waiting for SEQAN3_LOCK (26580s)
[10:24:03] [chain e1m+e3m] [E3M/seqan3] still waiting for SEQAN3_LOCK (26640s)
[10:25:04] [chain e1m+e3m] [E3M/seqan3] still waiting for SEQAN3_LOCK (26700s)
[10:26:05] [chain e1m+e3m] [E3M/seqan3] still waiting for SEQAN3_LOCK (26760s)
[10:27:06] [chain e1m+e3m] [E3M/seqan3] still waiting for SEQAN3_LOCK (26820s)
[10:28:07] [chain e1m+e3m] [E3M/seqan3] still waiting for SEQAN3_LOCK (26880s)
[10:29:08] [chain e1m+e3m] [E3M/seqan3] still waiting for SEQAN3_LOCK (26940s)
[10:30:09] [chain e1m+e3m] [E3M/seqan3] still waiting for SEQAN3_LOCK (27000s)
[10:31:10] [chain e1m+e3m] [E3M/seqan3] still waiting for SEQAN3_LOCK (27060s)
[10:32:11] [chain e1m+e3m] [E3M/seqan3] still waiting for SEQAN3_LOCK (27120s)
[10:33:12] [chain e1m+e3m] [E3M/seqan3] still waiting for SEQAN3_LOCK (27180s)
[10:34:13] [chain e1m+e3m] [E3M/seqan3] still waiting for SEQAN3_LOCK (27240s)
[10:35:14] [chain e1m+e3m] [E3M/seqan3] still waiting for SEQAN3_LOCK (27300s)
[10:36:15] [chain e1m+e3m] [E3M/seqan3] still waiting for SEQAN3_LOCK (27360s)
[10:37:16] [chain e1m+e3m] [E3M/seqan3] still waiting for SEQAN3_LOCK (27420s)
[10:38:17] [chain e1m+e3m] [E3M/seqan3] still waiting for SEQAN3_LOCK (27480s)
[10:39:19] [chain e1m+e3m] [E3M/seqan3] still waiting for SEQAN3_LOCK (27540s)
[10:40:20] [chain e1m+e3m] [E3M/seqan3] still waiting for SEQAN3_LOCK (27600s)
[10:41:22] [chain e1m+e3m] [E3M/seqan3] still waiting for SEQAN3_LOCK (27660s)
[10:42:24] [chain e1m+e3m] [E3M/seqan3] still waiting for SEQAN3_LOCK (27720s)
[10:43:25] [chain e1m+e3m] [E3M/seqan3] still waiting for SEQAN3_LOCK (27780s)
[10:44:26] [chain e1m+e3m] [E3M/seqan3] still waiting for SEQAN3_LOCK (27840s)
[10:45:27] [chain e1m+e3m] [E3M/seqan3] still waiting for SEQAN3_LOCK (27900s)
[10:46:30] [chain e1m+e3m] [E3M/seqan3] still waiting for SEQAN3_LOCK (27960s)
[10:47:30] [chain e1m+e3m] [E3M/seqan3] still waiting for SEQAN3_LOCK (28020s)
[10:48:32] [chain e1m+e3m] [E3M/seqan3] still waiting for SEQAN3_LOCK (28080s)
[10:49:33] [chain e1m+e3m] [E3M/seqan3] still waiting for SEQAN3_LOCK (28140s)
[10:50:34] [chain e1m+e3m] [E3M/seqan3] still waiting for SEQAN3_LOCK (28200s)
[10:51:35] [chain e1m+e3m] [E3M/seqan3] still waiting for SEQAN3_LOCK (28260s)
[10:52:36] [chain e1m+e3m] [E3M/seqan3] still waiting for SEQAN3_LOCK (28320s)
[10:53:38] [chain e1m+e3m] [E3M/seqan3] still waiting for SEQAN3_LOCK (28380s)
[10:54:40] [chain e1m+e3m] [E3M/seqan3] still waiting for SEQAN3_LOCK (28440s)
[10:55:42] [chain e1m+e3m] [E3M/seqan3] still waiting for SEQAN3_LOCK (28500s)
[10:56:43] [chain e1m+e3m] [E3M/seqan3] still waiting for SEQAN3_LOCK (28560s)
[10:57:44] [chain e1m+e3m] [E3M/seqan3] still waiting for SEQAN3_LOCK (28620s)
[10:58:46] [chain e1m+e3m] [E3M/seqan3] still waiting for SEQAN3_LOCK (28680s)
[10:59:47] [chain e1m+e3m] [E3M/seqan3] still waiting for SEQAN3_LOCK (28740s)
[11:00:49] [chain e1m+e3m] [E3M/seqan3] still waiting for SEQAN3_LOCK (28800s)
[11:01:50] [chain e1m+e3m] [E3M/seqan3] still waiting for SEQAN3_LOCK (28860s)
[11:02:51] [chain e1m+e3m] [E3M/seqan3] still waiting for SEQAN3_LOCK (28920s)
[11:03:53] [chain e1m+e3m] [E3M/seqan3] still waiting for SEQAN3_LOCK (28980s)
[11:04:55] [chain e1m+e3m] [E3M/seqan3] still waiting for SEQAN3_LOCK (29040s)
[11:05:56] [chain e1m+e3m] [E3M/seqan3] still waiting for SEQAN3_LOCK (29100s)
[11:06:57] [chain e1m+e3m] [E3M/seqan3] still waiting for SEQAN3_LOCK (29160s)
[11:07:58] [chain e1m+e3m] [E3M/seqan3] still waiting for SEQAN3_LOCK (29220s)
[11:08:59] [chain e1m+e3m] [E3M/seqan3] still waiting for SEQAN3_LOCK (29280s)
[11:10:01] [chain e1m+e3m] [E3M/seqan3] still waiting for SEQAN3_LOCK (29340s)
[11:11:02] [chain e1m+e3m] [E3M/seqan3] still waiting for SEQAN3_LOCK (29400s)
[11:12:03] [chain e1m+e3m] [E3M/seqan3] still waiting for SEQAN3_LOCK (29460s)
[11:13:04] [chain e1m+e3m] [E3M/seqan3] still waiting for SEQAN3_LOCK (29520s)
[11:14:05] [chain e1m+e3m] [E3M/seqan3] still waiting for SEQAN3_LOCK (29580s)
[11:15:07] [chain e1m+e3m] [E3M/seqan3] still waiting for SEQAN3_LOCK (29640s)
[11:16:08] [chain e1m+e3m] [E3M/seqan3] still waiting for SEQAN3_LOCK (29700s)
[11:17:09] [chain e1m+e3m] [E3M/seqan3] still waiting for SEQAN3_LOCK (29760s)
[11:18:10] [chain e1m+e3m] [E3M/seqan3] still waiting for SEQAN3_LOCK (29820s)
[11:19:11] [chain e1m+e3m] [E3M/seqan3] still waiting for SEQAN3_LOCK (29880s)
[11:20:13] [chain e1m+e3m] [E3M/seqan3] still waiting for SEQAN3_LOCK (29940s)
[11:21:13] [chain e1m+e3m] [E3M/seqan3] still waiting for SEQAN3_LOCK (30000s)
[11:22:15] [chain e1m+e3m] [E3M/seqan3] still waiting for SEQAN3_LOCK (30060s)
[11:23:16] [chain e1m+e3m] [E3M/seqan3] still waiting for SEQAN3_LOCK (30120s)
[11:24:17] [chain e1m+e3m] [E3M/seqan3] still waiting for SEQAN3_LOCK (30180s)
[11:25:18] [chain e1m+e3m] [E3M/seqan3] still waiting for SEQAN3_LOCK (30240s)
[11:25:39] [chain e1m+e3m] [E1M/run_b/seqan3] released SEQAN3_LOCK
[11:25:43] [chain e1m+e3m] [E3M/seqan3] acquired SEQAN3_LOCK
[11:58:07] [chain e1m+e3m] [E1M/run_b] done — non-seqan3 rc=0 seqan3 rc=0 elapsed=270min
[11:58:07] [chain e1m+e3m] [E1M/run_c] launching non-seqan3 (5 cells, no lock) + seqan3 (locked) in parallel
[11:59:08] [chain e1m+e3m] [E1M/run_c/seqan3] still waiting for SEQAN3_LOCK (60s)
[12:00:08] [chain e1m+e3m] [E1M/run_c/seqan3] still waiting for SEQAN3_LOCK (120s)
[12:01:09] [chain e1m+e3m] [E1M/run_c/seqan3] still waiting for SEQAN3_LOCK (180s)
[12:02:10] [chain e1m+e3m] [E1M/run_c/seqan3] still waiting for SEQAN3_LOCK (240s)
[12:03:11] [chain e1m+e3m] [E1M/run_c/seqan3] still waiting for SEQAN3_LOCK (300s)
[12:04:12] [chain e1m+e3m] [E1M/run_c/seqan3] still waiting for SEQAN3_LOCK (360s)
[12:05:12] [chain e1m+e3m] [E1M/run_c/seqan3] still waiting for SEQAN3_LOCK (420s)
[12:06:14] [chain e1m+e3m] [E1M/run_c/seqan3] still waiting for SEQAN3_LOCK (480s)
[12:07:14] [chain e1m+e3m] [E1M/run_c/seqan3] still waiting for SEQAN3_LOCK (540s)
[12:08:15] [chain e1m+e3m] [E1M/run_c/seqan3] still waiting for SEQAN3_LOCK (600s)
[12:09:16] [chain e1m+e3m] [E1M/run_c/seqan3] still waiting for SEQAN3_LOCK (660s)
[12:10:17] [chain e1m+e3m] [E1M/run_c/seqan3] still waiting for SEQAN3_LOCK (720s)
[12:11:19] [chain e1m+e3m] [E1M/run_c/seqan3] still waiting for SEQAN3_LOCK (780s)
[12:12:19] [chain e1m+e3m] [E1M/run_c/seqan3] still waiting for SEQAN3_LOCK (840s)
[12:13:20] [chain e1m+e3m] [E1M/run_c/seqan3] still waiting for SEQAN3_LOCK (900s)
[12:14:22] [chain e1m+e3m] [E1M/run_c/seqan3] still waiting for SEQAN3_LOCK (960s)
[12:15:23] [chain e1m+e3m] [E1M/run_c/seqan3] still waiting for SEQAN3_LOCK (1020s)
[12:16:24] [chain e1m+e3m] [E1M/run_c/seqan3] still waiting for SEQAN3_LOCK (1080s)
[12:17:27] [chain e1m+e3m] [E1M/run_c/seqan3] still waiting for SEQAN3_LOCK (1140s)
[12:18:28] [chain e1m+e3m] [E1M/run_c/seqan3] still waiting for SEQAN3_LOCK (1200s)
[12:19:30] [chain e1m+e3m] [E1M/run_c/seqan3] still waiting for SEQAN3_LOCK (1260s)
[12:20:31] [chain e1m+e3m] [E1M/run_c/seqan3] still waiting for SEQAN3_LOCK (1320s)
[12:21:34] [chain e1m+e3m] [E1M/run_c/seqan3] still waiting for SEQAN3_LOCK (1380s)
[12:22:35] [chain e1m+e3m] [E1M/run_c/seqan3] still waiting for SEQAN3_LOCK (1440s)
[12:23:36] [chain e1m+e3m] [E1M/run_c/seqan3] still waiting for SEQAN3_LOCK (1500s)
[12:24:39] [chain e1m+e3m] [E1M/run_c/seqan3] still waiting for SEQAN3_LOCK (1560s)
[12:25:40] [chain e1m+e3m] [E1M/run_c/seqan3] still waiting for SEQAN3_LOCK (1620s)
[12:26:44] [chain e1m+e3m] [E1M/run_c/seqan3] still waiting for SEQAN3_LOCK (1680s)
[12:27:45] [chain e1m+e3m] [E1M/run_c/seqan3] still waiting for SEQAN3_LOCK (1740s)
[12:28:46] [chain e1m+e3m] [E1M/run_c/seqan3] still waiting for SEQAN3_LOCK (1800s)
[12:29:47] [chain e1m+e3m] [E1M/run_c/seqan3] still waiting for SEQAN3_LOCK (1860s)
[12:30:47] [chain e1m+e3m] [E1M/run_c/seqan3] still waiting for SEQAN3_LOCK (1920s)
[12:31:49] [chain e1m+e3m] [E1M/run_c/seqan3] still waiting for SEQAN3_LOCK (1980s)
[12:32:50] [chain e1m+e3m] [E1M/run_c/seqan3] still waiting for SEQAN3_LOCK (2040s)
[12:33:51] [chain e1m+e3m] [E1M/run_c/seqan3] still waiting for SEQAN3_LOCK (2100s)
[12:34:52] [chain e1m+e3m] [E1M/run_c/seqan3] still waiting for SEQAN3_LOCK (2160s)
[12:35:53] [chain e1m+e3m] [E1M/run_c/seqan3] still waiting for SEQAN3_LOCK (2220s)
[12:36:55] [chain e1m+e3m] [E1M/run_c/seqan3] still waiting for SEQAN3_LOCK (2280s)
[12:37:02] [chain e1m+e3m] [E3M/seqan3] released SEQAN3_LOCK
[12:37:03] [chain e1m+e3m] [E3M] done — non-seqan3 rc=0 seqan3 rc=0 elapsed=585min
[12:37:03] [chain e1m+e3m] [E3M] failure detection + 1 rerun pass for type-3 zeros
[12:37:03] [chain e1m+e3m] [E3M] type-3 detected: 0 cells: 0
[12:37:03] [chain e1m+e3m] [E3M] strand complete
[12:37:05] [chain e1m+e3m] [E1M/run_c/seqan3] acquired SEQAN3_LOCK
[14:00:54] [finalize] ===== MANUAL FINALIZE — E1M chain killed, running metrics + aggregate =====
[14:00:54] [finalize] === MUTATION step (idempotent, fills any missing) ===
[14:00:55] [metrics_4rep] === config E0 ===
[14:00:55] [metrics_4rep] E0[a] htsjdk_vcf: skip — already has summary
[14:00:55] [metrics_4rep] E0[a] htsjdk_sam: skip — already has summary
[14:00:55] [metrics_4rep] E0[a] vcfpy_vcf: skip — already has summary
[14:00:55] [metrics_4rep] E0[a] noodles_vcf: skip — already has summary
[14:00:55] [metrics_4rep] E0[a] biopython_sam: skip — already has summary
[14:00:55] [metrics_4rep] E0[a] seqan3_sam: skip — already has summary
[14:00:56] [metrics_4rep] E0[b] htsjdk_vcf: skip — already has summary
[14:00:56] [metrics_4rep] E0[b] htsjdk_sam: skip — already has summary
[14:00:56] [metrics_4rep] E0[b] vcfpy_vcf: skip — already has summary
[14:00:56] [metrics_4rep] E0[b] noodles_vcf: skip — already has summary
[14:00:56] [metrics_4rep] E0[b] biopython_sam: skip — already has summary
[14:00:56] [metrics_4rep] E0[b] seqan3_sam: skip — already has summary
[14:00:56] [metrics_4rep] E0[c] htsjdk_vcf: skip — already has summary
[14:00:56] [metrics_4rep] E0[c] htsjdk_sam: skip — already has summary
[14:00:56] [metrics_4rep] E0[c] vcfpy_vcf: skip — already has summary
[14:00:56] [metrics_4rep] E0[c] noodles_vcf: skip — already has summary
[14:00:57] [metrics_4rep] E0[c] biopython_sam: skip — already has summary
[14:00:57] [metrics_4rep] E0[c] seqan3_sam: skip — already has summary
[14:00:57] [metrics_4rep] E0[d] htsjdk_vcf: skip — already has summary
[14:00:57] [metrics_4rep] E0[d] htsjdk_sam: skip — already has summary
[14:00:57] [metrics_4rep] E0[d] vcfpy_vcf: skip — already has summary
[14:00:57] [metrics_4rep] E0[d] noodles_vcf: skip — already has summary
[14:00:57] [metrics_4rep] E0[d] biopython_sam: skip — already has summary
[14:00:57] [metrics_4rep] E0[d] seqan3_sam: skip — already has summary
[14:00:57] [metrics_4rep] === config E1S ===
[14:00:57] [metrics_4rep] E1S[a] htsjdk_vcf: skip — already has summary
[14:00:57] [metrics_4rep] E1S[a] htsjdk_sam: skip — already has summary
[14:00:58] [metrics_4rep] E1S[a] vcfpy_vcf: skip — already has summary
[14:00:58] [metrics_4rep] E1S[a] noodles_vcf: skip — already has summary
[14:00:58] [metrics_4rep] E1S[a] biopython_sam: skip — already has summary
[14:00:58] [metrics_4rep] E1S[a] seqan3_sam: skip — already has summary
[14:00:58] [metrics_4rep] E1S[b] htsjdk_vcf: skip — already has summary
[14:00:58] [metrics_4rep] E1S[b] htsjdk_sam: skip — empty corpus
[14:00:58] [metrics_4rep] E1S[b] vcfpy_vcf: skip — already has summary
[14:00:58] [metrics_4rep] E1S[b] noodles_vcf: skip — already has summary
[14:00:58] [metrics_4rep] E1S[b] biopython_sam: skip — already has summary
[14:00:59] [metrics_4rep] E1S[b] seqan3_sam: skip — already has summary
[14:00:59] [metrics_4rep] E1S[c] htsjdk_vcf: skip — already has summary
[14:00:59] [metrics_4rep] E1S[c] htsjdk_sam: skip — already has summary
[14:00:59] [metrics_4rep] E1S[c] vcfpy_vcf: skip — already has summary
[14:00:59] [metrics_4rep] E1S[c] noodles_vcf: skip — already has summary
[14:00:59] [metrics_4rep] E1S[c] biopython_sam: skip — already has summary
[14:00:59] [metrics_4rep] E1S[c] seqan3_sam: skip — already has summary
[14:00:59] [metrics_4rep] E1S[d] htsjdk_vcf: skip — empty corpus
[14:00:59] [metrics_4rep] E1S[d] htsjdk_sam: skip — empty corpus
[14:00:59] [metrics_4rep] E1S[d] vcfpy_vcf: skip — already has summary
[14:01:00] [metrics_4rep] E1S[d] noodles_vcf: skip — already has summary
[14:01:00] [metrics_4rep] E1S[d] biopython_sam: skip — already has summary
[14:01:00] [metrics_4rep] E1S[d] seqan3_sam: skip — already has summary
[14:01:00] [metrics_4rep] === config E1M ===
[14:01:01] [metrics_4rep] E1M[a] htsjdk_vcf: launching (996 files, budget 1800s)
[14:03:04] [metrics_4rep] E1M[a] htsjdk_vcf: done — {'tool': 'biotest_E1M_a', 'sut': 'htsjdk', 'format': 'VCF', 'phase': 'mutation', 'target_classes_n': 81, 'classes_with_mutations': 56, 'total_mutations': 2305, 'killed': 228, 'survived': 422, 'no_coverage': 1647, 'timed_out': 0, 'non_viable': 8, 'memory_error': 0, 'run_error': 0, 'reachable': 650, 'score': 0.350769, 'by_class_top5': [{'class': 'htsjdk.variant.vcf.AbstractVCFCodec', 'killed': 68, 'reachable': 150, 'score': 0.4533}, {'class': 'htsjdk.variant.variantcontext.VariantContext', 'killed': 15, 'reachable': 68, 'score': 0.2206}, {'class': 'htsjdk.variant.vcf.VCFHeader', 'killed': 12, 'reachable': 60, 'score': 0.2}, {'class': 'htsjdk.variant.vcf.VCFCompoundHeaderLine', 'killed': 10, 'reachable': 58, 'score': 0.1724}, {'class': 'htsjdk.variant.variantcontext.Allele', 'killed': 36, 'reachable': 54, 'score': 0.6667}], 'corpus_dir': 'C:\\Users\\miaot\\Github\\BioTest\\compares\\ApplicationStudy\\E1M_medium\\results_metrics\\a\\htsjdk_vcf\\corpus_combined', 'baseline_json': 'C:\\Users\\miaot\\Github\\BioTest\\compares\\ApplicationStudy\\E1M_medium\\results_metrics\\a\\htsjdk_vcf\\baseline.json', 'mutations_xml': 'C:\\Users\\miaot\\Github\\BioTest\\compares\\ApplicationStudy\\E1M_medium\\results_metrics\\a\\htsjdk_vcf\\pit_report\\mutations.xml'}
[14:03:06] [metrics_4rep] E1M[a] htsjdk_sam: launching (1891 files, budget 1800s)
[14:03:24] [finalize] mutation rc=1
[14:03:24] [finalize] === BUG_BENCH step (idempotent) ===
[14:03:25] [metrics_4rep] === config E0 ===
[14:03:25] [metrics_4rep] E0[a] bug_bench: skip — already done
[14:03:25] [metrics_4rep] E0[b] bug_bench: skip — already done
[14:03:25] [metrics_4rep] E0[c] bug_bench: skip — already done
[14:03:25] [metrics_4rep] E0[d] bug_bench: skip — already done
[14:03:25] [metrics_4rep] === config E1S ===
[14:03:25] [metrics_4rep] E1S[a] bug_bench: skip — already done
[14:03:25] [metrics_4rep] E1S[b] bug_bench: skip — already done
[14:03:25] [metrics_4rep] E1S[c] bug_bench: skip — already done
[14:03:25] [metrics_4rep] E1S[d] bug_bench: skip — already done
[14:03:25] [metrics_4rep] === config E1M ===
[14:03:25] [metrics_4rep] E1M[a] bug_bench: launching
[14:13:36] [metrics_4rep] E1M[a] bug_bench: done (exit 0)
[14:13:36] [metrics_4rep] E1M[b] bug_bench: skip — corpus dirs missing
[14:13:36] [metrics_4rep] E1M[c] bug_bench: skip — corpus dirs missing
[14:13:36] [metrics_4rep] E1M[d] bug_bench: skip — corpus dirs missing
[14:13:36] [metrics_4rep] === config E2 ===
[14:13:36] [metrics_4rep] E2[0] bug_bench: skip — already done
[14:13:36] [metrics_4rep] E2[1] bug_bench: skip — already done
[14:13:36] [metrics_4rep] E2[2] bug_bench: skip — already done
[14:13:36] [metrics_4rep] E2[3] bug_bench: skip — already done
[14:13:36] [metrics_4rep] === config E3 ===
[14:13:36] [metrics_4rep] E3[0] bug_bench: skip — already done
[14:13:36] [metrics_4rep] E3[1] bug_bench: skip — already done
[14:13:36] [metrics_4rep] E3[2] bug_bench: skip — already done
[14:13:36] [metrics_4rep] E3[3] bug_bench: skip — already done
[14:13:36] [metrics_4rep] === config E3M ===
[14:13:36] [metrics_4rep] E3M[0] bug_bench: skip — corpus dirs missing
[14:13:36] [metrics_4rep] E3M[1] bug_bench: skip — corpus dirs missing
[14:13:36] [metrics_4rep] E3M[2] bug_bench: skip — corpus dirs missing
[14:13:36] [metrics_4rep] E3M[3] bug_bench: skip — corpus dirs missing
[14:13:36] [metrics_4rep] done
[14:13:36] [finalize] bug_bench rc=0
[14:13:36] [finalize] === AGGREGATE step ===
SUMMARY_4rep -> C:\Users\miaot\Github\BioTest\compares\ApplicationStudy\SUMMARY_4rep.md
[14:13:37] [finalize] aggregate rc=0
[14:13:37] [finalize] ===== finalize DONE =====
===CHAIN E1M+E3M DONE===
