[11:58:09] [noodles_vcf   ] === cascade start (container, max_iter=2) ===
[11:58:09] [noodles_vcf   ]     initial seeds: VCF=33  SAM=74
[11:58:09] [noodles_vcf   ] --- rep 0 ---
[11:58:09] [noodles_vcf   ]     seeds entering rep: {'vcf_total': 33, 'vcf_kept': 0, 'vcf_synthetic': 0, 'sam_total': 74, 'sam_kept': 0, 'sam_synthetic': 0}
[11:58:09] [noodles_vcf   ]     reset data/ + bug_reports/ (seeds + coverage_artifacts preserved — cumulative cascade)
[11:58:09] [noodles_vcf   ]     cmd: docker exec biotest-bench-setup python3.12 harness_run.py --mode E1M ...
[11:58:09] [noodles_vcf   ]     budget: 5400s (container)
[12:31:09] [noodles_vcf   ]     rep 0 exit=0 elapsed=1979s
[12:31:14] [noodles_vcf   ]     -> line=37.30% covered=2826/7584 status=ok seeds_after={'vcf_total': 62, 'vcf_kept': 27, 'vcf_synthetic': 2, 'sam_total': 74, 'sam_kept': 0, 'sam_synthetic': 0}
[12:31:14] [noodles_vcf   ] --- rep 1 ---
[12:31:14] [noodles_vcf   ]     seeds entering rep: {'vcf_total': 62, 'vcf_kept': 27, 'vcf_synthetic': 2, 'sam_total': 74, 'sam_kept': 0, 'sam_synthetic': 0}
[12:31:16] [noodles_vcf   ]     reset data/ + bug_reports/ (seeds + coverage_artifacts preserved — cumulative cascade)
[12:31:16] [noodles_vcf   ]     cmd: docker exec biotest-bench-setup python3.12 harness_run.py --mode E1M ...
[12:31:16] [noodles_vcf   ]     budget: 5400s (container)
[12:55:40] [noodles_vcf   ]     rep 1 exit=0 elapsed=1464s
[12:55:47] [noodles_vcf   ]     -> line=37.40% covered=2835/7584 status=ok seeds_after={'vcf_total': 87, 'vcf_kept': 42, 'vcf_synthetic': 12, 'sam_total': 74, 'sam_kept': 0, 'sam_synthetic': 0}
[12:55:47] [noodles_vcf   ] --- rep 2 ---
[12:55:47] [noodles_vcf   ]     seeds entering rep: {'vcf_total': 87, 'vcf_kept': 42, 'vcf_synthetic': 12, 'sam_total': 74, 'sam_kept': 0, 'sam_synthetic': 0}
[12:55:48] [noodles_vcf   ]     reset data/ + bug_reports/ (seeds + coverage_artifacts preserved — cumulative cascade)
[12:55:48] [noodles_vcf   ]     cmd: docker exec biotest-bench-setup python3.12 harness_run.py --mode E1M ...
[12:55:48] [noodles_vcf   ]     budget: 5400s (container)
[13:39:15] [noodles_vcf   ]     rep 2 exit=0 elapsed=2607s
[13:39:27] [noodles_vcf   ]     -> line=37.90% covered=2873/7584 status=ok seeds_after={'vcf_total': 227, 'vcf_kept': 172, 'vcf_synthetic': 22, 'sam_total': 74, 'sam_kept': 0, 'sam_synthetic': 0}
[13:39:27] [noodles_vcf   ] === cascade complete (3 reps) ===
