[02:51:19] [htsjdk_vcf    ] === cascade start (host, max_iter=2) ===
[02:51:19] [htsjdk_vcf    ]     initial seeds: VCF=33  SAM=74
[02:51:19] [htsjdk_vcf    ] --- rep 0 ---
[02:51:19] [htsjdk_vcf    ]     seeds entering rep: {'vcf_total': 33, 'vcf_kept': 0, 'vcf_synthetic': 0, 'sam_total': 74, 'sam_kept': 0, 'sam_synthetic': 0}
[02:51:19] [htsjdk_vcf    ]     reset data/ + bug_reports/ + coverage_artifacts/ (seeds preserved — independent trials)
[02:51:19] [htsjdk_vcf    ]     cmd: python harness_run.py --mode E3M --config biotest_config.rep0.yaml --phase B,C,E
[02:51:19] [htsjdk_vcf    ]     budget: 5400s (host)
[03:23:28] [htsjdk_vcf    ]     rep 0 exit=0 elapsed=1929s
[03:23:31] [htsjdk_vcf    ]     -> line=35.10% covered=1305/3716 status=ok seeds_after={'vcf_total': 33, 'vcf_kept': 0, 'vcf_synthetic': 0, 'sam_total': 74, 'sam_kept': 0, 'sam_synthetic': 0}
[03:23:31] [htsjdk_vcf    ] --- rep 1 ---
[03:23:31] [htsjdk_vcf    ]     seeds entering rep: {'vcf_total': 33, 'vcf_kept': 0, 'vcf_synthetic': 0, 'sam_total': 74, 'sam_kept': 0, 'sam_synthetic': 0}
[03:23:31] [htsjdk_vcf    ]     reset data/ + bug_reports/ + coverage_artifacts/ (seeds preserved — independent trials)
[03:23:31] [htsjdk_vcf    ]     cmd: python harness_run.py --mode E3M --config biotest_config.rep1.yaml --phase B,C,E
[03:23:31] [htsjdk_vcf    ]     budget: 5400s (host)
[03:44:01] [htsjdk_vcf    ]     rep 1 exit=0 elapsed=1230s
[03:44:05] [htsjdk_vcf    ]     -> line=32.40% covered=1204/3716 status=ok seeds_after={'vcf_total': 33, 'vcf_kept': 0, 'vcf_synthetic': 0, 'sam_total': 74, 'sam_kept': 0, 'sam_synthetic': 0}
[03:44:05] [htsjdk_vcf    ] --- rep 2 ---
[03:44:05] [htsjdk_vcf    ]     seeds entering rep: {'vcf_total': 33, 'vcf_kept': 0, 'vcf_synthetic': 0, 'sam_total': 74, 'sam_kept': 0, 'sam_synthetic': 0}
[03:44:05] [htsjdk_vcf    ]     reset data/ + bug_reports/ + coverage_artifacts/ (seeds preserved — independent trials)
[03:44:05] [htsjdk_vcf    ]     cmd: python harness_run.py --mode E3M --config biotest_config.rep2.yaml --phase B,C,E
[03:44:05] [htsjdk_vcf    ]     budget: 5400s (host)
[04:01:12] [htsjdk_vcf    ]     rep 2 exit=0 elapsed=1026s
[04:01:14] [htsjdk_vcf    ]     -> line=33.50% covered=1244/3716 status=ok seeds_after={'vcf_total': 33, 'vcf_kept': 0, 'vcf_synthetic': 0, 'sam_total': 74, 'sam_kept': 0, 'sam_synthetic': 0}
[04:01:14] [htsjdk_vcf    ] --- rep 3 ---
[04:01:14] [htsjdk_vcf    ]     seeds entering rep: {'vcf_total': 33, 'vcf_kept': 0, 'vcf_synthetic': 0, 'sam_total': 74, 'sam_kept': 0, 'sam_synthetic': 0}
[04:01:15] [htsjdk_vcf    ]     reset data/ + bug_reports/ + coverage_artifacts/ (seeds preserved — independent trials)
[04:01:15] [htsjdk_vcf    ]     cmd: python harness_run.py --mode E3M --config biotest_config.rep3.yaml --phase B,C,E
[04:01:15] [htsjdk_vcf    ]     budget: 5400s (host)
[04:18:47] [htsjdk_vcf    ]     rep 3 exit=0 elapsed=1052s
[04:18:50] [htsjdk_vcf    ]     -> line=32.00% covered=1188/3716 status=ok seeds_after={'vcf_total': 33, 'vcf_kept': 0, 'vcf_synthetic': 0, 'sam_total': 74, 'sam_kept': 0, 'sam_synthetic': 0}
[04:18:50] [htsjdk_vcf    ] === cascade complete (4 reps) ===
