[02:51:18] [vcfpy_vcf     ] === cascade start (host, max_iter=2) ===
[02:51:18] [vcfpy_vcf     ]     initial seeds: VCF=33  SAM=74
[02:51:18] [vcfpy_vcf     ] --- rep 0 ---
[02:51:18] [vcfpy_vcf     ]     seeds entering rep: {'vcf_total': 33, 'vcf_kept': 0, 'vcf_synthetic': 0, 'sam_total': 74, 'sam_kept': 0, 'sam_synthetic': 0}
[02:51:18] [vcfpy_vcf     ]     reset data/ + bug_reports/ (seeds + coverage_artifacts preserved — cumulative cascade)
[02:51:18] [vcfpy_vcf     ]     cmd: python harness_run.py --mode E1M --config biotest_config.rep0.yaml --phase D,E
[02:51:18] [vcfpy_vcf     ]     budget: 5400s (host)
[04:07:01] [vcfpy_vcf     ]     rep 0 exit=0 elapsed=4543s
[04:07:01] [vcfpy_vcf     ]     -> line=62.80% covered=738/1176 status=ok seeds_after={'vcf_total': 33, 'vcf_kept': 0, 'vcf_synthetic': 0, 'sam_total': 74, 'sam_kept': 0, 'sam_synthetic': 0}
[04:07:01] [vcfpy_vcf     ] --- rep 1 ---
[04:07:01] [vcfpy_vcf     ]     seeds entering rep: {'vcf_total': 33, 'vcf_kept': 0, 'vcf_synthetic': 0, 'sam_total': 74, 'sam_kept': 0, 'sam_synthetic': 0}
[04:07:04] [vcfpy_vcf     ]     reset data/ + bug_reports/ (seeds + coverage_artifacts preserved — cumulative cascade)
[04:07:04] [vcfpy_vcf     ]     cmd: python harness_run.py --mode E1M --config biotest_config.rep1.yaml --phase D,E
[04:07:04] [vcfpy_vcf     ]     budget: 5400s (host)
[05:15:07] [vcfpy_vcf     ]     rep 1 exit=0 elapsed=4082s
[05:15:08] [vcfpy_vcf     ]     -> line=62.80% covered=739/1176 status=ok seeds_after={'vcf_total': 33, 'vcf_kept': 0, 'vcf_synthetic': 0, 'sam_total': 74, 'sam_kept': 0, 'sam_synthetic': 0}
[05:15:08] [vcfpy_vcf     ] --- rep 2 ---
[05:15:08] [vcfpy_vcf     ]     seeds entering rep: {'vcf_total': 33, 'vcf_kept': 0, 'vcf_synthetic': 0, 'sam_total': 74, 'sam_kept': 0, 'sam_synthetic': 0}
[05:15:10] [vcfpy_vcf     ]     reset data/ + bug_reports/ (seeds + coverage_artifacts preserved — cumulative cascade)
[05:15:10] [vcfpy_vcf     ]     cmd: python harness_run.py --mode E1M --config biotest_config.rep2.yaml --phase D,E
[05:15:10] [vcfpy_vcf     ]     budget: 5400s (host)
[06:45:10] [vcfpy_vcf     ]     timeout after 5400s — sending CTRL_BREAK_EVENT (graceful)
[06:45:11] [vcfpy_vcf     ]     rep 2 exit=3221225786 elapsed=5400s
[06:45:11] [vcfpy_vcf     ]     -> line=62.80% covered=739/1176 status=ok seeds_after={'vcf_total': 56, 'vcf_kept': 14, 'vcf_synthetic': 9, 'sam_total': 74, 'sam_kept': 0, 'sam_synthetic': 0}
[06:45:11] [vcfpy_vcf     ] === cascade complete (3 reps) ===
