[02:51:19] [biopython_sam ] === cascade start (host, max_iter=2) ===
[02:51:19] [biopython_sam ]     initial seeds: VCF=33  SAM=74
[02:51:19] [biopython_sam ] --- rep 0 ---
[02:51:19] [biopython_sam ]     seeds entering rep: {'vcf_total': 33, 'vcf_kept': 0, 'vcf_synthetic': 0, 'sam_total': 74, 'sam_kept': 0, 'sam_synthetic': 0}
[02:51:19] [biopython_sam ]     reset data/ + bug_reports/ + coverage_artifacts/ (seeds preserved — independent trials)
[02:51:19] [biopython_sam ]     cmd: python harness_run.py --mode E3M --config biotest_config.rep0.yaml --phase B,C,E
[02:51:19] [biopython_sam ]     budget: 5400s (host)
[02:51:19] [biopython_sam ]     env: BIOTEST_MULTISHOT_K=2  BIOTEST_AUTO_INVOKE_PUBLIC_METHODS=1 (refine round 4)
[03:05:16] [biopython_sam ]     rep 0 exit=0 elapsed=837s
[03:05:17] [biopython_sam ]     -> line=46.80% covered=280/598 status=ok seeds_after={'vcf_total': 33, 'vcf_kept': 0, 'vcf_synthetic': 0, 'sam_total': 74, 'sam_kept': 0, 'sam_synthetic': 0}
[03:05:17] [biopython_sam ] --- rep 1 ---
[03:05:17] [biopython_sam ]     seeds entering rep: {'vcf_total': 33, 'vcf_kept': 0, 'vcf_synthetic': 0, 'sam_total': 74, 'sam_kept': 0, 'sam_synthetic': 0}
[03:05:17] [biopython_sam ]     reset data/ + bug_reports/ + coverage_artifacts/ (seeds preserved — independent trials)
[03:05:17] [biopython_sam ]     cmd: python harness_run.py --mode E3M --config biotest_config.rep1.yaml --phase B,C,E
[03:05:17] [biopython_sam ]     budget: 5400s (host)
[03:05:17] [biopython_sam ]     env: BIOTEST_MULTISHOT_K=2  BIOTEST_AUTO_INVOKE_PUBLIC_METHODS=1 (refine round 4)
[04:06:19] [biopython_sam ]     rep 1 exit=0 elapsed=3661s
[04:06:20] [biopython_sam ]     -> line=53.30% covered=319/598 status=ok seeds_after={'vcf_total': 33, 'vcf_kept': 0, 'vcf_synthetic': 0, 'sam_total': 74, 'sam_kept': 0, 'sam_synthetic': 0}
[04:06:20] [biopython_sam ] --- rep 2 ---
[04:06:20] [biopython_sam ]     seeds entering rep: {'vcf_total': 33, 'vcf_kept': 0, 'vcf_synthetic': 0, 'sam_total': 74, 'sam_kept': 0, 'sam_synthetic': 0}
[04:06:25] [biopython_sam ]     reset data/ + bug_reports/ + coverage_artifacts/ (seeds preserved — independent trials)
[04:06:25] [biopython_sam ]     cmd: python harness_run.py --mode E3M --config biotest_config.rep2.yaml --phase B,C,E
[04:06:25] [biopython_sam ]     budget: 5400s (host)
[04:06:25] [biopython_sam ]     env: BIOTEST_MULTISHOT_K=2  BIOTEST_AUTO_INVOKE_PUBLIC_METHODS=1 (refine round 4)
[04:32:48] [biopython_sam ]     rep 2 exit=0 elapsed=1583s
[04:32:49] [biopython_sam ]     -> line=53.20% covered=318/598 status=ok seeds_after={'vcf_total': 33, 'vcf_kept': 0, 'vcf_synthetic': 0, 'sam_total': 74, 'sam_kept': 0, 'sam_synthetic': 0}
[04:32:49] [biopython_sam ] --- rep 3 ---
[04:32:49] [biopython_sam ]     seeds entering rep: {'vcf_total': 33, 'vcf_kept': 0, 'vcf_synthetic': 0, 'sam_total': 74, 'sam_kept': 0, 'sam_synthetic': 0}
[04:32:51] [biopython_sam ]     reset data/ + bug_reports/ + coverage_artifacts/ (seeds preserved — independent trials)
[04:32:51] [biopython_sam ]     cmd: python harness_run.py --mode E3M --config biotest_config.rep3.yaml --phase B,C,E
[04:32:51] [biopython_sam ]     budget: 5400s (host)
[04:32:51] [biopython_sam ]     env: BIOTEST_MULTISHOT_K=2  BIOTEST_AUTO_INVOKE_PUBLIC_METHODS=1 (refine round 4)
[05:19:40] [biopython_sam ]     rep 3 exit=0 elapsed=2809s
[05:19:41] [biopython_sam ]     -> line=52.80% covered=316/598 status=ok seeds_after={'vcf_total': 33, 'vcf_kept': 0, 'vcf_synthetic': 0, 'sam_total': 74, 'sam_kept': 0, 'sam_synthetic': 0}
[05:19:41] [biopython_sam ] === cascade complete (4 reps) ===
