[master] cells: ['htsjdk_vcf', 'vcfpy_vcf', 'noodles_vcf', 'htsjdk_sam', 'biopython_sam', 'seqan3_sam']
[master] vcf_budget_s=5400  sam_budget_s=5400  reps=3
[setup] preparing container cov binaries...
[setup] container cov binaries ready
[master] launching 6 cells in parallel...
[master] cumulative=True
[02:43:00] [htsjdk_vcf    ] === cascade start (host, max_iter=2) ===
[02:43:00] [vcfpy_vcf     ] === cascade start (host, max_iter=2) ===
[02:43:00] [noodles_vcf   ] === cascade start (container, max_iter=2) ===
[02:43:00] [vcfpy_vcf     ]     initial seeds: VCF=33  SAM=74
[02:43:00] [htsjdk_vcf    ]     initial seeds: VCF=33  SAM=74
[02:43:00] [htsjdk_vcf    ] --- rep 0 ---
[02:43:00] [vcfpy_vcf     ] --- rep 0 ---
[02:43:00] [noodles_vcf   ]     initial seeds: VCF=33  SAM=74
[02:43:00] [noodles_vcf   ] --- rep 0 ---
[02:43:00] [htsjdk_vcf    ]     seeds entering rep: {'vcf_total': 33, 'vcf_kept': 0, 'vcf_synthetic': 0, 'sam_total': 74, 'sam_kept': 0, 'sam_synthetic': 0}
[02:43:00] [vcfpy_vcf     ]     seeds entering rep: {'vcf_total': 33, 'vcf_kept': 0, 'vcf_synthetic': 0, 'sam_total': 74, 'sam_kept': 0, 'sam_synthetic': 0}
[02:43:00] [noodles_vcf   ]     seeds entering rep: {'vcf_total': 33, 'vcf_kept': 0, 'vcf_synthetic': 0, 'sam_total': 74, 'sam_kept': 0, 'sam_synthetic': 0}
[02:43:00] [vcfpy_vcf     ]     reset data/ + bug_reports/ (seeds + coverage_artifacts preserved — cumulative cascade)
[02:43:00] [noodles_vcf   ]     reset data/ + bug_reports/ (seeds + coverage_artifacts preserved — cumulative cascade)
[02:43:00] [htsjdk_vcf    ]     reset data/ + bug_reports/ (seeds + coverage_artifacts preserved — cumulative cascade)
[02:43:00] [vcfpy_vcf     ]     cmd: python harness_run.py --mode E1M --config biotest_config.rep0.yaml --phase D,E
[02:43:00] [vcfpy_vcf     ]     budget: 5400s (host)
[02:43:00] [noodles_vcf   ]     cmd: docker exec biotest-bench-setup python3.12 harness_run.py --mode E1M ...
[02:43:00] [noodles_vcf   ]     budget: 5400s (container)
[02:43:00] [htsjdk_vcf    ]     cmd: python harness_run.py --mode E1M --config biotest_config.rep0.yaml --phase D,E
[02:43:00] [htsjdk_vcf    ]     budget: 5400s (host)
