[master] cells: ['htsjdk_vcf', 'vcfpy_vcf', 'noodles_vcf', 'htsjdk_sam', 'biopython_sam']
[master] vcf_budget_s=5400  sam_budget_s=5400  reps=3
[setup] preparing container cov binaries...
[setup] container cov binaries ready
[master] launching 5 cells in parallel...
[master] cumulative=True
[02:51:18] [htsjdk_vcf    ] === cascade start (host, max_iter=2) ===
[02:51:18] [vcfpy_vcf     ] === cascade start (host, max_iter=2) ===
[02:51:18] [noodles_vcf   ] === cascade start (container, max_iter=2) ===
[02:51:18] [htsjdk_sam    ] === cascade start (host, max_iter=2) ===
[02:51:18] [biopython_sam ] === cascade start (host, max_iter=2) ===
[02:51:18] [biopython_sam ]     initial seeds: VCF=33  SAM=74
[02:51:18] [biopython_sam ] --- rep 0 ---
[02:51:18] [biopython_sam ]     seeds entering rep: {'vcf_total': 33, 'vcf_kept': 0, 'vcf_synthetic': 0, 'sam_total': 74, 'sam_kept': 0, 'sam_synthetic': 0}
[02:51:18] [biopython_sam ]     reset data/ + bug_reports/ (seeds + coverage_artifacts preserved — cumulative cascade)
[02:51:18] [htsjdk_vcf    ]     initial seeds: VCF=33  SAM=74
[02:51:18] [htsjdk_vcf    ] --- rep 0 ---
[02:51:18] [biopython_sam ]     cmd: python harness_run.py --mode E1M --config biotest_config.rep0.yaml --phase D,E
[02:51:18] [biopython_sam ]     budget: 5400s (host)
[02:51:18] [htsjdk_vcf    ]     seeds entering rep: {'vcf_total': 33, 'vcf_kept': 0, 'vcf_synthetic': 0, 'sam_total': 74, 'sam_kept': 0, 'sam_synthetic': 0}
[02:51:18] [biopython_sam ]     env: BIOTEST_MULTISHOT_K=2  BIOTEST_AUTO_INVOKE_PUBLIC_METHODS=1 (refine round 4)
[02:51:18] [htsjdk_vcf    ]     reset data/ + bug_reports/ (seeds + coverage_artifacts preserved — cumulative cascade)
[02:51:18] [htsjdk_sam    ]     initial seeds: VCF=33  SAM=74
[02:51:18] [htsjdk_sam    ] --- rep 0 ---
[02:51:18] [noodles_vcf   ]     initial seeds: VCF=33  SAM=74
[02:51:18] [noodles_vcf   ] --- rep 0 ---
[02:51:18] [htsjdk_sam    ]     seeds entering rep: {'vcf_total': 33, 'vcf_kept': 0, 'vcf_synthetic': 0, 'sam_total': 74, 'sam_kept': 0, 'sam_synthetic': 0}
[02:51:18] [noodles_vcf   ]     seeds entering rep: {'vcf_total': 33, 'vcf_kept': 0, 'vcf_synthetic': 0, 'sam_total': 74, 'sam_kept': 0, 'sam_synthetic': 0}
[02:51:18] [htsjdk_vcf    ]     cmd: python harness_run.py --mode E1M --config biotest_config.rep0.yaml --phase D,E
[02:51:18] [htsjdk_vcf    ]     budget: 5400s (host)
[02:51:18] [htsjdk_sam    ]     reset data/ + bug_reports/ (seeds + coverage_artifacts preserved — cumulative cascade)
[02:51:18] [vcfpy_vcf     ]     initial seeds: VCF=33  SAM=74
[02:51:18] [vcfpy_vcf     ] --- rep 0 ---
[02:51:18] [noodles_vcf   ]     reset data/ + bug_reports/ (seeds + coverage_artifacts preserved — cumulative cascade)
[02:51:18] [htsjdk_sam    ]     cmd: python harness_run.py --mode E1M --config biotest_config.rep0.yaml --phase D,E
[02:51:18] [htsjdk_sam    ]     budget: 5400s (host)
[02:51:18] [htsjdk_sam    ]     env: BIOTEST_MULTISHOT_K=2  BIOTEST_AUTO_INVOKE_PUBLIC_METHODS=1 (refine round 4)
[02:51:18] [vcfpy_vcf     ]     seeds entering rep: {'vcf_total': 33, 'vcf_kept': 0, 'vcf_synthetic': 0, 'sam_total': 74, 'sam_kept': 0, 'sam_synthetic': 0}
[02:51:18] [noodles_vcf   ]     cmd: docker exec biotest-bench-setup python3.12 harness_run.py --mode E1M ...
[02:51:18] [noodles_vcf   ]     budget: 5400s (container)
[02:51:18] [vcfpy_vcf     ]     reset data/ + bug_reports/ (seeds + coverage_artifacts preserved — cumulative cascade)
[02:51:18] [vcfpy_vcf     ]     cmd: python harness_run.py --mode E1M --config biotest_config.rep0.yaml --phase D,E
[02:51:18] [vcfpy_vcf     ]     budget: 5400s (host)
[03:34:23] [noodles_vcf   ]     rep 0 exit=0 elapsed=2585s
[03:34:32] [noodles_vcf   ]     -> line=37.20% covered=2818/7584 status=ok seeds_after={'vcf_total': 135, 'vcf_kept': 88, 'vcf_synthetic': 14, 'sam_total': 74, 'sam_kept': 0, 'sam_synthetic': 0}
[03:34:32] [noodles_vcf   ] --- rep 1 ---
[03:34:32] [noodles_vcf   ]     seeds entering rep: {'vcf_total': 135, 'vcf_kept': 88, 'vcf_synthetic': 14, 'sam_total': 74, 'sam_kept': 0, 'sam_synthetic': 0}
[03:34:36] [noodles_vcf   ]     reset data/ + bug_reports/ (seeds + coverage_artifacts preserved — cumulative cascade)
[03:34:36] [noodles_vcf   ]     cmd: docker exec biotest-bench-setup python3.12 harness_run.py --mode E1M ...
[03:34:36] [noodles_vcf   ]     budget: 5400s (container)
[04:07:01] [vcfpy_vcf     ]     rep 0 exit=0 elapsed=4543s
[04:07:01] [vcfpy_vcf     ]     -> line=62.80% covered=738/1176 status=ok seeds_after={'vcf_total': 33, 'vcf_kept': 0, 'vcf_synthetic': 0, 'sam_total': 74, 'sam_kept': 0, 'sam_synthetic': 0}
[04:07:01] [vcfpy_vcf     ] --- rep 1 ---
[04:07:01] [vcfpy_vcf     ]     seeds entering rep: {'vcf_total': 33, 'vcf_kept': 0, 'vcf_synthetic': 0, 'sam_total': 74, 'sam_kept': 0, 'sam_synthetic': 0}
[04:07:04] [vcfpy_vcf     ]     reset data/ + bug_reports/ (seeds + coverage_artifacts preserved — cumulative cascade)
[04:07:04] [vcfpy_vcf     ]     cmd: python harness_run.py --mode E1M --config biotest_config.rep1.yaml --phase D,E
[04:07:04] [vcfpy_vcf     ]     budget: 5400s (host)
[04:15:27] [noodles_vcf   ]     rep 1 exit=0 elapsed=2451s
[04:15:40] [noodles_vcf   ]     -> line=37.80% covered=2865/7584 status=ok seeds_after={'vcf_total': 238, 'vcf_kept': 181, 'vcf_synthetic': 24, 'sam_total': 74, 'sam_kept': 0, 'sam_synthetic': 0}
[04:15:40] [noodles_vcf   ] --- rep 2 ---
[04:15:40] [noodles_vcf   ]     seeds entering rep: {'vcf_total': 238, 'vcf_kept': 181, 'vcf_synthetic': 24, 'sam_total': 74, 'sam_kept': 0, 'sam_synthetic': 0}
[04:15:41] [noodles_vcf   ]     reset data/ + bug_reports/ (seeds + coverage_artifacts preserved — cumulative cascade)
[04:15:41] [noodles_vcf   ]     cmd: docker exec biotest-bench-setup python3.12 harness_run.py --mode E1M ...
[04:15:41] [noodles_vcf   ]     budget: 5400s (container)
[04:21:18] [biopython_sam ]     timeout after 5400s — sending CTRL_BREAK_EVENT (graceful)
[04:21:18] [htsjdk_vcf    ]     timeout after 5400s — sending CTRL_BREAK_EVENT (graceful)
[04:21:18] [htsjdk_sam    ]     timeout after 5400s — sending CTRL_BREAK_EVENT (graceful)
[04:21:18] [biopython_sam ]     rep 0 exit=3221225786 elapsed=5400s
[04:21:18] [htsjdk_vcf    ]     rep 0 exit=3221225786 elapsed=5400s
[04:21:18] [htsjdk_sam    ]     rep 0 exit=3221225786 elapsed=5400s
[04:21:19] [biopython_sam ]     -> line=53.30% covered=319/598 status=ok seeds_after={'vcf_total': 33, 'vcf_kept': 0, 'vcf_synthetic': 0, 'sam_total': 228, 'sam_kept': 154, 'sam_synthetic': 0}
[04:21:19] [biopython_sam ] --- rep 1 ---
[04:21:19] [biopython_sam ]     seeds entering rep: {'vcf_total': 33, 'vcf_kept': 0, 'vcf_synthetic': 0, 'sam_total': 228, 'sam_kept': 154, 'sam_synthetic': 0}
[04:21:21] [htsjdk_sam    ]     -> line=27.50% covered=1418/5154 status=ok seeds_after={'vcf_total': 33, 'vcf_kept': 0, 'vcf_synthetic': 0, 'sam_total': 300, 'sam_kept': 226, 'sam_synthetic': 0}
[04:21:21] [htsjdk_sam    ] --- rep 1 ---
[04:21:21] [htsjdk_sam    ]     seeds entering rep: {'vcf_total': 33, 'vcf_kept': 0, 'vcf_synthetic': 0, 'sam_total': 300, 'sam_kept': 226, 'sam_synthetic': 0}
[04:21:21] [htsjdk_vcf    ]     -> line=47.60% covered=1770/3716 status=ok seeds_after={'vcf_total': 223, 'vcf_kept': 180, 'vcf_synthetic': 10, 'sam_total': 74, 'sam_kept': 0, 'sam_synthetic': 0}
[04:21:21] [htsjdk_vcf    ] --- rep 1 ---
[04:21:21] [htsjdk_vcf    ]     seeds entering rep: {'vcf_total': 223, 'vcf_kept': 180, 'vcf_synthetic': 10, 'sam_total': 74, 'sam_kept': 0, 'sam_synthetic': 0}
[04:21:24] [htsjdk_vcf    ]     reset data/ + bug_reports/ (seeds + coverage_artifacts preserved — cumulative cascade)
[04:21:24] [htsjdk_vcf    ]     cmd: python harness_run.py --mode E1M --config biotest_config.rep1.yaml --phase D,E
[04:21:24] [htsjdk_vcf    ]     budget: 5400s (host)
[04:21:26] [biopython_sam ]     reset data/ + bug_reports/ (seeds + coverage_artifacts preserved — cumulative cascade)
[04:21:26] [biopython_sam ]     cmd: python harness_run.py --mode E1M --config biotest_config.rep1.yaml --phase D,E
[04:21:26] [biopython_sam ]     budget: 5400s (host)
[04:21:26] [biopython_sam ]     env: BIOTEST_MULTISHOT_K=2  BIOTEST_AUTO_INVOKE_PUBLIC_METHODS=1 (refine round 4)
[04:21:30] [htsjdk_sam    ]     reset data/ + bug_reports/ (seeds + coverage_artifacts preserved — cumulative cascade)
[04:21:30] [htsjdk_sam    ]     cmd: python harness_run.py --mode E1M --config biotest_config.rep1.yaml --phase D,E
[04:21:30] [htsjdk_sam    ]     budget: 5400s (host)
[04:21:30] [htsjdk_sam    ]     env: BIOTEST_MULTISHOT_K=2  BIOTEST_AUTO_INVOKE_PUBLIC_METHODS=1 (refine round 4)
[05:15:07] [vcfpy_vcf     ]     rep 1 exit=0 elapsed=4082s
[05:15:08] [vcfpy_vcf     ]     -> line=62.80% covered=739/1176 status=ok seeds_after={'vcf_total': 33, 'vcf_kept': 0, 'vcf_synthetic': 0, 'sam_total': 74, 'sam_kept': 0, 'sam_synthetic': 0}
[05:15:08] [vcfpy_vcf     ] --- rep 2 ---
[05:15:08] [vcfpy_vcf     ]     seeds entering rep: {'vcf_total': 33, 'vcf_kept': 0, 'vcf_synthetic': 0, 'sam_total': 74, 'sam_kept': 0, 'sam_synthetic': 0}
[05:15:10] [vcfpy_vcf     ]     reset data/ + bug_reports/ (seeds + coverage_artifacts preserved — cumulative cascade)
[05:15:10] [vcfpy_vcf     ]     cmd: python harness_run.py --mode E1M --config biotest_config.rep2.yaml --phase D,E
[05:15:10] [vcfpy_vcf     ]     budget: 5400s (host)
[05:17:16] [noodles_vcf   ]     rep 2 exit=0 elapsed=3695s
[05:17:37] [noodles_vcf   ]     -> line=37.80% covered=2868/7584 status=ok seeds_after={'vcf_total': 492, 'vcf_kept': 425, 'vcf_synthetic': 34, 'sam_total': 74, 'sam_kept': 0, 'sam_synthetic': 0}
[05:17:37] [noodles_vcf   ] === cascade complete (3 reps) ===
[master] [noodles_vcf] CASCADE OK
[05:37:29] [htsjdk_sam    ]     rep 1 exit=0 elapsed=4559s
[05:37:32] [htsjdk_sam    ]     -> line=27.60% covered=1424/5154 status=ok seeds_after={'vcf_total': 33, 'vcf_kept': 0, 'vcf_synthetic': 0, 'sam_total': 598, 'sam_kept': 524, 'sam_synthetic': 0}
[05:37:32] [htsjdk_sam    ] --- rep 2 ---
[05:37:32] [htsjdk_sam    ]     seeds entering rep: {'vcf_total': 33, 'vcf_kept': 0, 'vcf_synthetic': 0, 'sam_total': 598, 'sam_kept': 524, 'sam_synthetic': 0}
[05:37:42] [htsjdk_sam    ]     reset data/ + bug_reports/ (seeds + coverage_artifacts preserved — cumulative cascade)
[05:37:42] [htsjdk_sam    ]     cmd: python harness_run.py --mode E1M --config biotest_config.rep2.yaml --phase D,E
[05:37:42] [htsjdk_sam    ]     budget: 5400s (host)
[05:37:42] [htsjdk_sam    ]     env: BIOTEST_MULTISHOT_K=2  BIOTEST_AUTO_INVOKE_PUBLIC_METHODS=1 (refine round 4)
[05:51:24] [htsjdk_vcf    ]     timeout after 5400s — sending CTRL_BREAK_EVENT (graceful)
[05:51:24] [htsjdk_vcf    ]     rep 1 exit=3221225786 elapsed=5400s
[05:51:26] [biopython_sam ]     timeout after 5400s — sending CTRL_BREAK_EVENT (graceful)
[05:51:26] [biopython_sam ]     rep 1 exit=3221225786 elapsed=5400s
[05:51:27] [htsjdk_vcf    ]     -> line=47.70% covered=1774/3716 status=ok seeds_after={'vcf_total': 581, 'vcf_kept': 531, 'vcf_synthetic': 17, 'sam_total': 74, 'sam_kept': 0, 'sam_synthetic': 0}
[05:51:27] [biopython_sam ]     -> line=53.30% covered=319/598 status=ok seeds_after={'vcf_total': 33, 'vcf_kept': 0, 'vcf_synthetic': 0, 'sam_total': 580, 'sam_kept': 506, 'sam_synthetic': 0}
[05:51:27] [htsjdk_vcf    ] --- rep 2 ---
[05:51:27] [biopython_sam ] --- rep 2 ---
[05:51:27] [biopython_sam ]     seeds entering rep: {'vcf_total': 33, 'vcf_kept': 0, 'vcf_synthetic': 0, 'sam_total': 580, 'sam_kept': 506, 'sam_synthetic': 0}
[05:51:27] [htsjdk_vcf    ]     seeds entering rep: {'vcf_total': 581, 'vcf_kept': 531, 'vcf_synthetic': 17, 'sam_total': 74, 'sam_kept': 0, 'sam_synthetic': 0}
[05:51:28] [htsjdk_vcf    ]     reset data/ + bug_reports/ (seeds + coverage_artifacts preserved — cumulative cascade)
[05:51:28] [htsjdk_vcf    ]     cmd: python harness_run.py --mode E1M --config biotest_config.rep2.yaml --phase D,E
[05:51:28] [htsjdk_vcf    ]     budget: 5400s (host)
[05:51:35] [biopython_sam ]     reset data/ + bug_reports/ (seeds + coverage_artifacts preserved — cumulative cascade)
[05:51:35] [biopython_sam ]     cmd: python harness_run.py --mode E1M --config biotest_config.rep2.yaml --phase D,E
[05:51:35] [biopython_sam ]     budget: 5400s (host)
[05:51:35] [biopython_sam ]     env: BIOTEST_MULTISHOT_K=2  BIOTEST_AUTO_INVOKE_PUBLIC_METHODS=1 (refine round 4)
[06:45:10] [vcfpy_vcf     ]     timeout after 5400s — sending CTRL_BREAK_EVENT (graceful)
[06:45:11] [vcfpy_vcf     ]     rep 2 exit=3221225786 elapsed=5400s
[06:45:11] [vcfpy_vcf     ]     -> line=62.80% covered=739/1176 status=ok seeds_after={'vcf_total': 56, 'vcf_kept': 14, 'vcf_synthetic': 9, 'sam_total': 74, 'sam_kept': 0, 'sam_synthetic': 0}
[06:45:11] [vcfpy_vcf     ] === cascade complete (3 reps) ===
[master] [vcfpy_vcf] CASCADE OK
[07:07:42] [htsjdk_sam    ]     timeout after 5400s — sending CTRL_BREAK_EVENT (graceful)
[07:07:42] [htsjdk_sam    ]     rep 2 exit=3221225786 elapsed=5400s
[07:07:44] [htsjdk_sam    ]     -> line=27.60% covered=1424/5154 status=ok seeds_after={'vcf_total': 33, 'vcf_kept': 0, 'vcf_synthetic': 0, 'sam_total': 1052, 'sam_kept': 978, 'sam_synthetic': 0}
[07:07:44] [htsjdk_sam    ] === cascade complete (3 reps) ===
[master] [htsjdk_sam] CASCADE OK
[07:21:28] [htsjdk_vcf    ]     timeout after 5400s — sending CTRL_BREAK_EVENT (graceful)
[07:21:29] [htsjdk_vcf    ]     rep 2 exit=3221225786 elapsed=5400s
[07:21:31] [htsjdk_vcf    ]     -> line=47.80% covered=1775/3716 status=ok seeds_after={'vcf_total': 996, 'vcf_kept': 936, 'vcf_synthetic': 27, 'sam_total': 74, 'sam_kept': 0, 'sam_synthetic': 0}
[07:21:31] [htsjdk_vcf    ] === cascade complete (3 reps) ===
[master] [htsjdk_vcf] CASCADE OK
[07:21:35] [biopython_sam ]     timeout after 5400s — sending CTRL_BREAK_EVENT (graceful)
[07:21:35] [biopython_sam ]     rep 2 exit=3221225786 elapsed=5400s
[07:21:36] [biopython_sam ]     -> line=3.00% covered=18/598 status=ok seeds_after={'vcf_total': 33, 'vcf_kept': 0, 'vcf_synthetic': 0, 'sam_total': 904, 'sam_kept': 825, 'sam_synthetic': 5}
[07:21:36] [biopython_sam ] === cascade complete (3 reps) ===
[master] [biopython_sam] CASCADE OK

[master] all cells complete in 270.3 min
