[master] cells: ['htsjdk_vcf', 'vcfpy_vcf', 'noodles_vcf', 'htsjdk_sam', 'biopython_sam']
[master] vcf_budget_s=5400  sam_budget_s=5400  reps=3
[setup] preparing container cov binaries...
[setup] container cov binaries ready
[master] launching 5 cells in parallel...
[master] cumulative=True
[07:27:33] [htsjdk_vcf    ] === cascade start (host, max_iter=2) ===
[07:27:33] [vcfpy_vcf     ] === cascade start (host, max_iter=2) ===
[07:27:33] [noodles_vcf   ] === cascade start (container, max_iter=2) ===
[07:27:33] [htsjdk_sam    ] === cascade start (host, max_iter=2) ===
[07:27:33] [biopython_sam ] === cascade start (host, max_iter=2) ===
[07:27:33] [noodles_vcf   ]     initial seeds: VCF=33  SAM=74
[07:27:33] [noodles_vcf   ] --- rep 0 ---
[07:27:33] [htsjdk_vcf    ]     initial seeds: VCF=33  SAM=74
[07:27:33] [htsjdk_vcf    ] --- rep 0 ---
[07:27:33] [noodles_vcf   ]     seeds entering rep: {'vcf_total': 33, 'vcf_kept': 0, 'vcf_synthetic': 0, 'sam_total': 74, 'sam_kept': 0, 'sam_synthetic': 0}
[07:27:33] [vcfpy_vcf     ]     initial seeds: VCF=33  SAM=74
[07:27:33] [vcfpy_vcf     ] --- rep 0 ---
[07:27:33] [htsjdk_vcf    ]     seeds entering rep: {'vcf_total': 33, 'vcf_kept': 0, 'vcf_synthetic': 0, 'sam_total': 74, 'sam_kept': 0, 'sam_synthetic': 0}
[07:27:33] [biopython_sam ]     initial seeds: VCF=33  SAM=74
[07:27:33] [biopython_sam ] --- rep 0 ---
[07:27:33] [htsjdk_sam    ]     initial seeds: VCF=33  SAM=74
[07:27:33] [htsjdk_sam    ] --- rep 0 ---
[07:27:33] [vcfpy_vcf     ]     seeds entering rep: {'vcf_total': 33, 'vcf_kept': 0, 'vcf_synthetic': 0, 'sam_total': 74, 'sam_kept': 0, 'sam_synthetic': 0}
[07:27:33] [noodles_vcf   ]     reset data/ + bug_reports/ (seeds + coverage_artifacts preserved — cumulative cascade)
[07:27:33] [htsjdk_vcf    ]     reset data/ + bug_reports/ (seeds + coverage_artifacts preserved — cumulative cascade)
[07:27:33] [htsjdk_sam    ]     seeds entering rep: {'vcf_total': 33, 'vcf_kept': 0, 'vcf_synthetic': 0, 'sam_total': 74, 'sam_kept': 0, 'sam_synthetic': 0}
[07:27:33] [vcfpy_vcf     ]     reset data/ + bug_reports/ (seeds + coverage_artifacts preserved — cumulative cascade)
[07:27:33] [biopython_sam ]     seeds entering rep: {'vcf_total': 33, 'vcf_kept': 0, 'vcf_synthetic': 0, 'sam_total': 74, 'sam_kept': 0, 'sam_synthetic': 0}
[07:27:33] [noodles_vcf   ]     cmd: docker exec biotest-bench-setup python3.12 harness_run.py --mode E1M ...
[07:27:33] [noodles_vcf   ]     budget: 5400s (container)
[07:27:33] [htsjdk_vcf    ]     cmd: python harness_run.py --mode E1M --config biotest_config.rep0.yaml --phase D,E
[07:27:33] [htsjdk_vcf    ]     budget: 5400s (host)
[07:27:33] [htsjdk_sam    ]     reset data/ + bug_reports/ (seeds + coverage_artifacts preserved — cumulative cascade)
[07:27:33] [vcfpy_vcf     ]     cmd: python harness_run.py --mode E1M --config biotest_config.rep0.yaml --phase D,E
[07:27:33] [vcfpy_vcf     ]     budget: 5400s (host)
[07:27:33] [biopython_sam ]     reset data/ + bug_reports/ (seeds + coverage_artifacts preserved — cumulative cascade)
[07:27:33] [htsjdk_sam    ]     cmd: python harness_run.py --mode E1M --config biotest_config.rep0.yaml --phase D,E
[07:27:33] [htsjdk_sam    ]     budget: 5400s (host)
[07:27:33] [htsjdk_sam    ]     env: BIOTEST_MULTISHOT_K=2  BIOTEST_AUTO_INVOKE_PUBLIC_METHODS=1 (refine round 4)
[07:27:33] [biopython_sam ]     cmd: python harness_run.py --mode E1M --config biotest_config.rep0.yaml --phase D,E
[07:27:33] [biopython_sam ]     budget: 5400s (host)
[07:27:33] [biopython_sam ]     env: BIOTEST_MULTISHOT_K=2  BIOTEST_AUTO_INVOKE_PUBLIC_METHODS=1 (refine round 4)
[07:55:08] [noodles_vcf   ]     rep 0 exit=0 elapsed=1655s
[07:55:12] [noodles_vcf   ]     -> line=34.90% covered=2648/7584 status=ok seeds_after={'vcf_total': 87, 'vcf_kept': 48, 'vcf_synthetic': 6, 'sam_total': 74, 'sam_kept': 0, 'sam_synthetic': 0}
[07:55:12] [noodles_vcf   ] --- rep 1 ---
[07:55:12] [noodles_vcf   ]     seeds entering rep: {'vcf_total': 87, 'vcf_kept': 48, 'vcf_synthetic': 6, 'sam_total': 74, 'sam_kept': 0, 'sam_synthetic': 0}
[07:55:13] [noodles_vcf   ]     reset data/ + bug_reports/ (seeds + coverage_artifacts preserved — cumulative cascade)
[07:55:13] [noodles_vcf   ]     cmd: docker exec biotest-bench-setup python3.12 harness_run.py --mode E1M ...
[07:55:13] [noodles_vcf   ]     budget: 5400s (container)
[08:31:22] [noodles_vcf   ]     rep 1 exit=0 elapsed=2168s
[08:31:31] [noodles_vcf   ]     -> line=37.40% covered=2836/7584 status=ok seeds_after={'vcf_total': 168, 'vcf_kept': 119, 'vcf_synthetic': 16, 'sam_total': 74, 'sam_kept': 0, 'sam_synthetic': 0}
[08:31:31] [noodles_vcf   ] --- rep 2 ---
[08:31:31] [noodles_vcf   ]     seeds entering rep: {'vcf_total': 168, 'vcf_kept': 119, 'vcf_synthetic': 16, 'sam_total': 74, 'sam_kept': 0, 'sam_synthetic': 0}
[08:31:33] [noodles_vcf   ]     reset data/ + bug_reports/ (seeds + coverage_artifacts preserved — cumulative cascade)
[08:31:33] [noodles_vcf   ]     cmd: docker exec biotest-bench-setup python3.12 harness_run.py --mode E1M ...
[08:31:33] [noodles_vcf   ]     budget: 5400s (container)
[08:41:14] [vcfpy_vcf     ]     rep 0 exit=0 elapsed=4420s
[08:41:15] [vcfpy_vcf     ]     -> line=62.80% covered=739/1176 status=ok seeds_after={'vcf_total': 33, 'vcf_kept': 0, 'vcf_synthetic': 0, 'sam_total': 74, 'sam_kept': 0, 'sam_synthetic': 0}
[08:41:15] [vcfpy_vcf     ] --- rep 1 ---
[08:41:15] [vcfpy_vcf     ]     seeds entering rep: {'vcf_total': 33, 'vcf_kept': 0, 'vcf_synthetic': 0, 'sam_total': 74, 'sam_kept': 0, 'sam_synthetic': 0}
[08:41:17] [vcfpy_vcf     ]     reset data/ + bug_reports/ (seeds + coverage_artifacts preserved — cumulative cascade)
[08:41:17] [vcfpy_vcf     ]     cmd: python harness_run.py --mode E1M --config biotest_config.rep1.yaml --phase D,E
[08:41:17] [vcfpy_vcf     ]     budget: 5400s (host)
[08:47:41] [biopython_sam ]     rep 0 exit=0 elapsed=4808s
[08:47:42] [biopython_sam ]     -> line=54.20% covered=324/598 status=ok seeds_after={'vcf_total': 33, 'vcf_kept': 0, 'vcf_synthetic': 0, 'sam_total': 174, 'sam_kept': 100, 'sam_synthetic': 0}
[08:47:42] [biopython_sam ] --- rep 1 ---
[08:47:42] [biopython_sam ]     seeds entering rep: {'vcf_total': 33, 'vcf_kept': 0, 'vcf_synthetic': 0, 'sam_total': 174, 'sam_kept': 100, 'sam_synthetic': 0}
[08:47:47] [biopython_sam ]     reset data/ + bug_reports/ (seeds + coverage_artifacts preserved — cumulative cascade)
[08:47:47] [biopython_sam ]     cmd: python harness_run.py --mode E1M --config biotest_config.rep1.yaml --phase D,E
[08:47:47] [biopython_sam ]     budget: 5400s (host)
[08:47:47] [biopython_sam ]     env: BIOTEST_MULTISHOT_K=2  BIOTEST_AUTO_INVOKE_PUBLIC_METHODS=1 (refine round 4)
[08:57:33] [htsjdk_vcf    ]     timeout after 5400s — sending CTRL_BREAK_EVENT (graceful)
[08:57:33] [htsjdk_vcf    ]     rep 0 exit=3221225786 elapsed=5400s
[08:57:33] [htsjdk_sam    ]     timeout after 5400s — sending CTRL_BREAK_EVENT (graceful)
[08:57:33] [htsjdk_sam    ]     rep 0 exit=3221225786 elapsed=5400s
[08:57:36] [htsjdk_sam    ]     -> line=27.70% covered=1426/5154 status=ok seeds_after={'vcf_total': 33, 'vcf_kept': 0, 'vcf_synthetic': 0, 'sam_total': 489, 'sam_kept': 410, 'sam_synthetic': 5}
[08:57:36] [htsjdk_sam    ] --- rep 1 ---
[08:57:36] [htsjdk_sam    ]     seeds entering rep: {'vcf_total': 33, 'vcf_kept': 0, 'vcf_synthetic': 0, 'sam_total': 489, 'sam_kept': 410, 'sam_synthetic': 5}
[08:57:36] [htsjdk_vcf    ]     -> line=48.90% covered=1816/3716 status=ok seeds_after={'vcf_total': 309, 'vcf_kept': 266, 'vcf_synthetic': 10, 'sam_total': 74, 'sam_kept': 0, 'sam_synthetic': 0}
[08:57:36] [htsjdk_vcf    ] --- rep 1 ---
[08:57:36] [htsjdk_vcf    ]     seeds entering rep: {'vcf_total': 309, 'vcf_kept': 266, 'vcf_synthetic': 10, 'sam_total': 74, 'sam_kept': 0, 'sam_synthetic': 0}
[08:57:38] [htsjdk_vcf    ]     reset data/ + bug_reports/ (seeds + coverage_artifacts preserved — cumulative cascade)
[08:57:38] [htsjdk_vcf    ]     cmd: python harness_run.py --mode E1M --config biotest_config.rep1.yaml --phase D,E
[08:57:38] [htsjdk_vcf    ]     budget: 5400s (host)
[08:57:46] [htsjdk_sam    ]     reset data/ + bug_reports/ (seeds + coverage_artifacts preserved — cumulative cascade)
[08:57:46] [htsjdk_sam    ]     cmd: python harness_run.py --mode E1M --config biotest_config.rep1.yaml --phase D,E
[08:57:46] [htsjdk_sam    ]     budget: 5400s (host)
[08:57:46] [htsjdk_sam    ]     env: BIOTEST_MULTISHOT_K=2  BIOTEST_AUTO_INVOKE_PUBLIC_METHODS=1 (refine round 4)
[09:14:15] [noodles_vcf   ]     rep 2 exit=0 elapsed=2561s
[09:14:33] [noodles_vcf   ]     -> line=37.60% covered=2853/7584 status=ok seeds_after={'vcf_total': 357, 'vcf_kept': 298, 'vcf_synthetic': 26, 'sam_total': 74, 'sam_kept': 0, 'sam_synthetic': 0}
[09:14:33] [noodles_vcf   ] === cascade complete (3 reps) ===
[master] [noodles_vcf] CASCADE OK
[10:09:17] [biopython_sam ]     rep 1 exit=0 elapsed=4890s
[10:09:17] [vcfpy_vcf     ]     rep 1 exit=0 elapsed=5280s
[10:09:18] [vcfpy_vcf     ]     -> line=65.60% covered=771/1176 status=ok seeds_after={'vcf_total': 33, 'vcf_kept': 0, 'vcf_synthetic': 0, 'sam_total': 74, 'sam_kept': 0, 'sam_synthetic': 0}
[10:09:18] [vcfpy_vcf     ] --- rep 2 ---
[10:09:18] [vcfpy_vcf     ]     seeds entering rep: {'vcf_total': 33, 'vcf_kept': 0, 'vcf_synthetic': 0, 'sam_total': 74, 'sam_kept': 0, 'sam_synthetic': 0}
[10:09:18] [biopython_sam ]     -> line=52.50% covered=314/598 status=ok seeds_after={'vcf_total': 33, 'vcf_kept': 0, 'vcf_synthetic': 0, 'sam_total': 338, 'sam_kept': 264, 'sam_synthetic': 0}
[10:09:18] [biopython_sam ] --- rep 2 ---
[10:09:18] [biopython_sam ]     seeds entering rep: {'vcf_total': 33, 'vcf_kept': 0, 'vcf_synthetic': 0, 'sam_total': 338, 'sam_kept': 264, 'sam_synthetic': 0}
[10:09:19] [biopython_sam ]     reset data/ + bug_reports/ (seeds + coverage_artifacts preserved — cumulative cascade)
[10:09:19] [biopython_sam ]     cmd: python harness_run.py --mode E1M --config biotest_config.rep2.yaml --phase D,E
[10:09:19] [biopython_sam ]     budget: 5400s (host)
[10:09:19] [biopython_sam ]     env: BIOTEST_MULTISHOT_K=2  BIOTEST_AUTO_INVOKE_PUBLIC_METHODS=1 (refine round 4)
[10:09:21] [vcfpy_vcf     ]     reset data/ + bug_reports/ (seeds + coverage_artifacts preserved — cumulative cascade)
[10:09:21] [vcfpy_vcf     ]     cmd: python harness_run.py --mode E1M --config biotest_config.rep2.yaml --phase D,E
[10:09:21] [vcfpy_vcf     ]     budget: 5400s (host)
[10:27:38] [htsjdk_vcf    ]     timeout after 5400s — sending CTRL_BREAK_EVENT (graceful)
[10:27:38] [htsjdk_vcf    ]     rep 1 exit=3221225786 elapsed=5400s
[10:27:41] [htsjdk_vcf    ]     -> line=49.00% covered=1822/3716 status=ok seeds_after={'vcf_total': 496, 'vcf_kept': 443, 'vcf_synthetic': 20, 'sam_total': 74, 'sam_kept': 0, 'sam_synthetic': 0}
[10:27:41] [htsjdk_vcf    ] --- rep 2 ---
[10:27:41] [htsjdk_vcf    ]     seeds entering rep: {'vcf_total': 496, 'vcf_kept': 443, 'vcf_synthetic': 20, 'sam_total': 74, 'sam_kept': 0, 'sam_synthetic': 0}
[10:27:43] [htsjdk_vcf    ]     reset data/ + bug_reports/ (seeds + coverage_artifacts preserved — cumulative cascade)
[10:27:43] [htsjdk_vcf    ]     cmd: python harness_run.py --mode E1M --config biotest_config.rep2.yaml --phase D,E
[10:27:43] [htsjdk_vcf    ]     budget: 5400s (host)
[10:27:46] [htsjdk_sam    ]     timeout after 5400s — sending CTRL_BREAK_EVENT (graceful)
[10:27:46] [htsjdk_sam    ]     rep 1 exit=3221225786 elapsed=5400s
[10:27:49] [htsjdk_sam    ]     -> line=31.10% covered=1604/5154 status=ok seeds_after={'vcf_total': 33, 'vcf_kept': 0, 'vcf_synthetic': 0, 'sam_total': 956, 'sam_kept': 877, 'sam_synthetic': 5}
[10:27:49] [htsjdk_sam    ] --- rep 2 ---
[10:27:49] [htsjdk_sam    ]     seeds entering rep: {'vcf_total': 33, 'vcf_kept': 0, 'vcf_synthetic': 0, 'sam_total': 956, 'sam_kept': 877, 'sam_synthetic': 5}
[10:28:04] [htsjdk_sam    ]     reset data/ + bug_reports/ (seeds + coverage_artifacts preserved — cumulative cascade)
[10:28:04] [htsjdk_sam    ]     cmd: python harness_run.py --mode E1M --config biotest_config.rep2.yaml --phase D,E
[10:28:04] [htsjdk_sam    ]     budget: 5400s (host)
[10:28:04] [htsjdk_sam    ]     env: BIOTEST_MULTISHOT_K=2  BIOTEST_AUTO_INVOKE_PUBLIC_METHODS=1 (refine round 4)
[11:19:30] [vcfpy_vcf     ]     rep 2 exit=0 elapsed=4210s
[11:19:32] [vcfpy_vcf     ]     -> line=62.80% covered=739/1176 status=ok seeds_after={'vcf_total': 33, 'vcf_kept': 0, 'vcf_synthetic': 0, 'sam_total': 74, 'sam_kept': 0, 'sam_synthetic': 0}
[11:19:32] [vcfpy_vcf     ] === cascade complete (3 reps) ===
[master] [vcfpy_vcf] CASCADE OK
[11:31:25] [biopython_sam ]     rep 2 exit=0 elapsed=4926s
[11:31:26] [biopython_sam ]     -> line=52.50% covered=314/598 status=ok seeds_after={'vcf_total': 33, 'vcf_kept': 0, 'vcf_synthetic': 0, 'sam_total': 532, 'sam_kept': 458, 'sam_synthetic': 0}
[11:31:26] [biopython_sam ] === cascade complete (3 reps) ===
[master] [biopython_sam] CASCADE OK
[11:57:43] [htsjdk_vcf    ]     timeout after 5400s — sending CTRL_BREAK_EVENT (graceful)
[11:57:43] [htsjdk_vcf    ]     rep 2 exit=3221225786 elapsed=5400s
[11:57:46] [htsjdk_vcf    ]     -> line=49.10% covered=1825/3716 status=ok seeds_after={'vcf_total': 662, 'vcf_kept': 602, 'vcf_synthetic': 27, 'sam_total': 74, 'sam_kept': 0, 'sam_synthetic': 0}
[11:57:46] [htsjdk_vcf    ] === cascade complete (3 reps) ===
[master] [htsjdk_vcf] CASCADE OK
[11:58:04] [htsjdk_sam    ]     timeout after 5400s — sending CTRL_BREAK_EVENT (graceful)
[11:58:04] [htsjdk_sam    ]     rep 2 exit=3221225786 elapsed=5400s
[11:58:07] [htsjdk_sam    ]     -> line=31.10% covered=1604/5154 status=ok seeds_after={'vcf_total': 33, 'vcf_kept': 0, 'vcf_synthetic': 0, 'sam_total': 1539, 'sam_kept': 1460, 'sam_synthetic': 5}
[11:58:07] [htsjdk_sam    ] === cascade complete (3 reps) ===
[master] [htsjdk_sam] CASCADE OK

[master] all cells complete in 270.6 min
