[master] cells: ['seqan3_sam']
[master] vcf_budget_s=5400  sam_budget_s=5400  reps=3
[setup] preparing container cov binaries...
[setup] container cov binaries ready
[master] launching 1 cells in parallel...
[master] cumulative=True
[02:51:18] [seqan3_sam    ] === cascade start (container, max_iter=2) ===
[02:51:18] [seqan3_sam    ]     initial seeds: VCF=33  SAM=74
[02:51:18] [seqan3_sam    ] --- rep 0 ---
[02:51:18] [seqan3_sam    ]     seeds entering rep: {'vcf_total': 33, 'vcf_kept': 0, 'vcf_synthetic': 0, 'sam_total': 74, 'sam_kept': 0, 'sam_synthetic': 0}
[02:51:18] [seqan3_sam    ]     reset data/ + bug_reports/ (seeds + coverage_artifacts preserved — cumulative cascade)
[02:51:18] [seqan3_sam    ]     env (container): BIOTEST_MULTISHOT_K=2 (refine round 4)
[02:51:18] [seqan3_sam    ]     cmd: docker exec biotest-bench-setup python3.12 harness_run.py --mode E1M ...
[02:51:18] [seqan3_sam    ]     budget: 5400s (container)
[04:28:03] [seqan3_sam    ]     rep 0 exit=0 elapsed=5805s
[04:28:09] [seqan3_sam    ]     -> line=93.70% covered=754/805 status=ok seeds_after={'vcf_total': 33, 'vcf_kept': 0, 'vcf_synthetic': 0, 'sam_total': 684, 'sam_kept': 605, 'sam_synthetic': 5}
[04:28:09] [seqan3_sam    ] --- rep 1 ---
[04:28:09] [seqan3_sam    ]     seeds entering rep: {'vcf_total': 33, 'vcf_kept': 0, 'vcf_synthetic': 0, 'sam_total': 684, 'sam_kept': 605, 'sam_synthetic': 5}
[04:28:28] [seqan3_sam    ]     reset data/ + bug_reports/ (seeds + coverage_artifacts preserved — cumulative cascade)
[04:28:28] [seqan3_sam    ]     env (container): BIOTEST_MULTISHOT_K=2 (refine round 4)
[04:28:28] [seqan3_sam    ]     cmd: docker exec biotest-bench-setup python3.12 harness_run.py --mode E1M ...
[04:28:28] [seqan3_sam    ]     budget: 5400s (container)
[06:05:19] [seqan3_sam    ]     rep 1 exit=0 elapsed=5812s
[06:05:24] [seqan3_sam    ]     -> line=94.20% covered=758/805 status=ok seeds_after={'vcf_total': 33, 'vcf_kept': 0, 'vcf_synthetic': 0, 'sam_total': 1653, 'sam_kept': 1574, 'sam_synthetic': 5}
[06:05:24] [seqan3_sam    ] --- rep 2 ---
[06:05:24] [seqan3_sam    ]     seeds entering rep: {'vcf_total': 33, 'vcf_kept': 0, 'vcf_synthetic': 0, 'sam_total': 1653, 'sam_kept': 1574, 'sam_synthetic': 5}
[06:05:45] [seqan3_sam    ]     reset data/ + bug_reports/ (seeds + coverage_artifacts preserved — cumulative cascade)
[06:05:45] [seqan3_sam    ]     env (container): BIOTEST_MULTISHOT_K=2 (refine round 4)
[06:05:45] [seqan3_sam    ]     cmd: docker exec biotest-bench-setup python3.12 harness_run.py --mode E1M ...
[06:05:45] [seqan3_sam    ]     budget: 5400s (container)
[07:27:26] [seqan3_sam    ]     rep 2 exit=0 elapsed=4901s
[07:27:29] [seqan3_sam    ]     -> line=93.90% covered=756/805 status=ok seeds_after={'vcf_total': 33, 'vcf_kept': 0, 'vcf_synthetic': 0, 'sam_total': 2084, 'sam_kept': 2000, 'sam_synthetic': 10}
[07:27:29] [seqan3_sam    ] === cascade complete (3 reps) ===
[master] [seqan3_sam] CASCADE OK

[master] all cells complete in 276.2 min
