[master] cells: ['seqan3_sam']
[master] vcf_budget_s=5400  sam_budget_s=5400  reps=4
[setup] preparing container cov binaries...
[setup] container cov binaries ready
[master] launching 1 cells in parallel...
[master] cumulative=False
[11:25:48] [seqan3_sam    ] === cascade start (container, max_iter=2) ===
[11:25:48] [seqan3_sam    ]     initial seeds: VCF=33  SAM=74
[11:25:48] [seqan3_sam    ] --- rep 0 ---
[11:25:48] [seqan3_sam    ]     seeds entering rep: {'vcf_total': 33, 'vcf_kept': 0, 'vcf_synthetic': 0, 'sam_total': 74, 'sam_kept': 0, 'sam_synthetic': 0}
[11:25:48] [seqan3_sam    ]     reset data/ + bug_reports/ + coverage_artifacts/ (seeds preserved — independent trials)
[11:25:48] [seqan3_sam    ]     env (container): BIOTEST_MULTISHOT_K=2 (refine round 4)
[11:25:48] [seqan3_sam    ]     cmd: docker exec biotest-bench-setup python3.12 harness_run.py --mode E3M ...
[11:25:48] [seqan3_sam    ]     budget: 5400s (container)
[11:43:29] [seqan3_sam    ]     rep 0 exit=0 elapsed=1061s
[11:43:33] [seqan3_sam    ]     -> line=93.70% covered=754/805 status=ok seeds_after={'vcf_total': 33, 'vcf_kept': 0, 'vcf_synthetic': 0, 'sam_total': 74, 'sam_kept': 0, 'sam_synthetic': 0}
[11:43:33] [seqan3_sam    ] --- rep 1 ---
[11:43:33] [seqan3_sam    ]     seeds entering rep: {'vcf_total': 33, 'vcf_kept': 0, 'vcf_synthetic': 0, 'sam_total': 74, 'sam_kept': 0, 'sam_synthetic': 0}
[11:43:36] [seqan3_sam    ]     reset data/ + bug_reports/ + coverage_artifacts/ (seeds preserved — independent trials)
[11:43:36] [seqan3_sam    ]     env (container): BIOTEST_MULTISHOT_K=2 (refine round 4)
[11:43:36] [seqan3_sam    ]     cmd: docker exec biotest-bench-setup python3.12 harness_run.py --mode E3M ...
[11:43:36] [seqan3_sam    ]     budget: 5400s (container)
[12:04:17] [seqan3_sam    ]     rep 1 exit=0 elapsed=1240s
[12:04:20] [seqan3_sam    ]     -> line=93.20% covered=750/805 status=ok seeds_after={'vcf_total': 33, 'vcf_kept': 0, 'vcf_synthetic': 0, 'sam_total': 74, 'sam_kept': 0, 'sam_synthetic': 0}
[12:04:20] [seqan3_sam    ] --- rep 2 ---
[12:04:20] [seqan3_sam    ]     seeds entering rep: {'vcf_total': 33, 'vcf_kept': 0, 'vcf_synthetic': 0, 'sam_total': 74, 'sam_kept': 0, 'sam_synthetic': 0}
[12:04:23] [seqan3_sam    ]     reset data/ + bug_reports/ + coverage_artifacts/ (seeds preserved — independent trials)
[12:04:23] [seqan3_sam    ]     env (container): BIOTEST_MULTISHOT_K=2 (refine round 4)
[12:04:23] [seqan3_sam    ]     cmd: docker exec biotest-bench-setup python3.12 harness_run.py --mode E3M ...
[12:04:23] [seqan3_sam    ]     budget: 5400s (container)
[12:18:52] [seqan3_sam    ]     rep 2 exit=0 elapsed=870s
[12:18:57] [seqan3_sam    ]     -> line=91.20% covered=734/805 status=ok seeds_after={'vcf_total': 33, 'vcf_kept': 0, 'vcf_synthetic': 0, 'sam_total': 74, 'sam_kept': 0, 'sam_synthetic': 0}
[12:18:57] [seqan3_sam    ] --- rep 3 ---
[12:18:57] [seqan3_sam    ]     seeds entering rep: {'vcf_total': 33, 'vcf_kept': 0, 'vcf_synthetic': 0, 'sam_total': 74, 'sam_kept': 0, 'sam_synthetic': 0}
[12:18:57] [seqan3_sam    ]     reset data/ + bug_reports/ + coverage_artifacts/ (seeds preserved — independent trials)
[12:18:57] [seqan3_sam    ]     env (container): BIOTEST_MULTISHOT_K=2 (refine round 4)
[12:18:57] [seqan3_sam    ]     cmd: docker exec biotest-bench-setup python3.12 harness_run.py --mode E3M ...
[12:18:57] [seqan3_sam    ]     budget: 5400s (container)
[12:36:58] [seqan3_sam    ]     rep 3 exit=0 elapsed=1080s
[12:37:02] [seqan3_sam    ]     -> line=93.40% covered=752/805 status=ok seeds_after={'vcf_total': 33, 'vcf_kept': 0, 'vcf_synthetic': 0, 'sam_total': 74, 'sam_kept': 0, 'sam_synthetic': 0}
[12:37:02] [seqan3_sam    ] === cascade complete (4 reps) ===
[master] [seqan3_sam] CASCADE OK

[master] all cells complete in 71.2 min
