[master] cells: ['htsjdk_vcf', 'vcfpy_vcf', 'noodles_vcf', 'htsjdk_sam', 'biopython_sam']
[master] vcf_budget_s=5400  sam_budget_s=5400  reps=4
[setup] preparing container cov binaries...
[setup] container cov binaries ready
[master] launching 5 cells in parallel...
[master] cumulative=False
[02:51:19] [htsjdk_vcf    ] === cascade start (host, max_iter=2) ===
[02:51:19] [vcfpy_vcf     ] === cascade start (host, max_iter=2) ===
[02:51:19] [noodles_vcf   ] === cascade start (container, max_iter=2) ===
[02:51:19] [biopython_sam ] === cascade start (host, max_iter=2) ===
[02:51:19] [htsjdk_sam    ] === cascade start (host, max_iter=2) ===
[02:51:19] [noodles_vcf   ]     initial seeds: VCF=33  SAM=74
[02:51:19] [noodles_vcf   ] --- rep 0 ---
[02:51:19] [noodles_vcf   ]     seeds entering rep: {'vcf_total': 33, 'vcf_kept': 0, 'vcf_synthetic': 0, 'sam_total': 74, 'sam_kept': 0, 'sam_synthetic': 0}
[02:51:19] [vcfpy_vcf     ]     initial seeds: VCF=33  SAM=74
[02:51:19] [vcfpy_vcf     ] --- rep 0 ---
[02:51:19] [vcfpy_vcf     ]     seeds entering rep: {'vcf_total': 33, 'vcf_kept': 0, 'vcf_synthetic': 0, 'sam_total': 74, 'sam_kept': 0, 'sam_synthetic': 0}
[02:51:19] [noodles_vcf   ]     reset data/ + bug_reports/ + coverage_artifacts/ (seeds preserved — independent trials)
[02:51:19] [biopython_sam ]     initial seeds: VCF=33  SAM=74
[02:51:19] [biopython_sam ] --- rep 0 ---
[02:51:19] [htsjdk_sam    ]     initial seeds: VCF=33  SAM=74
[02:51:19] [htsjdk_sam    ] --- rep 0 ---
[02:51:19] [htsjdk_vcf    ]     initial seeds: VCF=33  SAM=74
[02:51:19] [htsjdk_vcf    ] --- rep 0 ---
[02:51:19] [vcfpy_vcf     ]     reset data/ + bug_reports/ + coverage_artifacts/ (seeds preserved — independent trials)
[02:51:19] [biopython_sam ]     seeds entering rep: {'vcf_total': 33, 'vcf_kept': 0, 'vcf_synthetic': 0, 'sam_total': 74, 'sam_kept': 0, 'sam_synthetic': 0}
[02:51:19] [noodles_vcf   ]     cmd: docker exec biotest-bench-setup python3.12 harness_run.py --mode E3M ...
[02:51:19] [htsjdk_sam    ]     seeds entering rep: {'vcf_total': 33, 'vcf_kept': 0, 'vcf_synthetic': 0, 'sam_total': 74, 'sam_kept': 0, 'sam_synthetic': 0}
[02:51:19] [noodles_vcf   ]     budget: 5400s (container)
[02:51:19] [htsjdk_vcf    ]     seeds entering rep: {'vcf_total': 33, 'vcf_kept': 0, 'vcf_synthetic': 0, 'sam_total': 74, 'sam_kept': 0, 'sam_synthetic': 0}
[02:51:19] [vcfpy_vcf     ]     cmd: python harness_run.py --mode E3M --config biotest_config.rep0.yaml --phase B,C,E
[02:51:19] [vcfpy_vcf     ]     budget: 5400s (host)
[02:51:19] [biopython_sam ]     reset data/ + bug_reports/ + coverage_artifacts/ (seeds preserved — independent trials)
[02:51:19] [htsjdk_sam    ]     reset data/ + bug_reports/ + coverage_artifacts/ (seeds preserved — independent trials)
[02:51:19] [htsjdk_vcf    ]     reset data/ + bug_reports/ + coverage_artifacts/ (seeds preserved — independent trials)
[02:51:19] [htsjdk_sam    ]     cmd: python harness_run.py --mode E3M --config biotest_config.rep0.yaml --phase B,C,E
[02:51:19] [htsjdk_sam    ]     budget: 5400s (host)
[02:51:19] [htsjdk_sam    ]     env: BIOTEST_MULTISHOT_K=2  BIOTEST_AUTO_INVOKE_PUBLIC_METHODS=1 (refine round 4)
[02:51:19] [biopython_sam ]     cmd: python harness_run.py --mode E3M --config biotest_config.rep0.yaml --phase B,C,E
[02:51:19] [biopython_sam ]     budget: 5400s (host)
[02:51:19] [htsjdk_vcf    ]     cmd: python harness_run.py --mode E3M --config biotest_config.rep0.yaml --phase B,C,E
[02:51:19] [htsjdk_vcf    ]     budget: 5400s (host)
[02:51:19] [biopython_sam ]     env: BIOTEST_MULTISHOT_K=2  BIOTEST_AUTO_INVOKE_PUBLIC_METHODS=1 (refine round 4)
[03:00:14] [noodles_vcf   ]     rep 0 exit=0 elapsed=535s
[03:00:17] [noodles_vcf   ]     -> line=11.40% covered=862/7584 status=ok seeds_after={'vcf_total': 33, 'vcf_kept': 0, 'vcf_synthetic': 0, 'sam_total': 74, 'sam_kept': 0, 'sam_synthetic': 0}
[03:00:17] [noodles_vcf   ] --- rep 1 ---
[03:00:17] [noodles_vcf   ]     seeds entering rep: {'vcf_total': 33, 'vcf_kept': 0, 'vcf_synthetic': 0, 'sam_total': 74, 'sam_kept': 0, 'sam_synthetic': 0}
[03:00:17] [noodles_vcf   ]     reset data/ + bug_reports/ + coverage_artifacts/ (seeds preserved — independent trials)
[03:00:17] [noodles_vcf   ]     cmd: docker exec biotest-bench-setup python3.12 harness_run.py --mode E3M ...
[03:00:17] [noodles_vcf   ]     budget: 5400s (container)
[03:01:49] [htsjdk_sam    ]     rep 0 exit=0 elapsed=630s
[03:01:52] [htsjdk_sam    ]     -> line=23.40% covered=1207/5154 status=ok seeds_after={'vcf_total': 33, 'vcf_kept': 0, 'vcf_synthetic': 0, 'sam_total': 74, 'sam_kept': 0, 'sam_synthetic': 0}
[03:01:52] [htsjdk_sam    ] --- rep 1 ---
[03:01:52] [htsjdk_sam    ]     seeds entering rep: {'vcf_total': 33, 'vcf_kept': 0, 'vcf_synthetic': 0, 'sam_total': 74, 'sam_kept': 0, 'sam_synthetic': 0}
[03:01:52] [htsjdk_sam    ]     reset data/ + bug_reports/ + coverage_artifacts/ (seeds preserved — independent trials)
[03:01:52] [htsjdk_sam    ]     cmd: python harness_run.py --mode E3M --config biotest_config.rep1.yaml --phase B,C,E
[03:01:52] [htsjdk_sam    ]     budget: 5400s (host)
[03:01:52] [htsjdk_sam    ]     env: BIOTEST_MULTISHOT_K=2  BIOTEST_AUTO_INVOKE_PUBLIC_METHODS=1 (refine round 4)
[03:05:16] [biopython_sam ]     rep 0 exit=0 elapsed=837s
[03:05:17] [biopython_sam ]     -> line=46.80% covered=280/598 status=ok seeds_after={'vcf_total': 33, 'vcf_kept': 0, 'vcf_synthetic': 0, 'sam_total': 74, 'sam_kept': 0, 'sam_synthetic': 0}
[03:05:17] [biopython_sam ] --- rep 1 ---
[03:05:17] [biopython_sam ]     seeds entering rep: {'vcf_total': 33, 'vcf_kept': 0, 'vcf_synthetic': 0, 'sam_total': 74, 'sam_kept': 0, 'sam_synthetic': 0}
[03:05:17] [biopython_sam ]     reset data/ + bug_reports/ + coverage_artifacts/ (seeds preserved — independent trials)
[03:05:17] [biopython_sam ]     cmd: python harness_run.py --mode E3M --config biotest_config.rep1.yaml --phase B,C,E
[03:05:17] [biopython_sam ]     budget: 5400s (host)
[03:05:17] [biopython_sam ]     env: BIOTEST_MULTISHOT_K=2  BIOTEST_AUTO_INVOKE_PUBLIC_METHODS=1 (refine round 4)
[03:13:15] [noodles_vcf   ]     rep 1 exit=0 elapsed=778s
[03:13:20] [noodles_vcf   ]     -> line=11.40% covered=862/7584 status=ok seeds_after={'vcf_total': 33, 'vcf_kept': 0, 'vcf_synthetic': 0, 'sam_total': 74, 'sam_kept': 0, 'sam_synthetic': 0}
[03:13:20] [noodles_vcf   ] --- rep 2 ---
[03:13:20] [noodles_vcf   ]     seeds entering rep: {'vcf_total': 33, 'vcf_kept': 0, 'vcf_synthetic': 0, 'sam_total': 74, 'sam_kept': 0, 'sam_synthetic': 0}
[03:13:20] [noodles_vcf   ]     reset data/ + bug_reports/ + coverage_artifacts/ (seeds preserved — independent trials)
[03:13:20] [noodles_vcf   ]     cmd: docker exec biotest-bench-setup python3.12 harness_run.py --mode E3M ...
[03:13:20] [noodles_vcf   ]     budget: 5400s (container)
[03:14:10] [htsjdk_sam    ]     rep 1 exit=0 elapsed=738s
[03:14:14] [htsjdk_sam    ]     -> line=23.10% covered=1191/5154 status=ok seeds_after={'vcf_total': 33, 'vcf_kept': 0, 'vcf_synthetic': 0, 'sam_total': 74, 'sam_kept': 0, 'sam_synthetic': 0}
[03:14:14] [htsjdk_sam    ] --- rep 2 ---
[03:14:14] [htsjdk_sam    ]     seeds entering rep: {'vcf_total': 33, 'vcf_kept': 0, 'vcf_synthetic': 0, 'sam_total': 74, 'sam_kept': 0, 'sam_synthetic': 0}
[03:14:14] [htsjdk_sam    ]     reset data/ + bug_reports/ + coverage_artifacts/ (seeds preserved — independent trials)
[03:14:14] [htsjdk_sam    ]     cmd: python harness_run.py --mode E3M --config biotest_config.rep2.yaml --phase B,C,E
[03:14:14] [htsjdk_sam    ]     budget: 5400s (host)
[03:14:14] [htsjdk_sam    ]     env: BIOTEST_MULTISHOT_K=2  BIOTEST_AUTO_INVOKE_PUBLIC_METHODS=1 (refine round 4)
[03:23:28] [htsjdk_vcf    ]     rep 0 exit=0 elapsed=1929s
[03:23:31] [htsjdk_vcf    ]     -> line=35.10% covered=1305/3716 status=ok seeds_after={'vcf_total': 33, 'vcf_kept': 0, 'vcf_synthetic': 0, 'sam_total': 74, 'sam_kept': 0, 'sam_synthetic': 0}
[03:23:31] [htsjdk_vcf    ] --- rep 1 ---
[03:23:31] [htsjdk_vcf    ]     seeds entering rep: {'vcf_total': 33, 'vcf_kept': 0, 'vcf_synthetic': 0, 'sam_total': 74, 'sam_kept': 0, 'sam_synthetic': 0}
[03:23:31] [htsjdk_vcf    ]     reset data/ + bug_reports/ + coverage_artifacts/ (seeds preserved — independent trials)
[03:23:31] [htsjdk_vcf    ]     cmd: python harness_run.py --mode E3M --config biotest_config.rep1.yaml --phase B,C,E
[03:23:31] [htsjdk_vcf    ]     budget: 5400s (host)
[03:23:38] [vcfpy_vcf     ]     rep 0 exit=0 elapsed=1939s
[03:23:39] [vcfpy_vcf     ]     -> line=64.00% covered=753/1176 status=ok seeds_after={'vcf_total': 33, 'vcf_kept': 0, 'vcf_synthetic': 0, 'sam_total': 74, 'sam_kept': 0, 'sam_synthetic': 0}
[03:23:39] [vcfpy_vcf     ] --- rep 1 ---
[03:23:39] [vcfpy_vcf     ]     seeds entering rep: {'vcf_total': 33, 'vcf_kept': 0, 'vcf_synthetic': 0, 'sam_total': 74, 'sam_kept': 0, 'sam_synthetic': 0}
[03:23:42] [vcfpy_vcf     ]     reset data/ + bug_reports/ + coverage_artifacts/ (seeds preserved — independent trials)
[03:23:42] [vcfpy_vcf     ]     cmd: python harness_run.py --mode E3M --config biotest_config.rep1.yaml --phase B,C,E
[03:23:42] [vcfpy_vcf     ]     budget: 5400s (host)
[03:24:26] [noodles_vcf   ]     rep 2 exit=0 elapsed=666s
[03:24:35] [noodles_vcf   ]     -> line=12.60% covered=954/7584 status=ok seeds_after={'vcf_total': 33, 'vcf_kept': 0, 'vcf_synthetic': 0, 'sam_total': 74, 'sam_kept': 0, 'sam_synthetic': 0}
[03:24:35] [noodles_vcf   ] --- rep 3 ---
[03:24:35] [noodles_vcf   ]     seeds entering rep: {'vcf_total': 33, 'vcf_kept': 0, 'vcf_synthetic': 0, 'sam_total': 74, 'sam_kept': 0, 'sam_synthetic': 0}
[03:24:35] [noodles_vcf   ]     reset data/ + bug_reports/ + coverage_artifacts/ (seeds preserved — independent trials)
[03:24:35] [noodles_vcf   ]     cmd: docker exec biotest-bench-setup python3.12 harness_run.py --mode E3M ...
[03:24:35] [noodles_vcf   ]     budget: 5400s (container)
[03:35:15] [noodles_vcf   ]     rep 3 exit=0 elapsed=640s
[03:35:20] [noodles_vcf   ]     -> line=12.60% covered=952/7584 status=ok seeds_after={'vcf_total': 33, 'vcf_kept': 0, 'vcf_synthetic': 0, 'sam_total': 74, 'sam_kept': 0, 'sam_synthetic': 0}
[03:35:20] [noodles_vcf   ] === cascade complete (4 reps) ===
[master] [noodles_vcf] CASCADE OK
[03:44:01] [htsjdk_vcf    ]     rep 1 exit=0 elapsed=1230s
[03:44:05] [htsjdk_vcf    ]     -> line=32.40% covered=1204/3716 status=ok seeds_after={'vcf_total': 33, 'vcf_kept': 0, 'vcf_synthetic': 0, 'sam_total': 74, 'sam_kept': 0, 'sam_synthetic': 0}
[03:44:05] [htsjdk_vcf    ] --- rep 2 ---
[03:44:05] [htsjdk_vcf    ]     seeds entering rep: {'vcf_total': 33, 'vcf_kept': 0, 'vcf_synthetic': 0, 'sam_total': 74, 'sam_kept': 0, 'sam_synthetic': 0}
[03:44:05] [htsjdk_vcf    ]     reset data/ + bug_reports/ + coverage_artifacts/ (seeds preserved — independent trials)
[03:44:05] [htsjdk_vcf    ]     cmd: python harness_run.py --mode E3M --config biotest_config.rep2.yaml --phase B,C,E
[03:44:05] [htsjdk_vcf    ]     budget: 5400s (host)
[03:48:08] [vcfpy_vcf     ]     rep 1 exit=0 elapsed=1467s
[03:48:09] [vcfpy_vcf     ]     -> line=63.40% covered=746/1176 status=ok seeds_after={'vcf_total': 33, 'vcf_kept': 0, 'vcf_synthetic': 0, 'sam_total': 74, 'sam_kept': 0, 'sam_synthetic': 0}
[03:48:09] [vcfpy_vcf     ] --- rep 2 ---
[03:48:09] [vcfpy_vcf     ]     seeds entering rep: {'vcf_total': 33, 'vcf_kept': 0, 'vcf_synthetic': 0, 'sam_total': 74, 'sam_kept': 0, 'sam_synthetic': 0}
[03:48:10] [vcfpy_vcf     ]     reset data/ + bug_reports/ + coverage_artifacts/ (seeds preserved — independent trials)
[03:48:10] [vcfpy_vcf     ]     cmd: python harness_run.py --mode E3M --config biotest_config.rep2.yaml --phase B,C,E
[03:48:10] [vcfpy_vcf     ]     budget: 5400s (host)
[03:59:03] [vcfpy_vcf     ]     rep 2 exit=1 elapsed=653s
[03:59:04] [vcfpy_vcf     ]     -> line=31.90% covered=375/1176 status=ok seeds_after={'vcf_total': 33, 'vcf_kept': 0, 'vcf_synthetic': 0, 'sam_total': 74, 'sam_kept': 0, 'sam_synthetic': 0}
[03:59:04] [vcfpy_vcf     ] --- rep 3 ---
[03:59:04] [vcfpy_vcf     ]     seeds entering rep: {'vcf_total': 33, 'vcf_kept': 0, 'vcf_synthetic': 0, 'sam_total': 74, 'sam_kept': 0, 'sam_synthetic': 0}
[03:59:04] [vcfpy_vcf     ]     reset data/ + bug_reports/ + coverage_artifacts/ (seeds preserved — independent trials)
[03:59:04] [vcfpy_vcf     ]     cmd: python harness_run.py --mode E3M --config biotest_config.rep3.yaml --phase B,C,E
[03:59:04] [vcfpy_vcf     ]     budget: 5400s (host)
[04:01:12] [htsjdk_vcf    ]     rep 2 exit=0 elapsed=1026s
[04:01:14] [htsjdk_vcf    ]     -> line=33.50% covered=1244/3716 status=ok seeds_after={'vcf_total': 33, 'vcf_kept': 0, 'vcf_synthetic': 0, 'sam_total': 74, 'sam_kept': 0, 'sam_synthetic': 0}
[04:01:14] [htsjdk_vcf    ] --- rep 3 ---
[04:01:14] [htsjdk_vcf    ]     seeds entering rep: {'vcf_total': 33, 'vcf_kept': 0, 'vcf_synthetic': 0, 'sam_total': 74, 'sam_kept': 0, 'sam_synthetic': 0}
[04:01:15] [htsjdk_vcf    ]     reset data/ + bug_reports/ + coverage_artifacts/ (seeds preserved — independent trials)
[04:01:15] [htsjdk_vcf    ]     cmd: python harness_run.py --mode E3M --config biotest_config.rep3.yaml --phase B,C,E
[04:01:15] [htsjdk_vcf    ]     budget: 5400s (host)
[04:06:19] [biopython_sam ]     rep 1 exit=0 elapsed=3661s
[04:06:20] [biopython_sam ]     -> line=53.30% covered=319/598 status=ok seeds_after={'vcf_total': 33, 'vcf_kept': 0, 'vcf_synthetic': 0, 'sam_total': 74, 'sam_kept': 0, 'sam_synthetic': 0}
[04:06:20] [biopython_sam ] --- rep 2 ---
[04:06:20] [biopython_sam ]     seeds entering rep: {'vcf_total': 33, 'vcf_kept': 0, 'vcf_synthetic': 0, 'sam_total': 74, 'sam_kept': 0, 'sam_synthetic': 0}
[04:06:25] [biopython_sam ]     reset data/ + bug_reports/ + coverage_artifacts/ (seeds preserved — independent trials)
[04:06:25] [biopython_sam ]     cmd: python harness_run.py --mode E3M --config biotest_config.rep2.yaml --phase B,C,E
[04:06:25] [biopython_sam ]     budget: 5400s (host)
[04:06:25] [biopython_sam ]     env: BIOTEST_MULTISHOT_K=2  BIOTEST_AUTO_INVOKE_PUBLIC_METHODS=1 (refine round 4)
[04:12:43] [htsjdk_sam    ]     rep 2 exit=0 elapsed=3509s
[04:12:46] [htsjdk_sam    ]     -> line=27.50% covered=1418/5154 status=ok seeds_after={'vcf_total': 33, 'vcf_kept': 0, 'vcf_synthetic': 0, 'sam_total': 74, 'sam_kept': 0, 'sam_synthetic': 0}
[04:12:46] [htsjdk_sam    ] --- rep 3 ---
[04:12:46] [htsjdk_sam    ]     seeds entering rep: {'vcf_total': 33, 'vcf_kept': 0, 'vcf_synthetic': 0, 'sam_total': 74, 'sam_kept': 0, 'sam_synthetic': 0}
[04:12:50] [htsjdk_sam    ]     reset data/ + bug_reports/ + coverage_artifacts/ (seeds preserved — independent trials)
[04:12:50] [htsjdk_sam    ]     cmd: python harness_run.py --mode E3M --config biotest_config.rep3.yaml --phase B,C,E
[04:12:50] [htsjdk_sam    ]     budget: 5400s (host)
[04:12:50] [htsjdk_sam    ]     env: BIOTEST_MULTISHOT_K=2  BIOTEST_AUTO_INVOKE_PUBLIC_METHODS=1 (refine round 4)
[04:18:47] [htsjdk_vcf    ]     rep 3 exit=0 elapsed=1052s
[04:18:50] [htsjdk_vcf    ]     -> line=32.00% covered=1188/3716 status=ok seeds_after={'vcf_total': 33, 'vcf_kept': 0, 'vcf_synthetic': 0, 'sam_total': 74, 'sam_kept': 0, 'sam_synthetic': 0}
[04:18:50] [htsjdk_vcf    ] === cascade complete (4 reps) ===
[master] [htsjdk_vcf] CASCADE OK
[04:28:10] [htsjdk_sam    ]     rep 3 exit=0 elapsed=920s
[04:28:13] [htsjdk_sam    ]     -> line=26.40% covered=1361/5154 status=ok seeds_after={'vcf_total': 33, 'vcf_kept': 0, 'vcf_synthetic': 0, 'sam_total': 74, 'sam_kept': 0, 'sam_synthetic': 0}
[04:28:13] [htsjdk_sam    ] === cascade complete (4 reps) ===
[master] [htsjdk_sam] CASCADE OK
[04:31:56] [vcfpy_vcf     ]     rep 3 exit=0 elapsed=1971s
[04:31:56] [vcfpy_vcf     ]     -> line=62.80% covered=739/1176 status=ok seeds_after={'vcf_total': 33, 'vcf_kept': 0, 'vcf_synthetic': 0, 'sam_total': 74, 'sam_kept': 0, 'sam_synthetic': 0}
[04:31:56] [vcfpy_vcf     ] === cascade complete (4 reps) ===
[master] [vcfpy_vcf] CASCADE OK
[04:32:48] [biopython_sam ]     rep 2 exit=0 elapsed=1583s
[04:32:49] [biopython_sam ]     -> line=53.20% covered=318/598 status=ok seeds_after={'vcf_total': 33, 'vcf_kept': 0, 'vcf_synthetic': 0, 'sam_total': 74, 'sam_kept': 0, 'sam_synthetic': 0}
[04:32:49] [biopython_sam ] --- rep 3 ---
[04:32:49] [biopython_sam ]     seeds entering rep: {'vcf_total': 33, 'vcf_kept': 0, 'vcf_synthetic': 0, 'sam_total': 74, 'sam_kept': 0, 'sam_synthetic': 0}
[04:32:51] [biopython_sam ]     reset data/ + bug_reports/ + coverage_artifacts/ (seeds preserved — independent trials)
[04:32:51] [biopython_sam ]     cmd: python harness_run.py --mode E3M --config biotest_config.rep3.yaml --phase B,C,E
[04:32:51] [biopython_sam ]     budget: 5400s (host)
[04:32:51] [biopython_sam ]     env: BIOTEST_MULTISHOT_K=2  BIOTEST_AUTO_INVOKE_PUBLIC_METHODS=1 (refine round 4)
[05:19:40] [biopython_sam ]     rep 3 exit=0 elapsed=2809s
[05:19:41] [biopython_sam ]     -> line=52.80% covered=316/598 status=ok seeds_after={'vcf_total': 33, 'vcf_kept': 0, 'vcf_synthetic': 0, 'sam_total': 74, 'sam_kept': 0, 'sam_synthetic': 0}
[05:19:41] [biopython_sam ] === cascade complete (4 reps) ===
[master] [biopython_sam] CASCADE OK

[master] all cells complete in 148.4 min
