[07:27:33] [htsjdk_vcf    ] === cascade start (host, max_iter=2) ===
[07:27:33] [htsjdk_vcf    ]     initial seeds: VCF=33  SAM=74
[07:27:33] [htsjdk_vcf    ] --- rep 0 ---
[07:27:33] [htsjdk_vcf    ]     seeds entering rep: {'vcf_total': 33, 'vcf_kept': 0, 'vcf_synthetic': 0, 'sam_total': 74, 'sam_kept': 0, 'sam_synthetic': 0}
[07:27:33] [htsjdk_vcf    ]     reset data/ + bug_reports/ (seeds + coverage_artifacts preserved — cumulative cascade)
[07:27:33] [htsjdk_vcf    ]     cmd: python harness_run.py --mode E1M --config biotest_config.rep0.yaml --phase D,E
[07:27:33] [htsjdk_vcf    ]     budget: 5400s (host)
[08:57:33] [htsjdk_vcf    ]     timeout after 5400s — sending CTRL_BREAK_EVENT (graceful)
[08:57:33] [htsjdk_vcf    ]     rep 0 exit=3221225786 elapsed=5400s
[08:57:36] [htsjdk_vcf    ]     -> line=48.90% covered=1816/3716 status=ok seeds_after={'vcf_total': 309, 'vcf_kept': 266, 'vcf_synthetic': 10, 'sam_total': 74, 'sam_kept': 0, 'sam_synthetic': 0}
[08:57:36] [htsjdk_vcf    ] --- rep 1 ---
[08:57:36] [htsjdk_vcf    ]     seeds entering rep: {'vcf_total': 309, 'vcf_kept': 266, 'vcf_synthetic': 10, 'sam_total': 74, 'sam_kept': 0, 'sam_synthetic': 0}
[08:57:38] [htsjdk_vcf    ]     reset data/ + bug_reports/ (seeds + coverage_artifacts preserved — cumulative cascade)
[08:57:38] [htsjdk_vcf    ]     cmd: python harness_run.py --mode E1M --config biotest_config.rep1.yaml --phase D,E
[08:57:38] [htsjdk_vcf    ]     budget: 5400s (host)
[10:27:38] [htsjdk_vcf    ]     timeout after 5400s — sending CTRL_BREAK_EVENT (graceful)
[10:27:38] [htsjdk_vcf    ]     rep 1 exit=3221225786 elapsed=5400s
[10:27:41] [htsjdk_vcf    ]     -> line=49.00% covered=1822/3716 status=ok seeds_after={'vcf_total': 496, 'vcf_kept': 443, 'vcf_synthetic': 20, 'sam_total': 74, 'sam_kept': 0, 'sam_synthetic': 0}
[10:27:41] [htsjdk_vcf    ] --- rep 2 ---
[10:27:41] [htsjdk_vcf    ]     seeds entering rep: {'vcf_total': 496, 'vcf_kept': 443, 'vcf_synthetic': 20, 'sam_total': 74, 'sam_kept': 0, 'sam_synthetic': 0}
[10:27:43] [htsjdk_vcf    ]     reset data/ + bug_reports/ (seeds + coverage_artifacts preserved — cumulative cascade)
[10:27:43] [htsjdk_vcf    ]     cmd: python harness_run.py --mode E1M --config biotest_config.rep2.yaml --phase D,E
[10:27:43] [htsjdk_vcf    ]     budget: 5400s (host)
[11:57:43] [htsjdk_vcf    ]     timeout after 5400s — sending CTRL_BREAK_EVENT (graceful)
[11:57:43] [htsjdk_vcf    ]     rep 2 exit=3221225786 elapsed=5400s
[11:57:46] [htsjdk_vcf    ]     -> line=49.10% covered=1825/3716 status=ok seeds_after={'vcf_total': 662, 'vcf_kept': 602, 'vcf_synthetic': 27, 'sam_total': 74, 'sam_kept': 0, 'sam_synthetic': 0}
[11:57:46] [htsjdk_vcf    ] === cascade complete (3 reps) ===
