[02:51:19] [htsjdk_sam    ] === cascade start (host, max_iter=2) ===
[02:51:19] [htsjdk_sam    ]     initial seeds: VCF=33  SAM=74
[02:51:19] [htsjdk_sam    ] --- rep 0 ---
[02:51:19] [htsjdk_sam    ]     seeds entering rep: {'vcf_total': 33, 'vcf_kept': 0, 'vcf_synthetic': 0, 'sam_total': 74, 'sam_kept': 0, 'sam_synthetic': 0}
[02:51:19] [htsjdk_sam    ]     reset data/ + bug_reports/ + coverage_artifacts/ (seeds preserved — independent trials)
[02:51:19] [htsjdk_sam    ]     cmd: python harness_run.py --mode E3M --config biotest_config.rep0.yaml --phase B,C,E
[02:51:19] [htsjdk_sam    ]     budget: 5400s (host)
[02:51:19] [htsjdk_sam    ]     env: BIOTEST_MULTISHOT_K=2  BIOTEST_AUTO_INVOKE_PUBLIC_METHODS=1 (refine round 4)
[03:01:49] [htsjdk_sam    ]     rep 0 exit=0 elapsed=630s
[03:01:52] [htsjdk_sam    ]     -> line=23.40% covered=1207/5154 status=ok seeds_after={'vcf_total': 33, 'vcf_kept': 0, 'vcf_synthetic': 0, 'sam_total': 74, 'sam_kept': 0, 'sam_synthetic': 0}
[03:01:52] [htsjdk_sam    ] --- rep 1 ---
[03:01:52] [htsjdk_sam    ]     seeds entering rep: {'vcf_total': 33, 'vcf_kept': 0, 'vcf_synthetic': 0, 'sam_total': 74, 'sam_kept': 0, 'sam_synthetic': 0}
[03:01:52] [htsjdk_sam    ]     reset data/ + bug_reports/ + coverage_artifacts/ (seeds preserved — independent trials)
[03:01:52] [htsjdk_sam    ]     cmd: python harness_run.py --mode E3M --config biotest_config.rep1.yaml --phase B,C,E
[03:01:52] [htsjdk_sam    ]     budget: 5400s (host)
[03:01:52] [htsjdk_sam    ]     env: BIOTEST_MULTISHOT_K=2  BIOTEST_AUTO_INVOKE_PUBLIC_METHODS=1 (refine round 4)
[03:14:10] [htsjdk_sam    ]     rep 1 exit=0 elapsed=738s
[03:14:14] [htsjdk_sam    ]     -> line=23.10% covered=1191/5154 status=ok seeds_after={'vcf_total': 33, 'vcf_kept': 0, 'vcf_synthetic': 0, 'sam_total': 74, 'sam_kept': 0, 'sam_synthetic': 0}
[03:14:14] [htsjdk_sam    ] --- rep 2 ---
[03:14:14] [htsjdk_sam    ]     seeds entering rep: {'vcf_total': 33, 'vcf_kept': 0, 'vcf_synthetic': 0, 'sam_total': 74, 'sam_kept': 0, 'sam_synthetic': 0}
[03:14:14] [htsjdk_sam    ]     reset data/ + bug_reports/ + coverage_artifacts/ (seeds preserved — independent trials)
[03:14:14] [htsjdk_sam    ]     cmd: python harness_run.py --mode E3M --config biotest_config.rep2.yaml --phase B,C,E
[03:14:14] [htsjdk_sam    ]     budget: 5400s (host)
[03:14:14] [htsjdk_sam    ]     env: BIOTEST_MULTISHOT_K=2  BIOTEST_AUTO_INVOKE_PUBLIC_METHODS=1 (refine round 4)
[04:12:43] [htsjdk_sam    ]     rep 2 exit=0 elapsed=3509s
[04:12:46] [htsjdk_sam    ]     -> line=27.50% covered=1418/5154 status=ok seeds_after={'vcf_total': 33, 'vcf_kept': 0, 'vcf_synthetic': 0, 'sam_total': 74, 'sam_kept': 0, 'sam_synthetic': 0}
[04:12:46] [htsjdk_sam    ] --- rep 3 ---
[04:12:46] [htsjdk_sam    ]     seeds entering rep: {'vcf_total': 33, 'vcf_kept': 0, 'vcf_synthetic': 0, 'sam_total': 74, 'sam_kept': 0, 'sam_synthetic': 0}
[04:12:50] [htsjdk_sam    ]     reset data/ + bug_reports/ + coverage_artifacts/ (seeds preserved — independent trials)
[04:12:50] [htsjdk_sam    ]     cmd: python harness_run.py --mode E3M --config biotest_config.rep3.yaml --phase B,C,E
[04:12:50] [htsjdk_sam    ]     budget: 5400s (host)
[04:12:50] [htsjdk_sam    ]     env: BIOTEST_MULTISHOT_K=2  BIOTEST_AUTO_INVOKE_PUBLIC_METHODS=1 (refine round 4)
[04:28:10] [htsjdk_sam    ]     rep 3 exit=0 elapsed=920s
[04:28:13] [htsjdk_sam    ]     -> line=26.40% covered=1361/5154 status=ok seeds_after={'vcf_total': 33, 'vcf_kept': 0, 'vcf_synthetic': 0, 'sam_total': 74, 'sam_kept': 0, 'sam_synthetic': 0}
[04:28:13] [htsjdk_sam    ] === cascade complete (4 reps) ===
