[07:27:33] [htsjdk_sam    ] === cascade start (host, max_iter=2) ===
[07:27:33] [htsjdk_sam    ]     initial seeds: VCF=33  SAM=74
[07:27:33] [htsjdk_sam    ] --- rep 0 ---
[07:27:33] [htsjdk_sam    ]     seeds entering rep: {'vcf_total': 33, 'vcf_kept': 0, 'vcf_synthetic': 0, 'sam_total': 74, 'sam_kept': 0, 'sam_synthetic': 0}
[07:27:33] [htsjdk_sam    ]     reset data/ + bug_reports/ (seeds + coverage_artifacts preserved — cumulative cascade)
[07:27:33] [htsjdk_sam    ]     cmd: python harness_run.py --mode E1M --config biotest_config.rep0.yaml --phase D,E
[07:27:33] [htsjdk_sam    ]     budget: 5400s (host)
[07:27:33] [htsjdk_sam    ]     env: BIOTEST_MULTISHOT_K=2  BIOTEST_AUTO_INVOKE_PUBLIC_METHODS=1 (refine round 4)
[08:57:33] [htsjdk_sam    ]     timeout after 5400s — sending CTRL_BREAK_EVENT (graceful)
[08:57:33] [htsjdk_sam    ]     rep 0 exit=3221225786 elapsed=5400s
[08:57:36] [htsjdk_sam    ]     -> line=27.70% covered=1426/5154 status=ok seeds_after={'vcf_total': 33, 'vcf_kept': 0, 'vcf_synthetic': 0, 'sam_total': 489, 'sam_kept': 410, 'sam_synthetic': 5}
[08:57:36] [htsjdk_sam    ] --- rep 1 ---
[08:57:36] [htsjdk_sam    ]     seeds entering rep: {'vcf_total': 33, 'vcf_kept': 0, 'vcf_synthetic': 0, 'sam_total': 489, 'sam_kept': 410, 'sam_synthetic': 5}
[08:57:46] [htsjdk_sam    ]     reset data/ + bug_reports/ (seeds + coverage_artifacts preserved — cumulative cascade)
[08:57:46] [htsjdk_sam    ]     cmd: python harness_run.py --mode E1M --config biotest_config.rep1.yaml --phase D,E
[08:57:46] [htsjdk_sam    ]     budget: 5400s (host)
[08:57:46] [htsjdk_sam    ]     env: BIOTEST_MULTISHOT_K=2  BIOTEST_AUTO_INVOKE_PUBLIC_METHODS=1 (refine round 4)
[10:27:46] [htsjdk_sam    ]     timeout after 5400s — sending CTRL_BREAK_EVENT (graceful)
[10:27:46] [htsjdk_sam    ]     rep 1 exit=3221225786 elapsed=5400s
[10:27:49] [htsjdk_sam    ]     -> line=31.10% covered=1604/5154 status=ok seeds_after={'vcf_total': 33, 'vcf_kept': 0, 'vcf_synthetic': 0, 'sam_total': 956, 'sam_kept': 877, 'sam_synthetic': 5}
[10:27:49] [htsjdk_sam    ] --- rep 2 ---
[10:27:49] [htsjdk_sam    ]     seeds entering rep: {'vcf_total': 33, 'vcf_kept': 0, 'vcf_synthetic': 0, 'sam_total': 956, 'sam_kept': 877, 'sam_synthetic': 5}
[10:28:04] [htsjdk_sam    ]     reset data/ + bug_reports/ (seeds + coverage_artifacts preserved — cumulative cascade)
[10:28:04] [htsjdk_sam    ]     cmd: python harness_run.py --mode E1M --config biotest_config.rep2.yaml --phase D,E
[10:28:04] [htsjdk_sam    ]     budget: 5400s (host)
[10:28:04] [htsjdk_sam    ]     env: BIOTEST_MULTISHOT_K=2  BIOTEST_AUTO_INVOKE_PUBLIC_METHODS=1 (refine round 4)
[11:58:04] [htsjdk_sam    ]     timeout after 5400s — sending CTRL_BREAK_EVENT (graceful)
[11:58:04] [htsjdk_sam    ]     rep 2 exit=3221225786 elapsed=5400s
[11:58:07] [htsjdk_sam    ]     -> line=31.10% covered=1604/5154 status=ok seeds_after={'vcf_total': 33, 'vcf_kept': 0, 'vcf_synthetic': 0, 'sam_total': 1539, 'sam_kept': 1460, 'sam_synthetic': 5}
[11:58:07] [htsjdk_sam    ] === cascade complete (3 reps) ===
