[02:51:19] [vcfpy_vcf     ] === cascade start (host, max_iter=2) ===
[02:51:19] [vcfpy_vcf     ]     initial seeds: VCF=33  SAM=74
[02:51:19] [vcfpy_vcf     ] --- rep 0 ---
[02:51:19] [vcfpy_vcf     ]     seeds entering rep: {'vcf_total': 33, 'vcf_kept': 0, 'vcf_synthetic': 0, 'sam_total': 74, 'sam_kept': 0, 'sam_synthetic': 0}
[02:51:19] [vcfpy_vcf     ]     reset data/ + bug_reports/ + coverage_artifacts/ (seeds preserved — independent trials)
[02:51:19] [vcfpy_vcf     ]     cmd: python harness_run.py --mode E3M --config biotest_config.rep0.yaml --phase B,C,E
[02:51:19] [vcfpy_vcf     ]     budget: 5400s (host)
[03:23:38] [vcfpy_vcf     ]     rep 0 exit=0 elapsed=1939s
[03:23:39] [vcfpy_vcf     ]     -> line=64.00% covered=753/1176 status=ok seeds_after={'vcf_total': 33, 'vcf_kept': 0, 'vcf_synthetic': 0, 'sam_total': 74, 'sam_kept': 0, 'sam_synthetic': 0}
[03:23:39] [vcfpy_vcf     ] --- rep 1 ---
[03:23:39] [vcfpy_vcf     ]     seeds entering rep: {'vcf_total': 33, 'vcf_kept': 0, 'vcf_synthetic': 0, 'sam_total': 74, 'sam_kept': 0, 'sam_synthetic': 0}
[03:23:42] [vcfpy_vcf     ]     reset data/ + bug_reports/ + coverage_artifacts/ (seeds preserved — independent trials)
[03:23:42] [vcfpy_vcf     ]     cmd: python harness_run.py --mode E3M --config biotest_config.rep1.yaml --phase B,C,E
[03:23:42] [vcfpy_vcf     ]     budget: 5400s (host)
[03:48:08] [vcfpy_vcf     ]     rep 1 exit=0 elapsed=1467s
[03:48:09] [vcfpy_vcf     ]     -> line=63.40% covered=746/1176 status=ok seeds_after={'vcf_total': 33, 'vcf_kept': 0, 'vcf_synthetic': 0, 'sam_total': 74, 'sam_kept': 0, 'sam_synthetic': 0}
[03:48:09] [vcfpy_vcf     ] --- rep 2 ---
[03:48:09] [vcfpy_vcf     ]     seeds entering rep: {'vcf_total': 33, 'vcf_kept': 0, 'vcf_synthetic': 0, 'sam_total': 74, 'sam_kept': 0, 'sam_synthetic': 0}
[03:48:10] [vcfpy_vcf     ]     reset data/ + bug_reports/ + coverage_artifacts/ (seeds preserved — independent trials)
[03:48:10] [vcfpy_vcf     ]     cmd: python harness_run.py --mode E3M --config biotest_config.rep2.yaml --phase B,C,E
[03:48:10] [vcfpy_vcf     ]     budget: 5400s (host)
[03:59:03] [vcfpy_vcf     ]     rep 2 exit=1 elapsed=653s
[03:59:04] [vcfpy_vcf     ]     -> line=31.90% covered=375/1176 status=ok seeds_after={'vcf_total': 33, 'vcf_kept': 0, 'vcf_synthetic': 0, 'sam_total': 74, 'sam_kept': 0, 'sam_synthetic': 0}
[03:59:04] [vcfpy_vcf     ] --- rep 3 ---
[03:59:04] [vcfpy_vcf     ]     seeds entering rep: {'vcf_total': 33, 'vcf_kept': 0, 'vcf_synthetic': 0, 'sam_total': 74, 'sam_kept': 0, 'sam_synthetic': 0}
[03:59:04] [vcfpy_vcf     ]     reset data/ + bug_reports/ + coverage_artifacts/ (seeds preserved — independent trials)
[03:59:04] [vcfpy_vcf     ]     cmd: python harness_run.py --mode E3M --config biotest_config.rep3.yaml --phase B,C,E
[03:59:04] [vcfpy_vcf     ]     budget: 5400s (host)
[04:31:56] [vcfpy_vcf     ]     rep 3 exit=0 elapsed=1971s
[04:31:56] [vcfpy_vcf     ]     -> line=62.80% covered=739/1176 status=ok seeds_after={'vcf_total': 33, 'vcf_kept': 0, 'vcf_synthetic': 0, 'sam_total': 74, 'sam_kept': 0, 'sam_synthetic': 0}
[04:31:56] [vcfpy_vcf     ] === cascade complete (4 reps) ===
