[master] cells: ['htsjdk_vcf', 'vcfpy_vcf', 'noodles_vcf', 'htsjdk_sam', 'biopython_sam']
[master] budgets: vcf=5400s sam=5400s reps=3
[setup] preparing container cov binaries...
[master] cells: ['seqan3_sam']
[master] budgets: vcf=5400s sam=5400s reps=3
[setup] preparing container cov binaries...
[setup] container cov binaries ready
[master] launching 1 cells in parallel...
[master] cumulative=True
[setup] container cov binaries ready
[master] launching 5 cells in parallel...
[master] cumulative=True
[master] [noodles_vcf] CASCADE OK
[master] [vcfpy_vcf] CASCADE OK
[master] [seqan3_sam] CASCADE OK

[master] all cells complete in 238.1 min
[master] [biopython_sam] CASCADE OK
[master] [htsjdk_vcf] CASCADE OK
[master] [htsjdk_sam] CASCADE OK

[master] all cells complete in 270.6 min
