[07:27:33] [biopython_sam ] === cascade start (host, max_iter=2) ===
[07:27:33] [biopython_sam ]     initial seeds: VCF=33  SAM=74
[07:27:33] [biopython_sam ] --- rep 0 ---
[07:27:33] [biopython_sam ]     seeds entering rep: {'vcf_total': 33, 'vcf_kept': 0, 'vcf_synthetic': 0, 'sam_total': 74, 'sam_kept': 0, 'sam_synthetic': 0}
[07:27:33] [biopython_sam ]     reset data/ + bug_reports/ (seeds + coverage_artifacts preserved — cumulative cascade)
[07:27:33] [biopython_sam ]     cmd: python harness_run.py --mode E1M --config biotest_config.rep0.yaml --phase D,E
[07:27:33] [biopython_sam ]     budget: 5400s (host)
[07:27:33] [biopython_sam ]     env: BIOTEST_MULTISHOT_K=2  BIOTEST_AUTO_INVOKE_PUBLIC_METHODS=1 (refine round 4)
[08:47:41] [biopython_sam ]     rep 0 exit=0 elapsed=4808s
[08:47:42] [biopython_sam ]     -> line=54.20% covered=324/598 status=ok seeds_after={'vcf_total': 33, 'vcf_kept': 0, 'vcf_synthetic': 0, 'sam_total': 174, 'sam_kept': 100, 'sam_synthetic': 0}
[08:47:42] [biopython_sam ] --- rep 1 ---
[08:47:42] [biopython_sam ]     seeds entering rep: {'vcf_total': 33, 'vcf_kept': 0, 'vcf_synthetic': 0, 'sam_total': 174, 'sam_kept': 100, 'sam_synthetic': 0}
[08:47:47] [biopython_sam ]     reset data/ + bug_reports/ (seeds + coverage_artifacts preserved — cumulative cascade)
[08:47:47] [biopython_sam ]     cmd: python harness_run.py --mode E1M --config biotest_config.rep1.yaml --phase D,E
[08:47:47] [biopython_sam ]     budget: 5400s (host)
[08:47:47] [biopython_sam ]     env: BIOTEST_MULTISHOT_K=2  BIOTEST_AUTO_INVOKE_PUBLIC_METHODS=1 (refine round 4)
[10:09:17] [biopython_sam ]     rep 1 exit=0 elapsed=4890s
[10:09:18] [biopython_sam ]     -> line=52.50% covered=314/598 status=ok seeds_after={'vcf_total': 33, 'vcf_kept': 0, 'vcf_synthetic': 0, 'sam_total': 338, 'sam_kept': 264, 'sam_synthetic': 0}
[10:09:18] [biopython_sam ] --- rep 2 ---
[10:09:18] [biopython_sam ]     seeds entering rep: {'vcf_total': 33, 'vcf_kept': 0, 'vcf_synthetic': 0, 'sam_total': 338, 'sam_kept': 264, 'sam_synthetic': 0}
[10:09:19] [biopython_sam ]     reset data/ + bug_reports/ (seeds + coverage_artifacts preserved — cumulative cascade)
[10:09:19] [biopython_sam ]     cmd: python harness_run.py --mode E1M --config biotest_config.rep2.yaml --phase D,E
[10:09:19] [biopython_sam ]     budget: 5400s (host)
[10:09:19] [biopython_sam ]     env: BIOTEST_MULTISHOT_K=2  BIOTEST_AUTO_INVOKE_PUBLIC_METHODS=1 (refine round 4)
[11:31:25] [biopython_sam ]     rep 2 exit=0 elapsed=4926s
[11:31:26] [biopython_sam ]     -> line=52.50% covered=314/598 status=ok seeds_after={'vcf_total': 33, 'vcf_kept': 0, 'vcf_synthetic': 0, 'sam_total': 532, 'sam_kept': 458, 'sam_synthetic': 0}
[11:31:26] [biopython_sam ] === cascade complete (3 reps) ===
