[02:51:18] [htsjdk_vcf    ] === cascade start (host, max_iter=2) ===
[02:51:18] [htsjdk_vcf    ]     initial seeds: VCF=33  SAM=74
[02:51:18] [htsjdk_vcf    ] --- rep 0 ---
[02:51:18] [htsjdk_vcf    ]     seeds entering rep: {'vcf_total': 33, 'vcf_kept': 0, 'vcf_synthetic': 0, 'sam_total': 74, 'sam_kept': 0, 'sam_synthetic': 0}
[02:51:18] [htsjdk_vcf    ]     reset data/ + bug_reports/ (seeds + coverage_artifacts preserved — cumulative cascade)
[02:51:18] [htsjdk_vcf    ]     cmd: python harness_run.py --mode E1M --config biotest_config.rep0.yaml --phase D,E
[02:51:18] [htsjdk_vcf    ]     budget: 5400s (host)
[04:21:18] [htsjdk_vcf    ]     timeout after 5400s — sending CTRL_BREAK_EVENT (graceful)
[04:21:18] [htsjdk_vcf    ]     rep 0 exit=3221225786 elapsed=5400s
[04:21:21] [htsjdk_vcf    ]     -> line=47.60% covered=1770/3716 status=ok seeds_after={'vcf_total': 223, 'vcf_kept': 180, 'vcf_synthetic': 10, 'sam_total': 74, 'sam_kept': 0, 'sam_synthetic': 0}
[04:21:21] [htsjdk_vcf    ] --- rep 1 ---
[04:21:21] [htsjdk_vcf    ]     seeds entering rep: {'vcf_total': 223, 'vcf_kept': 180, 'vcf_synthetic': 10, 'sam_total': 74, 'sam_kept': 0, 'sam_synthetic': 0}
[04:21:24] [htsjdk_vcf    ]     reset data/ + bug_reports/ (seeds + coverage_artifacts preserved — cumulative cascade)
[04:21:24] [htsjdk_vcf    ]     cmd: python harness_run.py --mode E1M --config biotest_config.rep1.yaml --phase D,E
[04:21:24] [htsjdk_vcf    ]     budget: 5400s (host)
[05:51:24] [htsjdk_vcf    ]     timeout after 5400s — sending CTRL_BREAK_EVENT (graceful)
[05:51:24] [htsjdk_vcf    ]     rep 1 exit=3221225786 elapsed=5400s
[05:51:27] [htsjdk_vcf    ]     -> line=47.70% covered=1774/3716 status=ok seeds_after={'vcf_total': 581, 'vcf_kept': 531, 'vcf_synthetic': 17, 'sam_total': 74, 'sam_kept': 0, 'sam_synthetic': 0}
[05:51:27] [htsjdk_vcf    ] --- rep 2 ---
[05:51:27] [htsjdk_vcf    ]     seeds entering rep: {'vcf_total': 581, 'vcf_kept': 531, 'vcf_synthetic': 17, 'sam_total': 74, 'sam_kept': 0, 'sam_synthetic': 0}
[05:51:28] [htsjdk_vcf    ]     reset data/ + bug_reports/ (seeds + coverage_artifacts preserved — cumulative cascade)
[05:51:28] [htsjdk_vcf    ]     cmd: python harness_run.py --mode E1M --config biotest_config.rep2.yaml --phase D,E
[05:51:28] [htsjdk_vcf    ]     budget: 5400s (host)
[07:21:28] [htsjdk_vcf    ]     timeout after 5400s — sending CTRL_BREAK_EVENT (graceful)
[07:21:29] [htsjdk_vcf    ]     rep 2 exit=3221225786 elapsed=5400s
[07:21:31] [htsjdk_vcf    ]     -> line=47.80% covered=1775/3716 status=ok seeds_after={'vcf_total': 996, 'vcf_kept': 936, 'vcf_synthetic': 27, 'sam_total': 74, 'sam_kept': 0, 'sam_synthetic': 0}
[07:21:31] [htsjdk_vcf    ] === cascade complete (3 reps) ===
