[02:51:19] [noodles_vcf   ] === cascade start (container, max_iter=2) ===
[02:51:19] [noodles_vcf   ]     initial seeds: VCF=33  SAM=74
[02:51:19] [noodles_vcf   ] --- rep 0 ---
[02:51:19] [noodles_vcf   ]     seeds entering rep: {'vcf_total': 33, 'vcf_kept': 0, 'vcf_synthetic': 0, 'sam_total': 74, 'sam_kept': 0, 'sam_synthetic': 0}
[02:51:19] [noodles_vcf   ]     reset data/ + bug_reports/ + coverage_artifacts/ (seeds preserved — independent trials)
[02:51:19] [noodles_vcf   ]     cmd: docker exec biotest-bench-setup python3.12 harness_run.py --mode E3M ...
[02:51:19] [noodles_vcf   ]     budget: 5400s (container)
[03:00:14] [noodles_vcf   ]     rep 0 exit=0 elapsed=535s
[03:00:17] [noodles_vcf   ]     -> line=11.40% covered=862/7584 status=ok seeds_after={'vcf_total': 33, 'vcf_kept': 0, 'vcf_synthetic': 0, 'sam_total': 74, 'sam_kept': 0, 'sam_synthetic': 0}
[03:00:17] [noodles_vcf   ] --- rep 1 ---
[03:00:17] [noodles_vcf   ]     seeds entering rep: {'vcf_total': 33, 'vcf_kept': 0, 'vcf_synthetic': 0, 'sam_total': 74, 'sam_kept': 0, 'sam_synthetic': 0}
[03:00:17] [noodles_vcf   ]     reset data/ + bug_reports/ + coverage_artifacts/ (seeds preserved — independent trials)
[03:00:17] [noodles_vcf   ]     cmd: docker exec biotest-bench-setup python3.12 harness_run.py --mode E3M ...
[03:00:17] [noodles_vcf   ]     budget: 5400s (container)
[03:13:15] [noodles_vcf   ]     rep 1 exit=0 elapsed=778s
[03:13:20] [noodles_vcf   ]     -> line=11.40% covered=862/7584 status=ok seeds_after={'vcf_total': 33, 'vcf_kept': 0, 'vcf_synthetic': 0, 'sam_total': 74, 'sam_kept': 0, 'sam_synthetic': 0}
[03:13:20] [noodles_vcf   ] --- rep 2 ---
[03:13:20] [noodles_vcf   ]     seeds entering rep: {'vcf_total': 33, 'vcf_kept': 0, 'vcf_synthetic': 0, 'sam_total': 74, 'sam_kept': 0, 'sam_synthetic': 0}
[03:13:20] [noodles_vcf   ]     reset data/ + bug_reports/ + coverage_artifacts/ (seeds preserved — independent trials)
[03:13:20] [noodles_vcf   ]     cmd: docker exec biotest-bench-setup python3.12 harness_run.py --mode E3M ...
[03:13:20] [noodles_vcf   ]     budget: 5400s (container)
[03:24:26] [noodles_vcf   ]     rep 2 exit=0 elapsed=666s
[03:24:35] [noodles_vcf   ]     -> line=12.60% covered=954/7584 status=ok seeds_after={'vcf_total': 33, 'vcf_kept': 0, 'vcf_synthetic': 0, 'sam_total': 74, 'sam_kept': 0, 'sam_synthetic': 0}
[03:24:35] [noodles_vcf   ] --- rep 3 ---
[03:24:35] [noodles_vcf   ]     seeds entering rep: {'vcf_total': 33, 'vcf_kept': 0, 'vcf_synthetic': 0, 'sam_total': 74, 'sam_kept': 0, 'sam_synthetic': 0}
[03:24:35] [noodles_vcf   ]     reset data/ + bug_reports/ + coverage_artifacts/ (seeds preserved — independent trials)
[03:24:35] [noodles_vcf   ]     cmd: docker exec biotest-bench-setup python3.12 harness_run.py --mode E3M ...
[03:24:35] [noodles_vcf   ]     budget: 5400s (container)
[03:35:15] [noodles_vcf   ]     rep 3 exit=0 elapsed=640s
[03:35:20] [noodles_vcf   ]     -> line=12.60% covered=952/7584 status=ok seeds_after={'vcf_total': 33, 'vcf_kept': 0, 'vcf_synthetic': 0, 'sam_total': 74, 'sam_kept': 0, 'sam_synthetic': 0}
[03:35:20] [noodles_vcf   ] === cascade complete (4 reps) ===
