[07:27:33] [seqan3_sam    ] === cascade start (container, max_iter=2) ===
[07:27:33] [seqan3_sam    ]     initial seeds: VCF=33  SAM=74
[07:27:33] [seqan3_sam    ] --- rep 0 ---
[07:27:33] [seqan3_sam    ]     seeds entering rep: {'vcf_total': 33, 'vcf_kept': 0, 'vcf_synthetic': 0, 'sam_total': 74, 'sam_kept': 0, 'sam_synthetic': 0}
[07:27:33] [seqan3_sam    ]     reset data/ + bug_reports/ (seeds + coverage_artifacts preserved — cumulative cascade)
[07:27:33] [seqan3_sam    ]     env (container): BIOTEST_MULTISHOT_K=2 (refine round 4)
[07:27:33] [seqan3_sam    ]     cmd: docker exec biotest-bench-setup python3.12 harness_run.py --mode E1M ...
[07:27:33] [seqan3_sam    ]     budget: 5400s (container)
[08:42:55] [seqan3_sam    ]     rep 0 exit=0 elapsed=4523s
[08:43:00] [seqan3_sam    ]     -> line=94.70% covered=762/805 status=ok seeds_after={'vcf_total': 33, 'vcf_kept': 0, 'vcf_synthetic': 0, 'sam_total': 999, 'sam_kept': 920, 'sam_synthetic': 5}
[08:43:00] [seqan3_sam    ] --- rep 1 ---
[08:43:00] [seqan3_sam    ]     seeds entering rep: {'vcf_total': 33, 'vcf_kept': 0, 'vcf_synthetic': 0, 'sam_total': 999, 'sam_kept': 920, 'sam_synthetic': 5}
[08:43:12] [seqan3_sam    ]     reset data/ + bug_reports/ (seeds + coverage_artifacts preserved — cumulative cascade)
[08:43:12] [seqan3_sam    ]     env (container): BIOTEST_MULTISHOT_K=2 (refine round 4)
[08:43:12] [seqan3_sam    ]     cmd: docker exec biotest-bench-setup python3.12 harness_run.py --mode E1M ...
[08:43:12] [seqan3_sam    ]     budget: 5400s (container)
[10:20:31] [seqan3_sam    ]     rep 1 exit=0 elapsed=5839s
[10:20:36] [seqan3_sam    ]     -> line=94.70% covered=762/805 status=ok seeds_after={'vcf_total': 33, 'vcf_kept': 0, 'vcf_synthetic': 0, 'sam_total': 1977, 'sam_kept': 1898, 'sam_synthetic': 5}
[10:20:36] [seqan3_sam    ] --- rep 2 ---
[10:20:36] [seqan3_sam    ]     seeds entering rep: {'vcf_total': 33, 'vcf_kept': 0, 'vcf_synthetic': 0, 'sam_total': 1977, 'sam_kept': 1898, 'sam_synthetic': 5}
[10:21:06] [seqan3_sam    ]     reset data/ + bug_reports/ (seeds + coverage_artifacts preserved — cumulative cascade)
[10:21:06] [seqan3_sam    ]     env (container): BIOTEST_MULTISHOT_K=2 (refine round 4)
[10:21:06] [seqan3_sam    ]     cmd: docker exec biotest-bench-setup python3.12 harness_run.py --mode E1M ...
[10:21:06] [seqan3_sam    ]     budget: 5400s (container)
[11:25:34] [seqan3_sam    ]     rep 2 exit=0 elapsed=3868s
[11:25:39] [seqan3_sam    ]     -> line=92.90% covered=748/805 status=ok seeds_after={'vcf_total': 33, 'vcf_kept': 0, 'vcf_synthetic': 0, 'sam_total': 2084, 'sam_kept': 2000, 'sam_synthetic': 10}
[11:25:39] [seqan3_sam    ] === cascade complete (3 reps) ===
